WARNING: package sun.awt.X11 not in java.desktop
WARNING: package sun.awt.X11 not in java.desktop
ECR CHECK PASSED: association weighting, miss/opportunity reset, continuous bound, unchanged negative correction and spatial density, one/equal-age identity, source exclusion, censor, packet, exact local-update and ER parity.
STABLE MARKED CHECK PASSED: exact prior-adapter state/W parity, original unity/empty diagnostic parity, unchanged scalar Bayes, exact original fusion-object and record parity for all five arms.
SELECTIVE CHECK PASSED: scalar identity, gated increments, conservative fallback, stale resets, numerical ties, exclusion, censor, spatial parity, association and mark endpoints, 224 B packet round trip.
START SELECTIVE 0007 reliable marked_selective 221 frames
DONE SELECTIVE 0007 reliable marked_selective OSPA 3.064285 runtime 27.09s
START SELECTIVE 0007 reliable marked_selective_no_history 221 frames
DONE SELECTIVE 0007 reliable marked_selective_no_history OSPA 3.108707 runtime 24.75s
START SELECTIVE 0007 reliable marked_selective_no_mark 221 frames
DONE SELECTIVE 0007 reliable marked_selective_no_mark OSPA 3.576365 runtime 21.74s
START SELECTIVE 0007 reliable marked_selective_signed 221 frames
DONE SELECTIVE 0007 reliable marked_selective_signed OSPA 3.091757 runtime 22.80s
START SELECTIVE 0007 intermittent marked_selective 221 frames
DONE SELECTIVE 0007 intermittent marked_selective OSPA 3.626479 runtime 20.18s
START SELECTIVE 0007 intermittent marked_selective_no_history 221 frames
DONE SELECTIVE 0007 intermittent marked_selective_no_history OSPA 3.715180 runtime 22.02s
START SELECTIVE 0007 intermittent marked_selective_no_mark 221 frames
DONE SELECTIVE 0007 intermittent marked_selective_no_mark OSPA 4.043356 runtime 14.25s
START SELECTIVE 0007 intermittent marked_selective_signed 221 frames
DONE SELECTIVE 0007 intermittent marked_selective_signed OSPA 3.629606 runtime 17.32s
COMPLETED SELECTIVE indices 7--7 cohort=development
