WARNING: package sun.awt.X11 not in java.desktop
WARNING: package sun.awt.X11 not in java.desktop
ECR CHECK PASSED: association weighting, miss/opportunity reset, continuous bound, unchanged negative correction and spatial density, one/equal-age identity, source exclusion, censor, packet, exact local-update and ER parity.
STABLE MARKED CHECK PASSED: exact prior-adapter state/W parity, original unity/empty diagnostic parity, unchanged scalar Bayes, exact original fusion-object and record parity for all five arms.
SELECTIVE CHECK PASSED: scalar identity, gated increments, conservative fallback, stale resets, numerical ties, exclusion, censor, spatial parity, association and mark endpoints, 224 B packet round trip.
START SELECTIVE 0001 reliable marked_selective 114 frames
DONE SELECTIVE 0001 reliable marked_selective OSPA 4.115244 runtime 4.96s
START SELECTIVE 0001 reliable marked_selective_no_history 114 frames
DONE SELECTIVE 0001 reliable marked_selective_no_history OSPA 4.591692 runtime 2.02s
START SELECTIVE 0001 reliable marked_selective_no_mark 114 frames
DONE SELECTIVE 0001 reliable marked_selective_no_mark OSPA 5.824428 runtime 1.47s
START SELECTIVE 0001 reliable marked_selective_signed 114 frames
DONE SELECTIVE 0001 reliable marked_selective_signed OSPA 4.048095 runtime 1.48s
START SELECTIVE 0001 intermittent marked_selective 114 frames
DONE SELECTIVE 0001 intermittent marked_selective OSPA 4.673728 runtime 1.54s
START SELECTIVE 0001 intermittent marked_selective_no_history 114 frames
DONE SELECTIVE 0001 intermittent marked_selective_no_history OSPA 4.936890 runtime 1.25s
START SELECTIVE 0001 intermittent marked_selective_no_mark 114 frames
DONE SELECTIVE 0001 intermittent marked_selective_no_mark OSPA 6.150019 runtime 1.27s
START SELECTIVE 0001 intermittent marked_selective_signed 114 frames
DONE SELECTIVE 0001 intermittent marked_selective_signed OSPA 4.606584 runtime 1.17s
COMPLETED SELECTIVE indices 1--1 cohort=development
