WARNING: package sun.awt.X11 not in java.desktop
WARNING: package sun.awt.X11 not in java.desktop
ECR CHECK PASSED: association weighting, miss/opportunity reset, continuous bound, unchanged negative correction and spatial density, one/equal-age identity, source exclusion, censor, packet, exact local-update and ER parity.
STABLE MARKED CHECK PASSED: exact prior-adapter state/W parity, original unity/empty diagnostic parity, unchanged scalar Bayes, exact original fusion-object and record parity for all five arms.
SELECTIVE CHECK PASSED: scalar identity, gated increments, conservative fallback, stale resets, numerical ties, exclusion, censor, spatial parity, association and mark endpoints, 224 B packet round trip.
START SELECTIVE 0003 reliable marked_selective 198 frames
DONE SELECTIVE 0003 reliable marked_selective OSPA 6.228541 runtime 17.72s
START SELECTIVE 0003 reliable marked_selective_no_history 198 frames
DONE SELECTIVE 0003 reliable marked_selective_no_history OSPA 6.292947 runtime 14.65s
START SELECTIVE 0003 reliable marked_selective_no_mark 198 frames
DONE SELECTIVE 0003 reliable marked_selective_no_mark OSPA 6.661028 runtime 11.68s
START SELECTIVE 0003 reliable marked_selective_signed 198 frames
DONE SELECTIVE 0003 reliable marked_selective_signed OSPA 6.199304 runtime 13.55s
START SELECTIVE 0003 intermittent marked_selective 198 frames
DONE SELECTIVE 0003 intermittent marked_selective OSPA 6.665817 runtime 12.55s
START SELECTIVE 0003 intermittent marked_selective_no_history 198 frames
DONE SELECTIVE 0003 intermittent marked_selective_no_history OSPA 6.786217 runtime 11.96s
START SELECTIVE 0003 intermittent marked_selective_no_mark 198 frames
DONE SELECTIVE 0003 intermittent marked_selective_no_mark OSPA 6.907187 runtime 10.40s
START SELECTIVE 0003 intermittent marked_selective_signed 198 frames
DONE SELECTIVE 0003 intermittent marked_selective_signed OSPA 6.677193 runtime 11.15s
COMPLETED SELECTIVE indices 3--3 cohort=development
