WARNING: package sun.awt.X11 not in java.desktop
WARNING: package sun.awt.X11 not in java.desktop
ECR CHECK PASSED: association weighting, miss/opportunity reset, continuous bound, unchanged negative correction and spatial density, one/equal-age identity, source exclusion, censor, packet, exact local-update and ER parity.
STABLE MARKED CHECK PASSED: exact prior-adapter state/W parity, original unity/empty diagnostic parity, unchanged scalar Bayes, exact original fusion-object and record parity for all five arms.
SELECTIVE CHECK PASSED: scalar identity, gated increments, conservative fallback, stale resets, numerical ties, exclusion, censor, spatial parity, association and mark endpoints, 224 B packet round trip.
START SELECTIVE 0005 reliable marked_selective 310 frames
DONE SELECTIVE 0005 reliable marked_selective OSPA 4.689309 runtime 33.14s
START SELECTIVE 0005 reliable marked_selective_no_history 310 frames
DONE SELECTIVE 0005 reliable marked_selective_no_history OSPA 4.640591 runtime 32.71s
START SELECTIVE 0005 reliable marked_selective_no_mark 310 frames
DONE SELECTIVE 0005 reliable marked_selective_no_mark OSPA 4.676974 runtime 29.62s
START SELECTIVE 0005 reliable marked_selective_signed 310 frames
DONE SELECTIVE 0005 reliable marked_selective_signed OSPA 4.654307 runtime 34.15s
START SELECTIVE 0005 intermittent marked_selective 310 frames
DONE SELECTIVE 0005 intermittent marked_selective OSPA 5.076903 runtime 29.68s
START SELECTIVE 0005 intermittent marked_selective_no_history 310 frames
DONE SELECTIVE 0005 intermittent marked_selective_no_history OSPA 5.045291 runtime 31.40s
START SELECTIVE 0005 intermittent marked_selective_no_mark 310 frames
DONE SELECTIVE 0005 intermittent marked_selective_no_mark OSPA 5.098632 runtime 30.16s
START SELECTIVE 0005 intermittent marked_selective_signed 310 frames
DONE SELECTIVE 0005 intermittent marked_selective_signed OSPA 5.077045 runtime 32.78s
COMPLETED SELECTIVE indices 5--5 cohort=development
