WARNING: package sun.awt.X11 not in java.desktop
WARNING: package sun.awt.X11 not in java.desktop
ECR CHECK PASSED: association weighting, miss/opportunity reset, continuous bound, unchanged negative correction and spatial density, one/equal-age identity, source exclusion, censor, packet, exact local-update and ER parity.
STABLE MARKED CHECK PASSED: exact prior-adapter state/W parity, original unity/empty diagnostic parity, unchanged scalar Bayes, exact original fusion-object and record parity for all five arms.
SELECTIVE CHECK PASSED: scalar identity, gated increments, conservative fallback, stale resets, numerical ties, exclusion, censor, spatial parity, association and mark endpoints, 224 B packet round trip.
START SELECTIVE 0002 reliable marked_selective 144 frames
DONE SELECTIVE 0002 reliable marked_selective OSPA 3.931700 runtime 4.85s
START SELECTIVE 0002 reliable marked_selective_no_history 144 frames
DONE SELECTIVE 0002 reliable marked_selective_no_history OSPA 3.772326 runtime 1.97s
START SELECTIVE 0002 reliable marked_selective_no_mark 144 frames
DONE SELECTIVE 0002 reliable marked_selective_no_mark OSPA 4.409752 runtime 1.54s
START SELECTIVE 0002 reliable marked_selective_signed 144 frames
DONE SELECTIVE 0002 reliable marked_selective_signed OSPA 3.931698 runtime 1.40s
START SELECTIVE 0002 intermittent marked_selective 144 frames
DONE SELECTIVE 0002 intermittent marked_selective OSPA 4.017624 runtime 1.72s
START SELECTIVE 0002 intermittent marked_selective_no_history 144 frames
DONE SELECTIVE 0002 intermittent marked_selective_no_history OSPA 3.857434 runtime 1.20s
START SELECTIVE 0002 intermittent marked_selective_no_mark 144 frames
DONE SELECTIVE 0002 intermittent marked_selective_no_mark OSPA 4.329400 runtime 1.35s
START SELECTIVE 0002 intermittent marked_selective_signed 144 frames
DONE SELECTIVE 0002 intermittent marked_selective_signed OSPA 4.017624 runtime 1.20s
COMPLETED SELECTIVE indices 2--2 cohort=development
