WARNING: package sun.awt.X11 not in java.desktop
WARNING: package sun.awt.X11 not in java.desktop
ECR CHECK PASSED: association weighting, miss/opportunity reset, continuous bound, unchanged negative correction and spatial density, one/equal-age identity, source exclusion, censor, packet, exact local-update and ER parity.
STABLE MARKED CHECK PASSED: exact prior-adapter state/W parity, original unity/empty diagnostic parity, unchanged scalar Bayes, exact original fusion-object and record parity for all five arms.
SELECTIVE CHECK PASSED: scalar identity, gated increments, conservative fallback, stale resets, numerical ties, exclusion, censor, spatial parity, association and mark endpoints, 224 B packet round trip.
START SELECTIVE 0008 reliable marked_selective 375 frames
DONE SELECTIVE 0008 reliable marked_selective OSPA 0.818200 runtime 33.23s
START SELECTIVE 0008 reliable marked_selective_no_history 375 frames
DONE SELECTIVE 0008 reliable marked_selective_no_history OSPA 0.818203 runtime 33.84s
START SELECTIVE 0008 reliable marked_selective_no_mark 375 frames
DONE SELECTIVE 0008 reliable marked_selective_no_mark OSPA 0.810983 runtime 35.05s
START SELECTIVE 0008 reliable marked_selective_signed 375 frames
DONE SELECTIVE 0008 reliable marked_selective_signed OSPA 0.821555 runtime 30.27s
START SELECTIVE 0008 intermittent marked_selective 375 frames
DONE SELECTIVE 0008 intermittent marked_selective OSPA 0.965426 runtime 28.83s
START SELECTIVE 0008 intermittent marked_selective_no_history 375 frames
DONE SELECTIVE 0008 intermittent marked_selective_no_history OSPA 0.968666 runtime 29.91s
START SELECTIVE 0008 intermittent marked_selective_no_mark 375 frames
DONE SELECTIVE 0008 intermittent marked_selective_no_mark OSPA 0.955570 runtime 26.91s
START SELECTIVE 0008 intermittent marked_selective_signed 375 frames
DONE SELECTIVE 0008 intermittent marked_selective_signed OSPA 0.968782 runtime 19.03s
COMPLETED SELECTIVE indices 8--8 cohort=development
