JE AUDITED 0000 reliable 882 node-frames; ER parity 294
JE AUDITED 0000 intermittent 1764 node-frames; ER parity 588
JE AUDITED 0001 reliable 2448 node-frames; ER parity 816
JE AUDITED 0001 intermittent 3132 node-frames; ER parity 1044
JE AUDITED 0002 reliable 3996 node-frames; ER parity 1332
JE AUDITED 0002 intermittent 4860 node-frames; ER parity 1620
reliable joint_evidence OSPA 5.54874 miss 19.219 false 37.014
reliable joint_evidence_recency OSPA 5.55458 miss 19.219 false 37.714
reliable qualified_exist OSPA 5.37798 miss 20.093 false 34.104
reliable lineage OSPA 4.81284 miss 21.997 false 24.173
reliable conservative_recency OSPA 4.46763 miss 21.994 false 19.051
reliable confirmation_recency OSPA 5.26249 miss 20.253 false 31.125
reliable mil_support OSPA 6.01819 miss 19.814 false 42.148
reliable tc_ospa2_w5 OSPA 7.1134 miss 19.445 false 61.859
reliable tc_ospa2_w10 OSPA 6.71656 miss 23.222 false 48.128
reliable local OSPA 7.74601 miss 51.212 false 39.987
intermittent joint_evidence OSPA 6.18678 miss 19.029 false 42.941
intermittent joint_evidence_recency OSPA 6.14761 miss 18.862 false 43.167
intermittent qualified_exist OSPA 5.73703 miss 19.653 false 39.705
intermittent lineage OSPA 5.62589 miss 21.805 false 31.98
intermittent conservative_recency OSPA 5.4149 miss 21.924 false 28.447
intermittent confirmation_recency OSPA 5.53975 miss 19.898 false 34.612
intermittent mil_support OSPA 6.07786 miss 18.171 false 47.949
intermittent tc_ospa2_w5 OSPA 6.75604 miss 28.666 false 53.56
intermittent tc_ospa2_w10 OSPA 6.60621 miss 32.172 false 43.874
intermittent local OSPA 7.74601 miss 51.212 false 39.987
JE DEVELOPMENT AUDIT PASSED 4860 node-frames; original ER parity 1620
