WARNING: package sun.awt.X11 not in java.desktop
WARNING: package sun.awt.X11 not in java.desktop
ECR CHECK PASSED: association weighting, miss/opportunity reset, continuous bound, unchanged negative correction and spatial density, one/equal-age identity, source exclusion, censor, packet, exact local-update and ER parity.
STABLE MARKED CHECK PASSED: exact prior-adapter state/W parity, original unity/empty diagnostic parity, unchanged scalar Bayes, exact original fusion-object and record parity for all five arms.
SELECTIVE CHECK PASSED: scalar identity, gated increments, conservative fallback, stale resets, numerical ties, exclusion, censor, spatial parity, association and mark endpoints, 224 B packet round trip.
ASYMMETRIC CHECK PASSED: both evidence signs, opposing scalar endpoints, zero-negative exact SI fallback, single-source/exclusion, stale reset, missed-likelihood contrast and native 232 B round trip.
SINGLE CHECK differences: r 2.6367796834847468e-15 mu 1.7763568394002505e-15 Sigma 0; new/old r 0 mu 0 Sigma 0
GAUSSIAN EVIDENCE CHECK PASSED: centralized Bernoulli Gaussian agreement/conflict, spatial and existence normalization, zero-gate/base and one-source behavior, curvature rejection, aggregate integrability fallback, and native 352 B round trip.
START GAUSSIAN EVIDENCE 0005 reliable marked_gaussian_evidence 310 frames
DONE GAUSSIAN EVIDENCE 0005 reliable marked_gaussian_evidence OSPA 4.586088 runtime 40.17s
START GAUSSIAN EVIDENCE 0005 reliable marked_gaussian_evidence_no_curvature 310 frames
DONE GAUSSIAN EVIDENCE 0005 reliable marked_gaussian_evidence_no_curvature OSPA 4.694695 runtime 37.67s
START GAUSSIAN EVIDENCE 0005 reliable marked_gaussian_evidence_no_history 310 frames
DONE GAUSSIAN EVIDENCE 0005 reliable marked_gaussian_evidence_no_history OSPA 4.550701 runtime 38.15s
START GAUSSIAN EVIDENCE 0005 reliable marked_gaussian_evidence_no_mark 310 frames
DONE GAUSSIAN EVIDENCE 0005 reliable marked_gaussian_evidence_no_mark OSPA 4.647097 runtime 42.36s
START GAUSSIAN EVIDENCE 0005 intermittent marked_gaussian_evidence 310 frames
DONE GAUSSIAN EVIDENCE 0005 intermittent marked_gaussian_evidence OSPA 5.011448 runtime 36.85s
START GAUSSIAN EVIDENCE 0005 intermittent marked_gaussian_evidence_no_curvature 310 frames
DONE GAUSSIAN EVIDENCE 0005 intermittent marked_gaussian_evidence_no_curvature OSPA 5.005076 runtime 36.96s
START GAUSSIAN EVIDENCE 0005 intermittent marked_gaussian_evidence_no_history 310 frames
DONE GAUSSIAN EVIDENCE 0005 intermittent marked_gaussian_evidence_no_history OSPA 4.987922 runtime 39.46s
START GAUSSIAN EVIDENCE 0005 intermittent marked_gaussian_evidence_no_mark 310 frames
DONE GAUSSIAN EVIDENCE 0005 intermittent marked_gaussian_evidence_no_mark OSPA 5.004263 runtime 40.78s
COMPLETED GAUSSIAN EVIDENCE indices 5--5 cohort=development
