WARNING: package sun.awt.X11 not in java.desktop
WARNING: package sun.awt.X11 not in java.desktop
ECR CHECK PASSED: association weighting, miss/opportunity reset, continuous bound, unchanged negative correction and spatial density, one/equal-age identity, source exclusion, censor, packet, exact local-update and ER parity.
STABLE MARKED CHECK PASSED: exact prior-adapter state/W parity, original unity/empty diagnostic parity, unchanged scalar Bayes, exact original fusion-object and record parity for all five arms.
SELECTIVE CHECK PASSED: scalar identity, gated increments, conservative fallback, stale resets, numerical ties, exclusion, censor, spatial parity, association and mark endpoints, 224 B packet round trip.
ASYMMETRIC CHECK PASSED: both evidence signs, opposing scalar endpoints, zero-negative exact SI fallback, single-source/exclusion, stale reset, missed-likelihood contrast and native 232 B round trip.
SINGLE CHECK differences: r 2.6367796834847468e-15 mu 1.7763568394002505e-15 Sigma 0; new/old r 0 mu 0 Sigma 0
GAUSSIAN EVIDENCE CHECK PASSED: centralized Bernoulli Gaussian agreement/conflict, spatial and existence normalization, zero-gate/base and one-source behavior, curvature rejection, aggregate integrability fallback, and native 352 B round trip.
START GAUSSIAN EVIDENCE 0004 reliable marked_gaussian_evidence 180 frames
DONE GAUSSIAN EVIDENCE 0004 reliable marked_gaussian_evidence OSPA 5.001598 runtime 78.22s
START GAUSSIAN EVIDENCE 0004 reliable marked_gaussian_evidence_no_curvature 180 frames
DONE GAUSSIAN EVIDENCE 0004 reliable marked_gaussian_evidence_no_curvature OSPA 5.190762 runtime 71.15s
START GAUSSIAN EVIDENCE 0004 reliable marked_gaussian_evidence_no_history 180 frames
DONE GAUSSIAN EVIDENCE 0004 reliable marked_gaussian_evidence_no_history OSPA 5.004018 runtime 88.84s
START GAUSSIAN EVIDENCE 0004 reliable marked_gaussian_evidence_no_mark 180 frames
DONE GAUSSIAN EVIDENCE 0004 reliable marked_gaussian_evidence_no_mark OSPA 4.804772 runtime 29.34s
START GAUSSIAN EVIDENCE 0004 intermittent marked_gaussian_evidence 180 frames
DONE GAUSSIAN EVIDENCE 0004 intermittent marked_gaussian_evidence OSPA 5.157977 runtime 65.07s
START GAUSSIAN EVIDENCE 0004 intermittent marked_gaussian_evidence_no_curvature 180 frames
DONE GAUSSIAN EVIDENCE 0004 intermittent marked_gaussian_evidence_no_curvature OSPA 5.233483 runtime 64.67s
START GAUSSIAN EVIDENCE 0004 intermittent marked_gaussian_evidence_no_history 180 frames
DONE GAUSSIAN EVIDENCE 0004 intermittent marked_gaussian_evidence_no_history OSPA 5.168272 runtime 69.30s
START GAUSSIAN EVIDENCE 0004 intermittent marked_gaussian_evidence_no_mark 180 frames
DONE GAUSSIAN EVIDENCE 0004 intermittent marked_gaussian_evidence_no_mark OSPA 4.852636 runtime 27.90s
COMPLETED GAUSSIAN EVIDENCE indices 4--4 cohort=development
