WARNING: package sun.awt.X11 not in java.desktop
WARNING: package sun.awt.X11 not in java.desktop
ECR CHECK PASSED: association weighting, miss/opportunity reset, continuous bound, unchanged negative correction and spatial density, one/equal-age identity, source exclusion, censor, packet, exact local-update and ER parity.
STABLE MARKED CHECK PASSED: exact prior-adapter state/W parity, original unity/empty diagnostic parity, unchanged scalar Bayes, exact original fusion-object and record parity for all five arms.
SELECTIVE CHECK PASSED: scalar identity, gated increments, conservative fallback, stale resets, numerical ties, exclusion, censor, spatial parity, association and mark endpoints, 224 B packet round trip.
ASYMMETRIC CHECK PASSED: both evidence signs, opposing scalar endpoints, zero-negative exact SI fallback, single-source/exclusion, stale reset, missed-likelihood contrast and native 232 B round trip.
SINGLE CHECK differences: r 2.6367796834847468e-15 mu 1.7763568394002505e-15 Sigma 0; new/old r 0 mu 0 Sigma 0
GAUSSIAN EVIDENCE CHECK PASSED: centralized Bernoulli Gaussian agreement/conflict, spatial and existence normalization, zero-gate/base and one-source behavior, curvature rejection, aggregate integrability fallback, and native 352 B round trip.
START GAUSSIAN EVIDENCE 0002 reliable marked_gaussian_evidence 144 frames
DONE GAUSSIAN EVIDENCE 0002 reliable marked_gaussian_evidence OSPA 3.898063 runtime 5.50s
START GAUSSIAN EVIDENCE 0002 reliable marked_gaussian_evidence_no_curvature 144 frames
DONE GAUSSIAN EVIDENCE 0002 reliable marked_gaussian_evidence_no_curvature OSPA 3.898063 runtime 2.48s
START GAUSSIAN EVIDENCE 0002 reliable marked_gaussian_evidence_no_history 144 frames
DONE GAUSSIAN EVIDENCE 0002 reliable marked_gaussian_evidence_no_history OSPA 3.762101 runtime 2.11s
START GAUSSIAN EVIDENCE 0002 reliable marked_gaussian_evidence_no_mark 144 frames
DONE GAUSSIAN EVIDENCE 0002 reliable marked_gaussian_evidence_no_mark OSPA 4.384185 runtime 1.58s
START GAUSSIAN EVIDENCE 0002 intermittent marked_gaussian_evidence 144 frames
DONE GAUSSIAN EVIDENCE 0002 intermittent marked_gaussian_evidence OSPA 4.063125 runtime 2.02s
START GAUSSIAN EVIDENCE 0002 intermittent marked_gaussian_evidence_no_curvature 144 frames
DONE GAUSSIAN EVIDENCE 0002 intermittent marked_gaussian_evidence_no_curvature OSPA 4.036525 runtime 1.69s
START GAUSSIAN EVIDENCE 0002 intermittent marked_gaussian_evidence_no_history 144 frames
DONE GAUSSIAN EVIDENCE 0002 intermittent marked_gaussian_evidence_no_history OSPA 3.956169 runtime 1.82s
START GAUSSIAN EVIDENCE 0002 intermittent marked_gaussian_evidence_no_mark 144 frames
DONE GAUSSIAN EVIDENCE 0002 intermittent marked_gaussian_evidence_no_mark OSPA 4.316360 runtime 1.54s
COMPLETED GAUSSIAN EVIDENCE indices 2--2 cohort=development
