WARNING: package sun.awt.X11 not in java.desktop
WARNING: package sun.awt.X11 not in java.desktop
ECR CHECK PASSED: association weighting, miss/opportunity reset, continuous bound, unchanged negative correction and spatial density, one/equal-age identity, source exclusion, censor, packet, exact local-update and ER parity.
STABLE MARKED CHECK PASSED: exact prior-adapter state/W parity, original unity/empty diagnostic parity, unchanged scalar Bayes, exact original fusion-object and record parity for all five arms.
SELECTIVE CHECK PASSED: scalar identity, gated increments, conservative fallback, stale resets, numerical ties, exclusion, censor, spatial parity, association and mark endpoints, 224 B packet round trip.
ASYMMETRIC CHECK PASSED: both evidence signs, opposing scalar endpoints, zero-negative exact SI fallback, single-source/exclusion, stale reset, missed-likelihood contrast and native 232 B round trip.
SINGLE CHECK differences: r 2.6367796834847468e-15 mu 1.7763568394002505e-15 Sigma 0; new/old r 0 mu 0 Sigma 0
GAUSSIAN EVIDENCE CHECK PASSED: centralized Bernoulli Gaussian agreement/conflict, spatial and existence normalization, zero-gate/base and one-source behavior, curvature rejection, aggregate integrability fallback, and native 352 B round trip.
START GAUSSIAN EVIDENCE 0003 reliable marked_gaussian_evidence 198 frames
DONE GAUSSIAN EVIDENCE 0003 reliable marked_gaussian_evidence OSPA 6.122249 runtime 21.43s
START GAUSSIAN EVIDENCE 0003 reliable marked_gaussian_evidence_no_curvature 198 frames
DONE GAUSSIAN EVIDENCE 0003 reliable marked_gaussian_evidence_no_curvature OSPA 6.074513 runtime 16.57s
START GAUSSIAN EVIDENCE 0003 reliable marked_gaussian_evidence_no_history 198 frames
DONE GAUSSIAN EVIDENCE 0003 reliable marked_gaussian_evidence_no_history OSPA 6.212235 runtime 17.35s
START GAUSSIAN EVIDENCE 0003 reliable marked_gaussian_evidence_no_mark 198 frames
DONE GAUSSIAN EVIDENCE 0003 reliable marked_gaussian_evidence_no_mark OSPA 6.391875 runtime 11.87s
START GAUSSIAN EVIDENCE 0003 intermittent marked_gaussian_evidence 198 frames
DONE GAUSSIAN EVIDENCE 0003 intermittent marked_gaussian_evidence OSPA 6.629738 runtime 13.13s
START GAUSSIAN EVIDENCE 0003 intermittent marked_gaussian_evidence_no_curvature 198 frames
DONE GAUSSIAN EVIDENCE 0003 intermittent marked_gaussian_evidence_no_curvature OSPA 6.573380 runtime 12.83s
START GAUSSIAN EVIDENCE 0003 intermittent marked_gaussian_evidence_no_history 198 frames
DONE GAUSSIAN EVIDENCE 0003 intermittent marked_gaussian_evidence_no_history OSPA 6.659541 runtime 13.06s
START GAUSSIAN EVIDENCE 0003 intermittent marked_gaussian_evidence_no_mark 198 frames
DONE GAUSSIAN EVIDENCE 0003 intermittent marked_gaussian_evidence_no_mark OSPA 6.859537 runtime 11.10s
COMPLETED GAUSSIAN EVIDENCE indices 3--3 cohort=development
