WARNING: package sun.awt.X11 not in java.desktop
WARNING: package sun.awt.X11 not in java.desktop
ECR CHECK PASSED: association weighting, miss/opportunity reset, continuous bound, unchanged negative correction and spatial density, one/equal-age identity, source exclusion, censor, packet, exact local-update and ER parity.
STABLE MARKED CHECK PASSED: exact prior-adapter state/W parity, original unity/empty diagnostic parity, unchanged scalar Bayes, exact original fusion-object and record parity for all five arms.
SELECTIVE CHECK PASSED: scalar identity, gated increments, conservative fallback, stale resets, numerical ties, exclusion, censor, spatial parity, association and mark endpoints, 224 B packet round trip.
ASYMMETRIC CHECK PASSED: both evidence signs, opposing scalar endpoints, zero-negative exact SI fallback, single-source/exclusion, stale reset, missed-likelihood contrast and native 232 B round trip.
SINGLE CHECK differences: r 2.6367796834847468e-15 mu 1.7763568394002505e-15 Sigma 0; new/old r 0 mu 0 Sigma 0
GAUSSIAN EVIDENCE CHECK PASSED: centralized Bernoulli Gaussian agreement/conflict, spatial and existence normalization, zero-gate/base and one-source behavior, curvature rejection, aggregate integrability fallback, and native 352 B round trip.
START GAUSSIAN EVIDENCE 0007 reliable marked_gaussian_evidence 221 frames
DONE GAUSSIAN EVIDENCE 0007 reliable marked_gaussian_evidence OSPA 2.889941 runtime 23.38s
START GAUSSIAN EVIDENCE 0007 reliable marked_gaussian_evidence_no_curvature 221 frames
DONE GAUSSIAN EVIDENCE 0007 reliable marked_gaussian_evidence_no_curvature OSPA 2.869302 runtime 22.05s
START GAUSSIAN EVIDENCE 0007 reliable marked_gaussian_evidence_no_history 221 frames
DONE GAUSSIAN EVIDENCE 0007 reliable marked_gaussian_evidence_no_history OSPA 2.946704 runtime 23.55s
START GAUSSIAN EVIDENCE 0007 reliable marked_gaussian_evidence_no_mark 221 frames
DONE GAUSSIAN EVIDENCE 0007 reliable marked_gaussian_evidence_no_mark OSPA 3.390719 runtime 18.88s
START GAUSSIAN EVIDENCE 0007 intermittent marked_gaussian_evidence 221 frames
DONE GAUSSIAN EVIDENCE 0007 intermittent marked_gaussian_evidence OSPA 3.667760 runtime 17.73s
START GAUSSIAN EVIDENCE 0007 intermittent marked_gaussian_evidence_no_curvature 221 frames
DONE GAUSSIAN EVIDENCE 0007 intermittent marked_gaussian_evidence_no_curvature OSPA 3.526858 runtime 17.93s
START GAUSSIAN EVIDENCE 0007 intermittent marked_gaussian_evidence_no_history 221 frames
DONE GAUSSIAN EVIDENCE 0007 intermittent marked_gaussian_evidence_no_history OSPA 3.569776 runtime 19.96s
START GAUSSIAN EVIDENCE 0007 intermittent marked_gaussian_evidence_no_mark 221 frames
DONE GAUSSIAN EVIDENCE 0007 intermittent marked_gaussian_evidence_no_mark OSPA 3.838298 runtime 16.93s
COMPLETED GAUSSIAN EVIDENCE indices 7--7 cohort=development
