WARNING: package sun.awt.X11 not in java.desktop
WARNING: package sun.awt.X11 not in java.desktop
ECR CHECK PASSED: association weighting, miss/opportunity reset, continuous bound, unchanged negative correction and spatial density, one/equal-age identity, source exclusion, censor, packet, exact local-update and ER parity.
STABLE MARKED CHECK PASSED: exact prior-adapter state/W parity, original unity/empty diagnostic parity, unchanged scalar Bayes, exact original fusion-object and record parity for all five arms.
SELECTIVE CHECK PASSED: scalar identity, gated increments, conservative fallback, stale resets, numerical ties, exclusion, censor, spatial parity, association and mark endpoints, 224 B packet round trip.
ASYMMETRIC CHECK PASSED: both evidence signs, opposing scalar endpoints, zero-negative exact SI fallback, single-source/exclusion, stale reset, missed-likelihood contrast and native 232 B round trip.
SINGLE CHECK differences: r 2.6367796834847468e-15 mu 1.7763568394002505e-15 Sigma 0; new/old r 0 mu 0 Sigma 0
GAUSSIAN EVIDENCE CHECK PASSED: centralized Bernoulli Gaussian agreement/conflict, spatial and existence normalization, zero-gate/base and one-source behavior, curvature rejection, aggregate integrability fallback, and native 352 B round trip.
START GAUSSIAN EVIDENCE 0014 reliable marked_gaussian_evidence 80 frames
DONE GAUSSIAN EVIDENCE 0014 reliable marked_gaussian_evidence OSPA 4.997264 runtime 26.10s
START GAUSSIAN EVIDENCE 0014 reliable marked_gaussian_evidence_no_curvature 80 frames
DONE GAUSSIAN EVIDENCE 0014 reliable marked_gaussian_evidence_no_curvature OSPA 5.535686 runtime 130.01s
START GAUSSIAN EVIDENCE 0014 reliable marked_gaussian_evidence_no_history 80 frames
DONE GAUSSIAN EVIDENCE 0014 reliable marked_gaussian_evidence_no_history OSPA 4.997259 runtime 19.50s
START GAUSSIAN EVIDENCE 0014 reliable marked_gaussian_evidence_no_mark 80 frames
DONE GAUSSIAN EVIDENCE 0014 reliable marked_gaussian_evidence_no_mark OSPA 3.731757 runtime 7.33s
START GAUSSIAN EVIDENCE 0014 reliable marked_asymmetric 80 frames
DONE GAUSSIAN EVIDENCE 0014 reliable marked_asymmetric OSPA 5.583924 runtime 69.19s
START GAUSSIAN EVIDENCE 0014 intermittent marked_gaussian_evidence 80 frames
DONE GAUSSIAN EVIDENCE 0014 intermittent marked_gaussian_evidence OSPA 4.945019 runtime 12.86s
START GAUSSIAN EVIDENCE 0014 intermittent marked_gaussian_evidence_no_curvature 80 frames
DONE GAUSSIAN EVIDENCE 0014 intermittent marked_gaussian_evidence_no_curvature OSPA 5.512772 runtime 43.77s
START GAUSSIAN EVIDENCE 0014 intermittent marked_gaussian_evidence_no_history 80 frames
DONE GAUSSIAN EVIDENCE 0014 intermittent marked_gaussian_evidence_no_history OSPA 4.944816 runtime 12.40s
START GAUSSIAN EVIDENCE 0014 intermittent marked_gaussian_evidence_no_mark 80 frames
DONE GAUSSIAN EVIDENCE 0014 intermittent marked_gaussian_evidence_no_mark OSPA 4.333647 runtime 8.46s
START GAUSSIAN EVIDENCE 0014 intermittent marked_asymmetric 80 frames
DONE GAUSSIAN EVIDENCE 0014 intermittent marked_asymmetric OSPA 5.185507 runtime 11.95s
COMPLETED GAUSSIAN EVIDENCE indices 11--11 cohort=seen_transfer
