WARNING: package sun.awt.X11 not in java.desktop
WARNING: package sun.awt.X11 not in java.desktop
ECR CHECK PASSED: association weighting, miss/opportunity reset, continuous bound, unchanged negative correction and spatial density, one/equal-age identity, source exclusion, censor, packet, exact local-update and ER parity.
STABLE MARKED CHECK PASSED: exact prior-adapter state/W parity, original unity/empty diagnostic parity, unchanged scalar Bayes, exact original fusion-object and record parity for all five arms.
SELECTIVE CHECK PASSED: scalar identity, gated increments, conservative fallback, stale resets, numerical ties, exclusion, censor, spatial parity, association and mark endpoints, 224 B packet round trip.
ASYMMETRIC CHECK PASSED: both evidence signs, opposing scalar endpoints, zero-negative exact SI fallback, single-source/exclusion, stale reset, missed-likelihood contrast and native 232 B round trip.
SINGLE CHECK differences: r 2.6367796834847468e-15 mu 1.7763568394002505e-15 Sigma 0; new/old r 0 mu 0 Sigma 0
GAUSSIAN EVIDENCE CHECK PASSED: centralized Bernoulli Gaussian agreement/conflict, spatial and existence normalization, zero-gate/base and one-source behavior, curvature rejection, aggregate integrability fallback, and native 352 B round trip.
START GAUSSIAN EVIDENCE 0023 reliable marked_gaussian_evidence 120 frames
DONE GAUSSIAN EVIDENCE 0023 reliable marked_gaussian_evidence OSPA 3.393819 runtime 25.10s
START GAUSSIAN EVIDENCE 0023 reliable marked_gaussian_evidence_no_curvature 120 frames
DONE GAUSSIAN EVIDENCE 0023 reliable marked_gaussian_evidence_no_curvature OSPA 3.389099 runtime 20.66s
START GAUSSIAN EVIDENCE 0023 reliable marked_gaussian_evidence_no_history 120 frames
DONE GAUSSIAN EVIDENCE 0023 reliable marked_gaussian_evidence_no_history OSPA 3.401978 runtime 24.35s
START GAUSSIAN EVIDENCE 0023 reliable marked_gaussian_evidence_no_mark 120 frames
DONE GAUSSIAN EVIDENCE 0023 reliable marked_gaussian_evidence_no_mark OSPA 3.292925 runtime 22.75s
START GAUSSIAN EVIDENCE 0023 reliable marked_asymmetric 120 frames
DONE GAUSSIAN EVIDENCE 0023 reliable marked_asymmetric OSPA 3.604436 runtime 19.62s
START GAUSSIAN EVIDENCE 0023 intermittent marked_gaussian_evidence 120 frames
DONE GAUSSIAN EVIDENCE 0023 intermittent marked_gaussian_evidence OSPA 3.625360 runtime 17.92s
START GAUSSIAN EVIDENCE 0023 intermittent marked_gaussian_evidence_no_curvature 120 frames
DONE GAUSSIAN EVIDENCE 0023 intermittent marked_gaussian_evidence_no_curvature OSPA 3.614508 runtime 21.01s
START GAUSSIAN EVIDENCE 0023 intermittent marked_gaussian_evidence_no_history 120 frames
DONE GAUSSIAN EVIDENCE 0023 intermittent marked_gaussian_evidence_no_history OSPA 3.607549 runtime 18.18s
START GAUSSIAN EVIDENCE 0023 intermittent marked_gaussian_evidence_no_mark 120 frames
DONE GAUSSIAN EVIDENCE 0023 intermittent marked_gaussian_evidence_no_mark OSPA 3.550925 runtime 16.57s
START GAUSSIAN EVIDENCE 0023 intermittent marked_asymmetric 120 frames
DONE GAUSSIAN EVIDENCE 0023 intermittent marked_asymmetric OSPA 3.742952 runtime 14.16s
COMPLETED GAUSSIAN EVIDENCE indices 18--18 cohort=seen_transfer
