WARNING: package sun.awt.X11 not in java.desktop
WARNING: package sun.awt.X11 not in java.desktop
ECR CHECK PASSED: association weighting, miss/opportunity reset, continuous bound, unchanged negative correction and spatial density, one/equal-age identity, source exclusion, censor, packet, exact local-update and ER parity.
STABLE MARKED CHECK PASSED: exact prior-adapter state/W parity, original unity/empty diagnostic parity, unchanged scalar Bayes, exact original fusion-object and record parity for all five arms.
SELECTIVE CHECK PASSED: scalar identity, gated increments, conservative fallback, stale resets, numerical ties, exclusion, censor, spatial parity, association and mark endpoints, 224 B packet round trip.
ASYMMETRIC CHECK PASSED: both evidence signs, opposing scalar endpoints, zero-negative exact SI fallback, single-source/exclusion, stale reset, missed-likelihood contrast and native 232 B round trip.
SINGLE CHECK differences: r 2.6367796834847468e-15 mu 1.7763568394002505e-15 Sigma 0; new/old r 0 mu 0 Sigma 0
GAUSSIAN EVIDENCE CHECK PASSED: centralized Bernoulli Gaussian agreement/conflict, spatial and existence normalization, zero-gate/base and one-source behavior, curvature rejection, aggregate integrability fallback, and native 352 B round trip.
START GAUSSIAN EVIDENCE 0028 reliable marked_gaussian_evidence 149 frames
DONE GAUSSIAN EVIDENCE 0028 reliable marked_gaussian_evidence OSPA 2.980378 runtime 14.48s
START GAUSSIAN EVIDENCE 0028 reliable marked_gaussian_evidence_no_curvature 149 frames
DONE GAUSSIAN EVIDENCE 0028 reliable marked_gaussian_evidence_no_curvature OSPA 2.995899 runtime 11.33s
START GAUSSIAN EVIDENCE 0028 reliable marked_gaussian_evidence_no_history 149 frames
DONE GAUSSIAN EVIDENCE 0028 reliable marked_gaussian_evidence_no_history OSPA 2.989256 runtime 10.65s
START GAUSSIAN EVIDENCE 0028 reliable marked_gaussian_evidence_no_mark 149 frames
DONE GAUSSIAN EVIDENCE 0028 reliable marked_gaussian_evidence_no_mark OSPA 3.020724 runtime 9.19s
START GAUSSIAN EVIDENCE 0028 reliable marked_asymmetric 149 frames
DONE GAUSSIAN EVIDENCE 0028 reliable marked_asymmetric OSPA 3.168952 runtime 7.33s
START GAUSSIAN EVIDENCE 0028 intermittent marked_gaussian_evidence 149 frames
DONE GAUSSIAN EVIDENCE 0028 intermittent marked_gaussian_evidence OSPA 3.163135 runtime 7.45s
START GAUSSIAN EVIDENCE 0028 intermittent marked_gaussian_evidence_no_curvature 149 frames
DONE GAUSSIAN EVIDENCE 0028 intermittent marked_gaussian_evidence_no_curvature OSPA 3.167942 runtime 7.03s
START GAUSSIAN EVIDENCE 0028 intermittent marked_gaussian_evidence_no_history 149 frames
DONE GAUSSIAN EVIDENCE 0028 intermittent marked_gaussian_evidence_no_history OSPA 3.095183 runtime 6.90s
START GAUSSIAN EVIDENCE 0028 intermittent marked_gaussian_evidence_no_mark 149 frames
DONE GAUSSIAN EVIDENCE 0028 intermittent marked_gaussian_evidence_no_mark OSPA 3.191549 runtime 5.16s
START GAUSSIAN EVIDENCE 0028 intermittent marked_asymmetric 149 frames
DONE GAUSSIAN EVIDENCE 0028 intermittent marked_asymmetric OSPA 3.344950 runtime 5.98s
COMPLETED GAUSSIAN EVIDENCE indices 22--22 cohort=seen_transfer
