WARNING: package sun.awt.X11 not in java.desktop
WARNING: package sun.awt.X11 not in java.desktop
ECR CHECK PASSED: association weighting, miss/opportunity reset, continuous bound, unchanged negative correction and spatial density, one/equal-age identity, source exclusion, censor, packet, exact local-update and ER parity.
STABLE MARKED CHECK PASSED: exact prior-adapter state/W parity, original unity/empty diagnostic parity, unchanged scalar Bayes, exact original fusion-object and record parity for all five arms.
SELECTIVE CHECK PASSED: scalar identity, gated increments, conservative fallback, stale resets, numerical ties, exclusion, censor, spatial parity, association and mark endpoints, 224 B packet round trip.
ASYMMETRIC CHECK PASSED: both evidence signs, opposing scalar endpoints, zero-negative exact SI fallback, single-source/exclusion, stale reset, missed-likelihood contrast and native 232 B round trip.
SINGLE CHECK differences: r 2.6367796834847468e-15 mu 1.7763568394002505e-15 Sigma 0; new/old r 0 mu 0 Sigma 0
GAUSSIAN EVIDENCE CHECK PASSED: centralized Bernoulli Gaussian agreement/conflict, spatial and existence normalization, zero-gate/base and one-source behavior, curvature rejection, aggregate integrability fallback, and native 352 B round trip.
START GAUSSIAN EVIDENCE 0008 reliable marked_gaussian_evidence 410 frames
DONE GAUSSIAN EVIDENCE 0008 reliable marked_gaussian_evidence OSPA 5.171427 runtime 133.77s
START GAUSSIAN EVIDENCE 0008 reliable marked_gaussian_evidence_no_curvature 410 frames
DONE GAUSSIAN EVIDENCE 0008 reliable marked_gaussian_evidence_no_curvature OSPA 5.211671 runtime 108.93s
START GAUSSIAN EVIDENCE 0008 reliable marked_gaussian_evidence_no_history 410 frames
DONE GAUSSIAN EVIDENCE 0008 reliable marked_gaussian_evidence_no_history OSPA 5.212746 runtime 126.74s
START GAUSSIAN EVIDENCE 0008 reliable marked_gaussian_evidence_no_mark 410 frames
DONE GAUSSIAN EVIDENCE 0008 reliable marked_gaussian_evidence_no_mark OSPA 6.216868 runtime 144.34s
START GAUSSIAN EVIDENCE 0008 reliable marked_asymmetric 410 frames
DONE GAUSSIAN EVIDENCE 0008 reliable marked_asymmetric OSPA 5.248194 runtime 121.19s
START GAUSSIAN EVIDENCE 0008 intermittent marked_gaussian_evidence 410 frames
DONE GAUSSIAN EVIDENCE 0008 intermittent marked_gaussian_evidence OSPA 5.812015 runtime 185.75s
START GAUSSIAN EVIDENCE 0008 intermittent marked_gaussian_evidence_no_curvature 410 frames
DONE GAUSSIAN EVIDENCE 0008 intermittent marked_gaussian_evidence_no_curvature OSPA 5.807704 runtime 160.88s
START GAUSSIAN EVIDENCE 0008 intermittent marked_gaussian_evidence_no_history 410 frames
DONE GAUSSIAN EVIDENCE 0008 intermittent marked_gaussian_evidence_no_history OSPA 5.836256 runtime 226.17s
START GAUSSIAN EVIDENCE 0008 intermittent marked_gaussian_evidence_no_mark 410 frames
DONE GAUSSIAN EVIDENCE 0008 intermittent marked_gaussian_evidence_no_mark OSPA 6.288852 runtime 217.59s
START GAUSSIAN EVIDENCE 0008 intermittent marked_asymmetric 410 frames
DONE GAUSSIAN EVIDENCE 0008 intermittent marked_asymmetric OSPA 5.809006 runtime 160.55s
COMPLETED GAUSSIAN EVIDENCE indices 6--6 cohort=seen_transfer
