WARNING: package sun.awt.X11 not in java.desktop
WARNING: package sun.awt.X11 not in java.desktop
ECR CHECK PASSED: association weighting, miss/opportunity reset, continuous bound, unchanged negative correction and spatial density, one/equal-age identity, source exclusion, censor, packet, exact local-update and ER parity.
STABLE MARKED CHECK PASSED: exact prior-adapter state/W parity, original unity/empty diagnostic parity, unchanged scalar Bayes, exact original fusion-object and record parity for all five arms.
SELECTIVE CHECK PASSED: scalar identity, gated increments, conservative fallback, stale resets, numerical ties, exclusion, censor, spatial parity, association and mark endpoints, 224 B packet round trip.
ASYMMETRIC CHECK PASSED: both evidence signs, opposing scalar endpoints, zero-negative exact SI fallback, single-source/exclusion, stale reset, missed-likelihood contrast and native 232 B round trip.
SINGLE CHECK differences: r 2.6367796834847468e-15 mu 1.7763568394002505e-15 Sigma 0; new/old r 0 mu 0 Sigma 0
GAUSSIAN EVIDENCE CHECK PASSED: centralized Bernoulli Gaussian agreement/conflict, spatial and existence normalization, zero-gate/base and one-source behavior, curvature rejection, aggregate integrability fallback, and native 352 B round trip.
START GAUSSIAN EVIDENCE 0009 reliable marked_gaussian_evidence 315 frames
DONE GAUSSIAN EVIDENCE 0009 reliable marked_gaussian_evidence OSPA 6.777437 runtime 56.42s
START GAUSSIAN EVIDENCE 0009 reliable marked_gaussian_evidence_no_curvature 315 frames
DONE GAUSSIAN EVIDENCE 0009 reliable marked_gaussian_evidence_no_curvature OSPA 6.818533 runtime 56.03s
START GAUSSIAN EVIDENCE 0009 reliable marked_gaussian_evidence_no_history 315 frames
DONE GAUSSIAN EVIDENCE 0009 reliable marked_gaussian_evidence_no_history OSPA 6.701701 runtime 48.82s
START GAUSSIAN EVIDENCE 0009 reliable marked_gaussian_evidence_no_mark 315 frames
DONE GAUSSIAN EVIDENCE 0009 reliable marked_gaussian_evidence_no_mark OSPA 6.421266 runtime 46.59s
START GAUSSIAN EVIDENCE 0009 reliable marked_asymmetric 315 frames
DONE GAUSSIAN EVIDENCE 0009 reliable marked_asymmetric OSPA 6.855312 runtime 41.98s
START GAUSSIAN EVIDENCE 0009 intermittent marked_gaussian_evidence 315 frames
DONE GAUSSIAN EVIDENCE 0009 intermittent marked_gaussian_evidence OSPA 6.995960 runtime 41.93s
START GAUSSIAN EVIDENCE 0009 intermittent marked_gaussian_evidence_no_curvature 315 frames
DONE GAUSSIAN EVIDENCE 0009 intermittent marked_gaussian_evidence_no_curvature OSPA 7.013710 runtime 45.55s
START GAUSSIAN EVIDENCE 0009 intermittent marked_gaussian_evidence_no_history 315 frames
DONE GAUSSIAN EVIDENCE 0009 intermittent marked_gaussian_evidence_no_history OSPA 6.984260 runtime 57.88s
START GAUSSIAN EVIDENCE 0009 intermittent marked_gaussian_evidence_no_mark 315 frames
DONE GAUSSIAN EVIDENCE 0009 intermittent marked_gaussian_evidence_no_mark OSPA 6.697962 runtime 62.10s
START GAUSSIAN EVIDENCE 0009 intermittent marked_asymmetric 315 frames
DONE GAUSSIAN EVIDENCE 0009 intermittent marked_asymmetric OSPA 7.058866 runtime 40.76s
COMPLETED GAUSSIAN EVIDENCE indices 7--7 cohort=seen_transfer
