WARNING: package sun.awt.X11 not in java.desktop
WARNING: package sun.awt.X11 not in java.desktop
ECR CHECK PASSED: association weighting, miss/opportunity reset, continuous bound, unchanged negative correction and spatial density, one/equal-age identity, source exclusion, censor, packet, exact local-update and ER parity.
STABLE MARKED CHECK PASSED: exact prior-adapter state/W parity, original unity/empty diagnostic parity, unchanged scalar Bayes, exact original fusion-object and record parity for all five arms.
SELECTIVE CHECK PASSED: scalar identity, gated increments, conservative fallback, stale resets, numerical ties, exclusion, censor, spatial parity, association and mark endpoints, 224 B packet round trip.
ASYMMETRIC CHECK PASSED: both evidence signs, opposing scalar endpoints, zero-negative exact SI fallback, single-source/exclusion, stale reset, missed-likelihood contrast and native 232 B round trip.
SINGLE CHECK differences: r 2.6367796834847468e-15 mu 1.7763568394002505e-15 Sigma 0; new/old r 0 mu 0 Sigma 0
GAUSSIAN EVIDENCE CHECK PASSED: centralized Bernoulli Gaussian agreement/conflict, spatial and existence normalization, zero-gate/base and one-source behavior, curvature rejection, aggregate integrability fallback, and native 352 B round trip.
START GAUSSIAN EVIDENCE 0002 reliable marked_gaussian_evidence 157 frames
DONE GAUSSIAN EVIDENCE 0002 reliable marked_gaussian_evidence OSPA 1.911315 runtime 8.51s
START GAUSSIAN EVIDENCE 0002 reliable marked_gaussian_evidence_no_curvature 157 frames
DONE GAUSSIAN EVIDENCE 0002 reliable marked_gaussian_evidence_no_curvature OSPA 1.911314 runtime 2.71s
START GAUSSIAN EVIDENCE 0002 reliable marked_gaussian_evidence_no_history 157 frames
DONE GAUSSIAN EVIDENCE 0002 reliable marked_gaussian_evidence_no_history OSPA 1.911311 runtime 2.30s
START GAUSSIAN EVIDENCE 0002 reliable marked_gaussian_evidence_no_mark 157 frames
DONE GAUSSIAN EVIDENCE 0002 reliable marked_gaussian_evidence_no_mark OSPA 2.255139 runtime 2.55s
START GAUSSIAN EVIDENCE 0002 reliable marked_asymmetric 157 frames
DONE GAUSSIAN EVIDENCE 0002 reliable marked_asymmetric OSPA 1.929439 runtime 2.68s
START GAUSSIAN EVIDENCE 0002 intermittent marked_gaussian_evidence 157 frames
DONE GAUSSIAN EVIDENCE 0002 intermittent marked_gaussian_evidence OSPA 2.094208 runtime 1.85s
START GAUSSIAN EVIDENCE 0002 intermittent marked_gaussian_evidence_no_curvature 157 frames
DONE GAUSSIAN EVIDENCE 0002 intermittent marked_gaussian_evidence_no_curvature OSPA 2.094207 runtime 1.72s
START GAUSSIAN EVIDENCE 0002 intermittent marked_gaussian_evidence_no_history 157 frames
DONE GAUSSIAN EVIDENCE 0002 intermittent marked_gaussian_evidence_no_history OSPA 2.094236 runtime 1.98s
START GAUSSIAN EVIDENCE 0002 intermittent marked_gaussian_evidence_no_mark 157 frames
DONE GAUSSIAN EVIDENCE 0002 intermittent marked_gaussian_evidence_no_mark OSPA 2.304259 runtime 1.92s
START GAUSSIAN EVIDENCE 0002 intermittent marked_asymmetric 157 frames
DONE GAUSSIAN EVIDENCE 0002 intermittent marked_asymmetric OSPA 2.094408 runtime 1.86s
COMPLETED GAUSSIAN EVIDENCE indices 1--1 cohort=seen_transfer
