WARNING: package sun.awt.X11 not in java.desktop
WARNING: package sun.awt.X11 not in java.desktop
ECR CHECK PASSED: association weighting, miss/opportunity reset, continuous bound, unchanged negative correction and spatial density, one/equal-age identity, source exclusion, censor, packet, exact local-update and ER parity.
STABLE MARKED CHECK PASSED: exact prior-adapter state/W parity, original unity/empty diagnostic parity, unchanged scalar Bayes, exact original fusion-object and record parity for all five arms.
SELECTIVE CHECK PASSED: scalar identity, gated increments, conservative fallback, stale resets, numerical ties, exclusion, censor, spatial parity, association and mark endpoints, 224 B packet round trip.
ASYMMETRIC CHECK PASSED: both evidence signs, opposing scalar endpoints, zero-negative exact SI fallback, single-source/exclusion, stale reset, missed-likelihood contrast and native 232 B round trip.
SINGLE CHECK differences: r 2.6367796834847468e-15 mu 1.7763568394002505e-15 Sigma 0; new/old r 0 mu 0 Sigma 0
GAUSSIAN EVIDENCE CHECK PASSED: centralized Bernoulli Gaussian agreement/conflict, spatial and existence normalization, zero-gate/base and one-source behavior, curvature rejection, aggregate integrability fallback, and native 352 B round trip.
START GAUSSIAN EVIDENCE 0001 reliable marked_gaussian_evidence 405 frames
DONE GAUSSIAN EVIDENCE 0001 reliable marked_gaussian_evidence OSPA 3.906868 runtime 15.36s
START GAUSSIAN EVIDENCE 0001 reliable marked_gaussian_evidence_no_curvature 405 frames
DONE GAUSSIAN EVIDENCE 0001 reliable marked_gaussian_evidence_no_curvature OSPA 3.887292 runtime 10.10s
START GAUSSIAN EVIDENCE 0001 reliable marked_gaussian_evidence_no_history 405 frames
DONE GAUSSIAN EVIDENCE 0001 reliable marked_gaussian_evidence_no_history OSPA 3.917978 runtime 11.21s
START GAUSSIAN EVIDENCE 0001 reliable marked_gaussian_evidence_no_mark 405 frames
DONE GAUSSIAN EVIDENCE 0001 reliable marked_gaussian_evidence_no_mark OSPA 4.567740 runtime 12.57s
START GAUSSIAN EVIDENCE 0001 reliable marked_asymmetric 405 frames
DONE GAUSSIAN EVIDENCE 0001 reliable marked_asymmetric OSPA 3.752458 runtime 10.65s
START GAUSSIAN EVIDENCE 0001 intermittent marked_gaussian_evidence 405 frames
DONE GAUSSIAN EVIDENCE 0001 intermittent marked_gaussian_evidence OSPA 4.297059 runtime 11.48s
START GAUSSIAN EVIDENCE 0001 intermittent marked_gaussian_evidence_no_curvature 405 frames
DONE GAUSSIAN EVIDENCE 0001 intermittent marked_gaussian_evidence_no_curvature OSPA 4.264894 runtime 10.52s
START GAUSSIAN EVIDENCE 0001 intermittent marked_gaussian_evidence_no_history 405 frames
DONE GAUSSIAN EVIDENCE 0001 intermittent marked_gaussian_evidence_no_history OSPA 4.365869 runtime 14.87s
START GAUSSIAN EVIDENCE 0001 intermittent marked_gaussian_evidence_no_mark 405 frames
DONE GAUSSIAN EVIDENCE 0001 intermittent marked_gaussian_evidence_no_mark OSPA 4.788738 runtime 9.55s
START GAUSSIAN EVIDENCE 0001 intermittent marked_asymmetric 405 frames
DONE GAUSSIAN EVIDENCE 0001 intermittent marked_asymmetric OSPA 4.214057 runtime 8.80s
COMPLETED GAUSSIAN EVIDENCE indices 0--0 cohort=seen_transfer
