WARNING: package sun.awt.X11 not in java.desktop
WARNING: package sun.awt.X11 not in java.desktop
ECR CHECK PASSED: association weighting, miss/opportunity reset, continuous bound, unchanged negative correction and spatial density, one/equal-age identity, source exclusion, censor, packet, exact local-update and ER parity.
STABLE MARKED CHECK PASSED: exact prior-adapter state/W parity, original unity/empty diagnostic parity, unchanged scalar Bayes, exact original fusion-object and record parity for all five arms.
SELECTIVE CHECK PASSED: scalar identity, gated increments, conservative fallback, stale resets, numerical ties, exclusion, censor, spatial parity, association and mark endpoints, 224 B packet round trip.
ASYMMETRIC CHECK PASSED: both evidence signs, opposing scalar endpoints, zero-negative exact SI fallback, single-source/exclusion, stale reset, missed-likelihood contrast and native 232 B round trip.
SINGLE CHECK differences: r 2.6367796834847468e-15 mu 1.7763568394002505e-15 Sigma 0; new/old r 0 mu 0 Sigma 0
GAUSSIAN EVIDENCE CHECK PASSED: centralized Bernoulli Gaussian agreement/conflict, spatial and existence normalization, zero-gate/base and one-source behavior, curvature rejection, aggregate integrability fallback, and native 352 B round trip.
START GAUSSIAN EVIDENCE 0022 reliable marked_gaussian_evidence 229 frames
DONE GAUSSIAN EVIDENCE 0022 reliable marked_gaussian_evidence OSPA 3.109942 runtime 67.05s
START GAUSSIAN EVIDENCE 0022 reliable marked_gaussian_evidence_no_curvature 229 frames
DONE GAUSSIAN EVIDENCE 0022 reliable marked_gaussian_evidence_no_curvature OSPA 3.180125 runtime 56.09s
START GAUSSIAN EVIDENCE 0022 reliable marked_gaussian_evidence_no_history 229 frames
DONE GAUSSIAN EVIDENCE 0022 reliable marked_gaussian_evidence_no_history OSPA 3.119053 runtime 64.99s
START GAUSSIAN EVIDENCE 0022 reliable marked_gaussian_evidence_no_mark 229 frames
DONE GAUSSIAN EVIDENCE 0022 reliable marked_gaussian_evidence_no_mark OSPA 2.990992 runtime 50.37s
START GAUSSIAN EVIDENCE 0022 reliable marked_asymmetric 229 frames
DONE GAUSSIAN EVIDENCE 0022 reliable marked_asymmetric OSPA 3.303792 runtime 41.61s
START GAUSSIAN EVIDENCE 0022 intermittent marked_gaussian_evidence 229 frames
DONE GAUSSIAN EVIDENCE 0022 intermittent marked_gaussian_evidence OSPA 3.480069 runtime 55.65s
START GAUSSIAN EVIDENCE 0022 intermittent marked_gaussian_evidence_no_curvature 229 frames
DONE GAUSSIAN EVIDENCE 0022 intermittent marked_gaussian_evidence_no_curvature OSPA 3.595255 runtime 44.17s
START GAUSSIAN EVIDENCE 0022 intermittent marked_gaussian_evidence_no_history 229 frames
DONE GAUSSIAN EVIDENCE 0022 intermittent marked_gaussian_evidence_no_history OSPA 3.515292 runtime 41.71s
START GAUSSIAN EVIDENCE 0022 intermittent marked_gaussian_evidence_no_mark 229 frames
DONE GAUSSIAN EVIDENCE 0022 intermittent marked_gaussian_evidence_no_mark OSPA 3.324020 runtime 40.29s
START GAUSSIAN EVIDENCE 0022 intermittent marked_asymmetric 229 frames
DONE GAUSSIAN EVIDENCE 0022 intermittent marked_asymmetric OSPA 3.604062 runtime 33.17s
COMPLETED GAUSSIAN EVIDENCE indices 17--17 cohort=seen_transfer
