WARNING: package sun.awt.X11 not in java.desktop
WARNING: package sun.awt.X11 not in java.desktop
ECR CHECK PASSED: association weighting, miss/opportunity reset, continuous bound, unchanged negative correction and spatial density, one/equal-age identity, source exclusion, censor, packet, exact local-update and ER parity.
STABLE MARKED CHECK PASSED: exact prior-adapter state/W parity, original unity/empty diagnostic parity, unchanged scalar Bayes, exact original fusion-object and record parity for all five arms.
SELECTIVE CHECK PASSED: scalar identity, gated increments, conservative fallback, stale resets, numerical ties, exclusion, censor, spatial parity, association and mark endpoints, 224 B packet round trip.
ASYMMETRIC CHECK PASSED: both evidence signs, opposing scalar endpoints, zero-negative exact SI fallback, single-source/exclusion, stale reset, missed-likelihood contrast and native 232 B round trip.
SINGLE CHECK differences: r 2.6367796834847468e-15 mu 1.7763568394002505e-15 Sigma 0; new/old r 0 mu 0 Sigma 0
GAUSSIAN EVIDENCE CHECK PASSED: centralized Bernoulli Gaussian agreement/conflict, spatial and existence normalization, zero-gate/base and one-source behavior, curvature rejection, aggregate integrability fallback, and native 352 B round trip.
START GAUSSIAN EVIDENCE 0029 reliable marked_gaussian_evidence 165 frames
DONE GAUSSIAN EVIDENCE 0029 reliable marked_gaussian_evidence OSPA 4.627110 runtime 17.66s
START GAUSSIAN EVIDENCE 0029 reliable marked_gaussian_evidence_no_curvature 165 frames
DONE GAUSSIAN EVIDENCE 0029 reliable marked_gaussian_evidence_no_curvature OSPA 4.801891 runtime 14.08s
START GAUSSIAN EVIDENCE 0029 reliable marked_gaussian_evidence_no_history 165 frames
DONE GAUSSIAN EVIDENCE 0029 reliable marked_gaussian_evidence_no_history OSPA 4.627726 runtime 17.70s
START GAUSSIAN EVIDENCE 0029 reliable marked_gaussian_evidence_no_mark 165 frames
DONE GAUSSIAN EVIDENCE 0029 reliable marked_gaussian_evidence_no_mark OSPA 4.634476 runtime 15.79s
START GAUSSIAN EVIDENCE 0029 reliable marked_asymmetric 165 frames
DONE GAUSSIAN EVIDENCE 0029 reliable marked_asymmetric OSPA 4.943599 runtime 14.32s
START GAUSSIAN EVIDENCE 0029 intermittent marked_gaussian_evidence 165 frames
DONE GAUSSIAN EVIDENCE 0029 intermittent marked_gaussian_evidence OSPA 5.031005 runtime 13.50s
START GAUSSIAN EVIDENCE 0029 intermittent marked_gaussian_evidence_no_curvature 165 frames
DONE GAUSSIAN EVIDENCE 0029 intermittent marked_gaussian_evidence_no_curvature OSPA 5.141112 runtime 7.65s
START GAUSSIAN EVIDENCE 0029 intermittent marked_gaussian_evidence_no_history 165 frames
DONE GAUSSIAN EVIDENCE 0029 intermittent marked_gaussian_evidence_no_history OSPA 4.968887 runtime 10.64s
START GAUSSIAN EVIDENCE 0029 intermittent marked_gaussian_evidence_no_mark 165 frames
DONE GAUSSIAN EVIDENCE 0029 intermittent marked_gaussian_evidence_no_mark OSPA 4.820077 runtime 9.89s
START GAUSSIAN EVIDENCE 0029 intermittent marked_asymmetric 165 frames
DONE GAUSSIAN EVIDENCE 0029 intermittent marked_asymmetric OSPA 5.164214 runtime 6.93s
COMPLETED GAUSSIAN EVIDENCE indices 23--23 cohort=seen_transfer
