WARNING: package sun.awt.X11 not in java.desktop
WARNING: package sun.awt.X11 not in java.desktop
ECR CHECK PASSED: association weighting, miss/opportunity reset, continuous bound, unchanged negative correction and spatial density, one/equal-age identity, source exclusion, censor, packet, exact local-update and ER parity.
STABLE MARKED CHECK PASSED: exact prior-adapter state/W parity, original unity/empty diagnostic parity, unchanged scalar Bayes, exact original fusion-object and record parity for all five arms.
SELECTIVE CHECK PASSED: scalar identity, gated increments, conservative fallback, stale resets, numerical ties, exclusion, censor, spatial parity, association and mark endpoints, 224 B packet round trip.
ASYMMETRIC CHECK PASSED: both evidence signs, opposing scalar endpoints, zero-negative exact SI fallback, single-source/exclusion, stale reset, missed-likelihood contrast and native 232 B round trip.
SINGLE CHECK differences: r 2.6367796834847468e-15 mu 1.7763568394002505e-15 Sigma 0; new/old r 0 mu 0 Sigma 0
GAUSSIAN EVIDENCE CHECK PASSED: centralized Bernoulli Gaussian agreement/conflict, spatial and existence normalization, zero-gate/base and one-source behavior, curvature rejection, aggregate integrability fallback, and native 352 B round trip.
START GAUSSIAN EVIDENCE 0003 reliable marked_gaussian_evidence 1244 frames
DONE GAUSSIAN EVIDENCE 0003 reliable marked_gaussian_evidence OSPA 1.552274 runtime 51.16s
START GAUSSIAN EVIDENCE 0003 reliable marked_gaussian_evidence_no_curvature 1244 frames
DONE GAUSSIAN EVIDENCE 0003 reliable marked_gaussian_evidence_no_curvature OSPA 1.546026 runtime 57.51s
START GAUSSIAN EVIDENCE 0003 reliable marked_gaussian_evidence_no_history 1244 frames
DONE GAUSSIAN EVIDENCE 0003 reliable marked_gaussian_evidence_no_history OSPA 1.571851 runtime 65.89s
START GAUSSIAN EVIDENCE 0003 reliable marked_gaussian_evidence_no_mark 1244 frames
DONE GAUSSIAN EVIDENCE 0003 reliable marked_gaussian_evidence_no_mark OSPA 1.924487 runtime 62.61s
START GAUSSIAN EVIDENCE 0003 reliable marked_asymmetric 1244 frames
DONE GAUSSIAN EVIDENCE 0003 reliable marked_asymmetric OSPA 1.510564 runtime 38.54s
START GAUSSIAN EVIDENCE 0003 intermittent marked_gaussian_evidence 1244 frames
DONE GAUSSIAN EVIDENCE 0003 intermittent marked_gaussian_evidence OSPA 1.957738 runtime 40.95s
START GAUSSIAN EVIDENCE 0003 intermittent marked_gaussian_evidence_no_curvature 1244 frames
DONE GAUSSIAN EVIDENCE 0003 intermittent marked_gaussian_evidence_no_curvature OSPA 1.945747 runtime 44.29s
START GAUSSIAN EVIDENCE 0003 intermittent marked_gaussian_evidence_no_history 1244 frames
DONE GAUSSIAN EVIDENCE 0003 intermittent marked_gaussian_evidence_no_history OSPA 1.979858 runtime 43.68s
START GAUSSIAN EVIDENCE 0003 intermittent marked_gaussian_evidence_no_mark 1244 frames
DONE GAUSSIAN EVIDENCE 0003 intermittent marked_gaussian_evidence_no_mark OSPA 2.315892 runtime 46.92s
START GAUSSIAN EVIDENCE 0003 intermittent marked_asymmetric 1244 frames
DONE GAUSSIAN EVIDENCE 0003 intermittent marked_asymmetric OSPA 1.905058 runtime 36.67s
COMPLETED GAUSSIAN EVIDENCE indices 2--2 cohort=seen_transfer
