WARNING: package sun.awt.X11 not in java.desktop
WARNING: package sun.awt.X11 not in java.desktop
ECR CHECK PASSED: association weighting, miss/opportunity reset, continuous bound, unchanged negative correction and spatial density, one/equal-age identity, source exclusion, censor, packet, exact local-update and ER parity.
STABLE MARKED CHECK PASSED: exact prior-adapter state/W parity, original unity/empty diagnostic parity, unchanged scalar Bayes, exact original fusion-object and record parity for all five arms.
SELECTIVE CHECK PASSED: scalar identity, gated increments, conservative fallback, stale resets, numerical ties, exclusion, censor, spatial parity, association and mark endpoints, 224 B packet round trip.
ASYMMETRIC CHECK PASSED: both evidence signs, opposing scalar endpoints, zero-negative exact SI fallback, single-source/exclusion, stale reset, missed-likelihood contrast and native 232 B round trip.
SINGLE CHECK differences: r 2.6367796834847468e-15 mu 1.7763568394002505e-15 Sigma 0; new/old r 0 mu 0 Sigma 0
GAUSSIAN EVIDENCE CHECK PASSED: centralized Bernoulli Gaussian agreement/conflict, spatial and existence normalization, zero-gate/base and one-source behavior, curvature rejection, aggregate integrability fallback, and native 352 B round trip.
START GAUSSIAN EVIDENCE 0012 reliable marked_gaussian_evidence 124 frames
DONE GAUSSIAN EVIDENCE 0012 reliable marked_gaussian_evidence OSPA 5.466904 runtime 22.74s
START GAUSSIAN EVIDENCE 0012 reliable marked_gaussian_evidence_no_curvature 124 frames
DONE GAUSSIAN EVIDENCE 0012 reliable marked_gaussian_evidence_no_curvature OSPA 5.308014 runtime 15.10s
START GAUSSIAN EVIDENCE 0012 reliable marked_gaussian_evidence_no_history 124 frames
DONE GAUSSIAN EVIDENCE 0012 reliable marked_gaussian_evidence_no_history OSPA 5.363268 runtime 17.11s
START GAUSSIAN EVIDENCE 0012 reliable marked_gaussian_evidence_no_mark 124 frames
DONE GAUSSIAN EVIDENCE 0012 reliable marked_gaussian_evidence_no_mark OSPA 5.019222 runtime 12.10s
START GAUSSIAN EVIDENCE 0012 reliable marked_asymmetric 124 frames
DONE GAUSSIAN EVIDENCE 0012 reliable marked_asymmetric OSPA 5.552686 runtime 22.09s
START GAUSSIAN EVIDENCE 0012 intermittent marked_gaussian_evidence 124 frames
DONE GAUSSIAN EVIDENCE 0012 intermittent marked_gaussian_evidence OSPA 5.348672 runtime 16.95s
START GAUSSIAN EVIDENCE 0012 intermittent marked_gaussian_evidence_no_curvature 124 frames
DONE GAUSSIAN EVIDENCE 0012 intermittent marked_gaussian_evidence_no_curvature OSPA 5.509069 runtime 18.53s
START GAUSSIAN EVIDENCE 0012 intermittent marked_gaussian_evidence_no_history 124 frames
DONE GAUSSIAN EVIDENCE 0012 intermittent marked_gaussian_evidence_no_history OSPA 5.344215 runtime 17.44s
START GAUSSIAN EVIDENCE 0012 intermittent marked_gaussian_evidence_no_mark 124 frames
DONE GAUSSIAN EVIDENCE 0012 intermittent marked_gaussian_evidence_no_mark OSPA 4.951999 runtime 36.59s
START GAUSSIAN EVIDENCE 0012 intermittent marked_asymmetric 124 frames
DONE GAUSSIAN EVIDENCE 0012 intermittent marked_asymmetric OSPA 5.899925 runtime 20.62s
COMPLETED GAUSSIAN EVIDENCE indices 9--9 cohort=seen_transfer
