WARNING: package sun.awt.X11 not in java.desktop
WARNING: package sun.awt.X11 not in java.desktop
ECR CHECK PASSED: association weighting, miss/opportunity reset, continuous bound, unchanged negative correction and spatial density, one/equal-age identity, source exclusion, censor, packet, exact local-update and ER parity.
STABLE MARKED CHECK PASSED: exact prior-adapter state/W parity, original unity/empty diagnostic parity, unchanged scalar Bayes, exact original fusion-object and record parity for all five arms.
SELECTIVE CHECK PASSED: scalar identity, gated increments, conservative fallback, stale resets, numerical ties, exclusion, censor, spatial parity, association and mark endpoints, 224 B packet round trip.
ASYMMETRIC CHECK PASSED: both evidence signs, opposing scalar endpoints, zero-negative exact SI fallback, single-source/exclusion, stale reset, missed-likelihood contrast and native 232 B round trip.
SINGLE CHECK differences: r 2.6367796834847468e-15 mu 1.7763568394002505e-15 Sigma 0; new/old r 0 mu 0 Sigma 0
GAUSSIAN EVIDENCE CHECK PASSED: centralized Bernoulli Gaussian agreement/conflict, spatial and existence normalization, zero-gate/base and one-source behavior, curvature rejection, aggregate integrability fallback, and native 352 B round trip.
START GAUSSIAN EVIDENCE 0018 reliable marked_gaussian_evidence 183 frames
DONE GAUSSIAN EVIDENCE 0018 reliable marked_gaussian_evidence OSPA 2.451295 runtime 19.26s
START GAUSSIAN EVIDENCE 0018 reliable marked_gaussian_evidence_no_curvature 183 frames
DONE GAUSSIAN EVIDENCE 0018 reliable marked_gaussian_evidence_no_curvature OSPA 2.469584 runtime 15.84s
START GAUSSIAN EVIDENCE 0018 reliable marked_gaussian_evidence_no_history 183 frames
DONE GAUSSIAN EVIDENCE 0018 reliable marked_gaussian_evidence_no_history OSPA 2.490456 runtime 18.99s
START GAUSSIAN EVIDENCE 0018 reliable marked_gaussian_evidence_no_mark 183 frames
DONE GAUSSIAN EVIDENCE 0018 reliable marked_gaussian_evidence_no_mark OSPA 2.616460 runtime 15.00s
START GAUSSIAN EVIDENCE 0018 reliable marked_asymmetric 183 frames
DONE GAUSSIAN EVIDENCE 0018 reliable marked_asymmetric OSPA 2.454449 runtime 15.03s
START GAUSSIAN EVIDENCE 0018 intermittent marked_gaussian_evidence 183 frames
DONE GAUSSIAN EVIDENCE 0018 intermittent marked_gaussian_evidence OSPA 2.501018 runtime 13.75s
START GAUSSIAN EVIDENCE 0018 intermittent marked_gaussian_evidence_no_curvature 183 frames
DONE GAUSSIAN EVIDENCE 0018 intermittent marked_gaussian_evidence_no_curvature OSPA 2.500284 runtime 14.34s
START GAUSSIAN EVIDENCE 0018 intermittent marked_gaussian_evidence_no_history 183 frames
DONE GAUSSIAN EVIDENCE 0018 intermittent marked_gaussian_evidence_no_history OSPA 2.500894 runtime 14.55s
START GAUSSIAN EVIDENCE 0018 intermittent marked_gaussian_evidence_no_mark 183 frames
DONE GAUSSIAN EVIDENCE 0018 intermittent marked_gaussian_evidence_no_mark OSPA 2.729657 runtime 11.88s
START GAUSSIAN EVIDENCE 0018 intermittent marked_asymmetric 183 frames
DONE GAUSSIAN EVIDENCE 0018 intermittent marked_asymmetric OSPA 2.550046 runtime 10.82s
COMPLETED GAUSSIAN EVIDENCE indices 14--14 cohort=seen_transfer
