WARNING: package sun.awt.X11 not in java.desktop
WARNING: package sun.awt.X11 not in java.desktop
ECR CHECK PASSED: association weighting, miss/opportunity reset, continuous bound, unchanged negative correction and spatial density, one/equal-age identity, source exclusion, censor, packet, exact local-update and ER parity.
STABLE MARKED CHECK PASSED: exact prior-adapter state/W parity, original unity/empty diagnostic parity, unchanged scalar Bayes, exact original fusion-object and record parity for all five arms.
SELECTIVE CHECK PASSED: scalar identity, gated increments, conservative fallback, stale resets, numerical ties, exclusion, censor, spatial parity, association and mark endpoints, 224 B packet round trip.
ASYMMETRIC CHECK PASSED: both evidence signs, opposing scalar endpoints, zero-negative exact SI fallback, single-source/exclusion, stale reset, missed-likelihood contrast and native 232 B round trip.
SINGLE CHECK differences: r 2.6367796834847468e-15 mu 1.7763568394002505e-15 Sigma 0; new/old r 0 mu 0 Sigma 0
GAUSSIAN EVIDENCE CHECK PASSED: centralized Bernoulli Gaussian agreement/conflict, spatial and existence normalization, zero-gate/base and one-source behavior, curvature rejection, aggregate integrability fallback, and native 352 B round trip.
START GAUSSIAN EVIDENCE 0004 reliable marked_gaussian_evidence 133 frames
DONE GAUSSIAN EVIDENCE 0004 reliable marked_gaussian_evidence OSPA 3.632777 runtime 4.68s
START GAUSSIAN EVIDENCE 0004 reliable marked_gaussian_evidence_no_curvature 133 frames
DONE GAUSSIAN EVIDENCE 0004 reliable marked_gaussian_evidence_no_curvature OSPA 3.680826 runtime 2.19s
START GAUSSIAN EVIDENCE 0004 reliable marked_gaussian_evidence_no_history 133 frames
DONE GAUSSIAN EVIDENCE 0004 reliable marked_gaussian_evidence_no_history OSPA 3.775022 runtime 1.74s
START GAUSSIAN EVIDENCE 0004 reliable marked_gaussian_evidence_no_mark 133 frames
DONE GAUSSIAN EVIDENCE 0004 reliable marked_gaussian_evidence_no_mark OSPA 3.159993 runtime 1.30s
START GAUSSIAN EVIDENCE 0004 reliable marked_asymmetric 133 frames
DONE GAUSSIAN EVIDENCE 0004 reliable marked_asymmetric OSPA 3.743754 runtime 1.50s
START GAUSSIAN EVIDENCE 0004 intermittent marked_gaussian_evidence 133 frames
DONE GAUSSIAN EVIDENCE 0004 intermittent marked_gaussian_evidence OSPA 3.001678 runtime 1.24s
START GAUSSIAN EVIDENCE 0004 intermittent marked_gaussian_evidence_no_curvature 133 frames
DONE GAUSSIAN EVIDENCE 0004 intermittent marked_gaussian_evidence_no_curvature OSPA 3.012355 runtime 1.06s
START GAUSSIAN EVIDENCE 0004 intermittent marked_gaussian_evidence_no_history 133 frames
DONE GAUSSIAN EVIDENCE 0004 intermittent marked_gaussian_evidence_no_history OSPA 2.964328 runtime 1.35s
START GAUSSIAN EVIDENCE 0004 intermittent marked_gaussian_evidence_no_mark 133 frames
DONE GAUSSIAN EVIDENCE 0004 intermittent marked_gaussian_evidence_no_mark OSPA 2.811351 runtime 1.14s
START GAUSSIAN EVIDENCE 0004 intermittent marked_asymmetric 133 frames
DONE GAUSSIAN EVIDENCE 0004 intermittent marked_asymmetric OSPA 3.020729 runtime 1.02s
COMPLETED GAUSSIAN EVIDENCE indices 3--3 cohort=seen_transfer
