WARNING: package sun.awt.X11 not in java.desktop
WARNING: package sun.awt.X11 not in java.desktop
ECR CHECK PASSED: association weighting, miss/opportunity reset, continuous bound, unchanged negative correction and spatial density, one/equal-age identity, source exclusion, censor, packet, exact local-update and ER parity.
STABLE MARKED CHECK PASSED: exact prior-adapter state/W parity, original unity/empty diagnostic parity, unchanged scalar Bayes, exact original fusion-object and record parity for all five arms.
SELECTIVE CHECK PASSED: scalar identity, gated increments, conservative fallback, stale resets, numerical ties, exclusion, censor, spatial parity, association and mark endpoints, 224 B packet round trip.
ASYMMETRIC CHECK PASSED: both evidence signs, opposing scalar endpoints, zero-negative exact SI fallback, single-source/exclusion, stale reset, missed-likelihood contrast and native 232 B round trip.
SINGLE CHECK differences: r 2.6367796834847468e-15 mu 1.7763568394002505e-15 Sigma 0; new/old r 0 mu 0 Sigma 0
GAUSSIAN EVIDENCE CHECK PASSED: centralized Bernoulli Gaussian agreement/conflict, spatial and existence normalization, zero-gate/base and one-source behavior, curvature rejection, aggregate integrability fallback, and native 352 B round trip.
START GAUSSIAN EVIDENCE 0007 reliable marked_gaussian_evidence 148 frames
DONE GAUSSIAN EVIDENCE 0007 reliable marked_gaussian_evidence OSPA 2.758468 runtime 6.35s
START GAUSSIAN EVIDENCE 0007 reliable marked_gaussian_evidence_no_curvature 148 frames
DONE GAUSSIAN EVIDENCE 0007 reliable marked_gaussian_evidence_no_curvature OSPA 2.773259 runtime 3.13s
START GAUSSIAN EVIDENCE 0007 reliable marked_gaussian_evidence_no_history 148 frames
DONE GAUSSIAN EVIDENCE 0007 reliable marked_gaussian_evidence_no_history OSPA 2.826204 runtime 2.61s
START GAUSSIAN EVIDENCE 0007 reliable marked_gaussian_evidence_no_mark 148 frames
DONE GAUSSIAN EVIDENCE 0007 reliable marked_gaussian_evidence_no_mark OSPA 5.550926 runtime 2.69s
START GAUSSIAN EVIDENCE 0007 reliable marked_asymmetric 148 frames
DONE GAUSSIAN EVIDENCE 0007 reliable marked_asymmetric OSPA 2.756406 runtime 2.60s
START GAUSSIAN EVIDENCE 0007 intermittent marked_gaussian_evidence 148 frames
DONE GAUSSIAN EVIDENCE 0007 intermittent marked_gaussian_evidence OSPA 4.476788 runtime 2.65s
START GAUSSIAN EVIDENCE 0007 intermittent marked_gaussian_evidence_no_curvature 148 frames
DONE GAUSSIAN EVIDENCE 0007 intermittent marked_gaussian_evidence_no_curvature OSPA 4.579650 runtime 2.45s
START GAUSSIAN EVIDENCE 0007 intermittent marked_gaussian_evidence_no_history 148 frames
DONE GAUSSIAN EVIDENCE 0007 intermittent marked_gaussian_evidence_no_history OSPA 4.476788 runtime 2.35s
START GAUSSIAN EVIDENCE 0007 intermittent marked_gaussian_evidence_no_mark 148 frames
DONE GAUSSIAN EVIDENCE 0007 intermittent marked_gaussian_evidence_no_mark OSPA 5.641958 runtime 2.23s
START GAUSSIAN EVIDENCE 0007 intermittent marked_asymmetric 148 frames
DONE GAUSSIAN EVIDENCE 0007 intermittent marked_asymmetric OSPA 4.624570 runtime 2.49s
COMPLETED GAUSSIAN EVIDENCE indices 5--5 cohort=seen_transfer
