WARNING: package sun.awt.X11 not in java.desktop
WARNING: package sun.awt.X11 not in java.desktop
ECR CHECK PASSED: association weighting, miss/opportunity reset, continuous bound, unchanged negative correction and spatial density, one/equal-age identity, source exclusion, censor, packet, exact local-update and ER parity.
STABLE MARKED CHECK PASSED: exact prior-adapter state/W parity, original unity/empty diagnostic parity, unchanged scalar Bayes, exact original fusion-object and record parity for all five arms.
SELECTIVE CHECK PASSED: scalar identity, gated increments, conservative fallback, stale resets, numerical ties, exclusion, censor, spatial parity, association and mark endpoints, 224 B packet round trip.
ASYMMETRIC CHECK PASSED: both evidence signs, opposing scalar endpoints, zero-negative exact SI fallback, single-source/exclusion, stale reset, missed-likelihood contrast and native 232 B round trip.
SINGLE CHECK differences: r 2.6367796834847468e-15 mu 1.7763568394002505e-15 Sigma 0; new/old r 0 mu 0 Sigma 0
GAUSSIAN EVIDENCE CHECK PASSED: centralized Bernoulli Gaussian agreement/conflict, spatial and existence normalization, zero-gate/base and one-source behavior, curvature rejection, aggregate integrability fallback, and native 352 B round trip.
START GAUSSIAN EVIDENCE 0006 reliable marked_gaussian_evidence 122 frames
DONE GAUSSIAN EVIDENCE 0006 reliable marked_gaussian_evidence OSPA 0.597030 runtime 4.06s
START GAUSSIAN EVIDENCE 0006 reliable marked_gaussian_evidence_no_curvature 122 frames
DONE GAUSSIAN EVIDENCE 0006 reliable marked_gaussian_evidence_no_curvature OSPA 0.596901 runtime 1.72s
START GAUSSIAN EVIDENCE 0006 reliable marked_gaussian_evidence_no_history 122 frames
DONE GAUSSIAN EVIDENCE 0006 reliable marked_gaussian_evidence_no_history OSPA 0.597030 runtime 1.67s
START GAUSSIAN EVIDENCE 0006 reliable marked_gaussian_evidence_no_mark 122 frames
DONE GAUSSIAN EVIDENCE 0006 reliable marked_gaussian_evidence_no_mark OSPA 0.596402 runtime 1.55s
START GAUSSIAN EVIDENCE 0006 reliable marked_asymmetric 122 frames
DONE GAUSSIAN EVIDENCE 0006 reliable marked_asymmetric OSPA 0.595376 runtime 2.33s
START GAUSSIAN EVIDENCE 0006 intermittent marked_gaussian_evidence 122 frames
DONE GAUSSIAN EVIDENCE 0006 intermittent marked_gaussian_evidence OSPA 0.601715 runtime 1.58s
START GAUSSIAN EVIDENCE 0006 intermittent marked_gaussian_evidence_no_curvature 122 frames
DONE GAUSSIAN EVIDENCE 0006 intermittent marked_gaussian_evidence_no_curvature OSPA 0.601571 runtime 1.51s
START GAUSSIAN EVIDENCE 0006 intermittent marked_gaussian_evidence_no_history 122 frames
DONE GAUSSIAN EVIDENCE 0006 intermittent marked_gaussian_evidence_no_history OSPA 0.601715 runtime 1.45s
START GAUSSIAN EVIDENCE 0006 intermittent marked_gaussian_evidence_no_mark 122 frames
DONE GAUSSIAN EVIDENCE 0006 intermittent marked_gaussian_evidence_no_mark OSPA 0.600890 runtime 1.42s
START GAUSSIAN EVIDENCE 0006 intermittent marked_asymmetric 122 frames
DONE GAUSSIAN EVIDENCE 0006 intermittent marked_asymmetric OSPA 0.600255 runtime 1.74s
COMPLETED GAUSSIAN EVIDENCE indices 4--4 cohort=seen_transfer
