CONTROL START development 0000
CONTROL START development 0001
CONTROL END development 0001 return 0 complete True files 2
CONTROL START development 0002
CONTROL END development 0000 return 0 complete True files 2
CONTROL START development 0003
CONTROL END development 0002 return 0 complete True files 2
CONTROL START development 0004
CONTROL END development 0003 return 0 complete True files 2
CONTROL START development 0005
CONTROL END development 0004 return 0 complete True files 2
CONTROL START development 0006
CONTROL END development 0005 return 0 complete True files 2
CONTROL START development 0007
CONTROL END development 0006 return 0 complete True files 2
CONTROL START development 0008
CONTROL END development 0007 return 0 complete True files 2
CONTROL START holdout 0001
CONTROL END holdout 0001 return 0 complete True files 2
CONTROL START holdout 0002
CONTROL END holdout 0002 return 0 complete True files 2
CONTROL START holdout 0003
CONTROL END development 0008 return 0 complete True files 2
CONTROL START holdout 0004
CONTROL END holdout 0004 return 0 complete True files 2
CONTROL START holdout 0006
CONTROL END holdout 0006 return 0 complete True files 2
CONTROL START holdout 0007
CONTROL END holdout 0007 return 0 complete True files 2
CONTROL START holdout 0008
CONTROL END holdout 0003 return 0 complete True files 2
CONTROL START holdout 0009
CONTROL END holdout 0009 return 0 complete True files 2
CONTROL START holdout 0011
CONTROL END holdout 0011 return 0 complete True files 2
CONTROL START holdout 0012
CONTROL END holdout 0012 return 0 complete True files 2
CONTROL START holdout 0013
CONTROL END holdout 0008 return 0 complete True files 2
CONTROL START holdout 0014
CONTROL END holdout 0013 return 0 complete True files 2
CONTROL START holdout 0016
CONTROL END holdout 0016 return 0 complete True files 2
CONTROL START holdout 0017
CONTROL END holdout 0017 return 0 complete True files 2
CONTROL START holdout 0018
CONTROL END holdout 0018 return 0 complete True files 2
CONTROL START holdout 0019
CONTROL END holdout 0019 return 0 complete True files 2
CONTROL START holdout 0021
CONTROL END holdout 0014 return 0 complete True files 2
CONTROL START holdout 0022
CONTROL END holdout 0021 return 0 complete True files 2
CONTROL START holdout 0023
CONTROL END holdout 0023 return 0 complete True files 2
CONTROL START holdout 0024
CONTROL END holdout 0022 return 0 complete True files 2
CONTROL START holdout 0026
CONTROL END holdout 0024 return 0 complete True files 2
CONTROL START holdout 0027
CONTROL END holdout 0026 return 0 complete True files 2
CONTROL START holdout 0028
CONTROL END holdout 0027 return 0 complete True files 2
CONTROL START holdout 0029
CONTROL END holdout 0028 return 0 complete True files 2
CONTROL START holdout 0031
CONTROL END holdout 0031 return 0 complete True files 2
CONTROL END holdout 0029 return 0 complete True files 2
ALL EXTRA CONTROL RUNS COMPLETE: 34 sequences; 68 files.
