WARNING: package sun.awt.X11 not in java.desktop
WARNING: package sun.awt.X11 not in java.desktop
ECR CHECK PASSED: association weighting, miss/opportunity reset, continuous bound, unchanged negative correction and spatial density, one/equal-age identity, source exclusion, censor, packet, exact local-update and ER parity.
STABLE MARKED CHECK PASSED: exact prior-adapter state/W parity, original unity/empty diagnostic parity, unchanged scalar Bayes, exact original fusion-object and record parity for all five arms.
SELECTIVE CHECK PASSED: scalar identity, gated increments, conservative fallback, stale resets, numerical ties, exclusion, censor, spatial parity, association and mark endpoints, 224 B packet round trip.
ASYMMETRIC CHECK PASSED: both evidence signs, opposing scalar endpoints, zero-negative exact SI fallback, single-source/exclusion, stale reset, missed-likelihood contrast and native 232 B round trip.
SINGLE CHECK differences: r 2.6367796834847468e-15 mu 1.7763568394002505e-15 Sigma 0; new/old r 0 mu 0 Sigma 0
GAUSSIAN EVIDENCE CHECK PASSED: centralized Bernoulli Gaussian agreement/conflict, spatial and existence normalization, zero-gate/base and one-source behavior, curvature rejection, aggregate integrability fallback, and native 352 B round trip.
REVIEW CONTROL CHECK PASSED: GS p0/I0 and guarded exponents; fixed ratio equivalence; rejection, stale/single source, aggregate fallback.
START REVIEW pd080_development 0005 reliable marked_lineage 310 frames
DONE REVIEW pd080_development 0005 reliable marked_lineage OSPA 4.728897 runtime 143.40s
START REVIEW pd080_development 0005 reliable marked_asymmetric 310 frames
DONE REVIEW pd080_development 0005 reliable marked_asymmetric OSPA 4.700117 runtime 122.36s
START REVIEW pd080_development 0005 reliable marked_gaussian_evidence_guarded_scalar 310 frames
DONE REVIEW pd080_development 0005 reliable marked_gaussian_evidence_guarded_scalar OSPA 4.699103 runtime 132.70s
START REVIEW pd080_development 0005 reliable marked_gaussian_evidence 310 frames
DONE REVIEW pd080_development 0005 reliable marked_gaussian_evidence OSPA 4.562169 runtime 97.85s
START REVIEW pd080_development 0005 intermittent marked_lineage 310 frames
DONE REVIEW pd080_development 0005 intermittent marked_lineage OSPA 4.999853 runtime 120.87s
START REVIEW pd080_development 0005 intermittent marked_asymmetric 310 frames
DONE REVIEW pd080_development 0005 intermittent marked_asymmetric OSPA 5.088862 runtime 87.18s
START REVIEW pd080_development 0005 intermittent marked_gaussian_evidence_guarded_scalar 310 frames
DONE REVIEW pd080_development 0005 intermittent marked_gaussian_evidence_guarded_scalar OSPA 5.011445 runtime 81.58s
START REVIEW pd080_development 0005 intermittent marked_gaussian_evidence 310 frames
DONE REVIEW pd080_development 0005 intermittent marked_gaussian_evidence OSPA 4.908878 runtime 87.07s
COMPLETED REVIEW pd080_development 0005
