WARNING: package sun.awt.X11 not in java.desktop
WARNING: package sun.awt.X11 not in java.desktop
ECR CHECK PASSED: association weighting, miss/opportunity reset, continuous bound, unchanged negative correction and spatial density, one/equal-age identity, source exclusion, censor, packet, exact local-update and ER parity.
STABLE MARKED CHECK PASSED: exact prior-adapter state/W parity, original unity/empty diagnostic parity, unchanged scalar Bayes, exact original fusion-object and record parity for all five arms.
SELECTIVE CHECK PASSED: scalar identity, gated increments, conservative fallback, stale resets, numerical ties, exclusion, censor, spatial parity, association and mark endpoints, 224 B packet round trip.
ASYMMETRIC CHECK PASSED: both evidence signs, opposing scalar endpoints, zero-negative exact SI fallback, single-source/exclusion, stale reset, missed-likelihood contrast and native 232 B round trip.
SINGLE CHECK differences: r 2.6367796834847468e-15 mu 1.7763568394002505e-15 Sigma 0; new/old r 0 mu 0 Sigma 0
GAUSSIAN EVIDENCE CHECK PASSED: centralized Bernoulli Gaussian agreement/conflict, spatial and existence normalization, zero-gate/base and one-source behavior, curvature rejection, aggregate integrability fallback, and native 352 B round trip.
REVIEW CONTROL CHECK PASSED: GS p0/I0 and guarded exponents; fixed ratio equivalence; rejection, stale/single source, aggregate fallback.
START REVIEW pd080_development 0006 reliable marked_lineage 304 frames
DONE REVIEW pd080_development 0006 reliable marked_lineage OSPA 6.049125 runtime 45.33s
START REVIEW pd080_development 0006 reliable marked_asymmetric 304 frames
DONE REVIEW pd080_development 0006 reliable marked_asymmetric OSPA 5.812656 runtime 37.17s
START REVIEW pd080_development 0006 reliable marked_gaussian_evidence_guarded_scalar 304 frames
DONE REVIEW pd080_development 0006 reliable marked_gaussian_evidence_guarded_scalar OSPA 6.063781 runtime 43.01s
START REVIEW pd080_development 0006 reliable marked_gaussian_evidence 304 frames
DONE REVIEW pd080_development 0006 reliable marked_gaussian_evidence OSPA 6.129997 runtime 44.85s
START REVIEW pd080_development 0006 intermittent marked_lineage 304 frames
DONE REVIEW pd080_development 0006 intermittent marked_lineage OSPA 5.824809 runtime 43.27s
START REVIEW pd080_development 0006 intermittent marked_asymmetric 304 frames
DONE REVIEW pd080_development 0006 intermittent marked_asymmetric OSPA 5.621275 runtime 36.90s
START REVIEW pd080_development 0006 intermittent marked_gaussian_evidence_guarded_scalar 304 frames
DONE REVIEW pd080_development 0006 intermittent marked_gaussian_evidence_guarded_scalar OSPA 5.954312 runtime 39.61s
START REVIEW pd080_development 0006 intermittent marked_gaussian_evidence 304 frames
DONE REVIEW pd080_development 0006 intermittent marked_gaussian_evidence OSPA 5.998271 runtime 35.46s
COMPLETED REVIEW pd080_development 0006
