NATIVE ALIGNMENT INDEPENDENTLY VERIFIED alignment_corrected 0000 marked_gaussian_evidence
NATIVE ALIGNMENT INDEPENDENTLY VERIFIED alignment_corrected 0000 marked_lineage
NATIVE ALIGNMENT INDEPENDENTLY VERIFIED alignment_corrected 0001 marked_gaussian_evidence
NATIVE ALIGNMENT INDEPENDENTLY VERIFIED alignment_corrected 0001 marked_lineage
NATIVE ALIGNMENT INDEPENDENTLY VERIFIED alignment_corrected 0002 marked_gaussian_evidence
NATIVE ALIGNMENT INDEPENDENTLY VERIFIED alignment_corrected 0002 marked_lineage
NATIVE ALIGNMENT INDEPENDENTLY VERIFIED alignment_corrected 0003 marked_gaussian_evidence
NATIVE ALIGNMENT INDEPENDENTLY VERIFIED alignment_corrected 0003 marked_lineage
NATIVE ALIGNMENT INDEPENDENTLY VERIFIED alignment_corrected 0004 marked_gaussian_evidence
NATIVE ALIGNMENT INDEPENDENTLY VERIFIED alignment_corrected 0004 marked_lineage
NATIVE ALIGNMENT INDEPENDENTLY VERIFIED alignment_corrected 0005 marked_gaussian_evidence
NATIVE ALIGNMENT INDEPENDENTLY VERIFIED alignment_corrected 0005 marked_lineage
NATIVE ALIGNMENT INDEPENDENTLY VERIFIED alignment_corrected 0006 marked_gaussian_evidence
NATIVE ALIGNMENT INDEPENDENTLY VERIFIED alignment_corrected 0006 marked_lineage
NATIVE ALIGNMENT INDEPENDENTLY VERIFIED alignment_corrected 0007 marked_gaussian_evidence
NATIVE ALIGNMENT INDEPENDENTLY VERIFIED alignment_corrected 0007 marked_lineage
NATIVE ALIGNMENT INDEPENDENTLY VERIFIED alignment_corrected 0008 marked_gaussian_evidence
NATIVE ALIGNMENT INDEPENDENTLY VERIFIED alignment_corrected 0008 marked_lineage
NATIVE ALIGNMENT INDEPENDENTLY VERIFIED alignment_corrected v2x_0000 marked_gaussian_evidence
NATIVE ALIGNMENT INDEPENDENTLY VERIFIED alignment_corrected v2x_0000 marked_lineage
NATIVE ALIGNMENT INDEPENDENTLY VERIFIED alignment_corrected v2x_0001 marked_gaussian_evidence
NATIVE ALIGNMENT INDEPENDENTLY VERIFIED alignment_corrected v2x_0001 marked_lineage
NATIVE ALIGNMENT INDEPENDENTLY VERIFIED alignment_corrected v2x_0002 marked_gaussian_evidence
NATIVE ALIGNMENT INDEPENDENTLY VERIFIED alignment_corrected v2x_0002 marked_lineage
NATIVE ALIGNMENT INDEPENDENTLY VERIFIED alignment_corrected v2x_0003 marked_gaussian_evidence
NATIVE ALIGNMENT INDEPENDENTLY VERIFIED alignment_corrected v2x_0003 marked_lineage
NATIVE ALIGNMENT INDEPENDENTLY VERIFIED alignment_corrected v2x_0004 marked_gaussian_evidence
NATIVE ALIGNMENT INDEPENDENTLY VERIFIED alignment_corrected v2x_0004 marked_lineage
ALL NATIVE ALIGNMENT AUDITS PASSED alignment_corrected 28 complete runs
