WARNING: package sun.awt.X11 not in java.desktop
WARNING: package sun.awt.X11 not in java.desktop
ECR CHECK PASSED: association weighting, miss/opportunity reset, continuous bound, unchanged negative correction and spatial density, one/equal-age identity, source exclusion, censor, packet, exact local-update and ER parity.
STABLE MARKED CHECK PASSED: exact prior-adapter state/W parity, original unity/empty diagnostic parity, unchanged scalar Bayes, exact original fusion-object and record parity for all five arms.
SELECTIVE CHECK PASSED: scalar identity, gated increments, conservative fallback, stale resets, numerical ties, exclusion, censor, spatial parity, association and mark endpoints, 224 B packet round trip.
ASYMMETRIC CHECK PASSED: both evidence signs, opposing scalar endpoints, zero-negative exact SI fallback, single-source/exclusion, stale reset, missed-likelihood contrast and native 232 B round trip.
SINGLE CHECK differences: r 2.6367796834847468e-15 mu 1.7763568394002505e-15 Sigma 0; new/old r 0 mu 0 Sigma 0
GAUSSIAN EVIDENCE CHECK PASSED: centralized Bernoulli Gaussian agreement/conflict, spatial and existence normalization, zero-gate/base and one-source behavior, curvature rejection, aggregate integrability fallback, and native 352 B round trip.
REVIEW CONTROL CHECK PASSED: GS p0/I0 and guarded exponents; fixed ratio equivalence; rejection, stale/single source, aggregate fallback.
START REVIEW controls_development 0005 reliable marked_gaussian_evidence_guarded_scalar 310 frames
DONE REVIEW controls_development 0005 reliable marked_gaussian_evidence_guarded_scalar OSPA 4.617582 runtime 51.64s
START REVIEW controls_development 0005 reliable marked_gaussian_evidence_fixed_025 310 frames
DONE REVIEW controls_development 0005 reliable marked_gaussian_evidence_fixed_025 OSPA 4.602839 runtime 56.50s
START REVIEW controls_development 0005 reliable marked_gaussian_evidence_fixed_050 310 frames
DONE REVIEW controls_development 0005 reliable marked_gaussian_evidence_fixed_050 OSPA 4.519986 runtime 59.78s
START REVIEW controls_development 0005 reliable marked_gaussian_evidence_fixed_100 310 frames
DONE REVIEW controls_development 0005 reliable marked_gaussian_evidence_fixed_100 OSPA 4.598127 runtime 60.37s
START REVIEW controls_development 0005 intermittent marked_gaussian_evidence_guarded_scalar 310 frames
DONE REVIEW controls_development 0005 intermittent marked_gaussian_evidence_guarded_scalar OSPA 5.024269 runtime 55.46s
START REVIEW controls_development 0005 intermittent marked_gaussian_evidence_fixed_025 310 frames
DONE REVIEW controls_development 0005 intermittent marked_gaussian_evidence_fixed_025 OSPA 4.986674 runtime 55.62s
START REVIEW controls_development 0005 intermittent marked_gaussian_evidence_fixed_050 310 frames
DONE REVIEW controls_development 0005 intermittent marked_gaussian_evidence_fixed_050 OSPA 4.955708 runtime 48.74s
START REVIEW controls_development 0005 intermittent marked_gaussian_evidence_fixed_100 310 frames
DONE REVIEW controls_development 0005 intermittent marked_gaussian_evidence_fixed_100 OSPA 5.078899 runtime 54.26s
COMPLETED REVIEW controls_development 0005
