WARNING: package sun.awt.X11 not in java.desktop
WARNING: package sun.awt.X11 not in java.desktop
ECR CHECK PASSED: association weighting, miss/opportunity reset, continuous bound, unchanged negative correction and spatial density, one/equal-age identity, source exclusion, censor, packet, exact local-update and ER parity.
STABLE MARKED CHECK PASSED: exact prior-adapter state/W parity, original unity/empty diagnostic parity, unchanged scalar Bayes, exact original fusion-object and record parity for all five arms.
SELECTIVE CHECK PASSED: scalar identity, gated increments, conservative fallback, stale resets, numerical ties, exclusion, censor, spatial parity, association and mark endpoints, 224 B packet round trip.
ASYMMETRIC CHECK PASSED: both evidence signs, opposing scalar endpoints, zero-negative exact SI fallback, single-source/exclusion, stale reset, missed-likelihood contrast and native 232 B round trip.
SINGLE CHECK differences: r 2.6367796834847468e-15 mu 1.7763568394002505e-15 Sigma 0; new/old r 0 mu 0 Sigma 0
GAUSSIAN EVIDENCE CHECK PASSED: centralized Bernoulli Gaussian agreement/conflict, spatial and existence normalization, zero-gate/base and one-source behavior, curvature rejection, aggregate integrability fallback, and native 352 B round trip.
REVIEW CONTROL CHECK PASSED: GS p0/I0 and guarded exponents; fixed ratio equivalence; rejection, stale/single source, aggregate fallback.
START REVIEW preflight_v1 0000 reliable marked_lineage 147 frames
DONE REVIEW preflight_v1 0000 reliable marked_lineage OSPA 2.111240 runtime 3.21s
START REVIEW preflight_v1 0000 reliable marked_asymmetric 147 frames
DONE REVIEW preflight_v1 0000 reliable marked_asymmetric OSPA 1.979611 runtime 2.03s
START REVIEW preflight_v1 0000 reliable marked_gaussian_evidence 147 frames
DONE REVIEW preflight_v1 0000 reliable marked_gaussian_evidence OSPA 2.054033 runtime 1.99s
START REVIEW preflight_v1 0000 reliable marked_gaussian_evidence_guarded_scalar 147 frames
DONE REVIEW preflight_v1 0000 reliable marked_gaussian_evidence_guarded_scalar OSPA 2.035972 runtime 2.06s
START REVIEW preflight_v1 0000 reliable marked_gaussian_evidence_fixed_025 147 frames
DONE REVIEW preflight_v1 0000 reliable marked_gaussian_evidence_fixed_025 OSPA 2.168941 runtime 1.65s
START REVIEW preflight_v1 0000 reliable marked_gaussian_evidence_fixed_050 147 frames
DONE REVIEW preflight_v1 0000 reliable marked_gaussian_evidence_fixed_050 OSPA 2.326889 runtime 1.80s
START REVIEW preflight_v1 0000 reliable marked_gaussian_evidence_fixed_100 147 frames
DONE REVIEW preflight_v1 0000 reliable marked_gaussian_evidence_fixed_100 OSPA 3.031465 runtime 1.76s
START REVIEW preflight_v1 0000 intermittent marked_lineage 147 frames
DONE REVIEW preflight_v1 0000 intermittent marked_lineage OSPA 2.539548 runtime 1.27s
START REVIEW preflight_v1 0000 intermittent marked_asymmetric 147 frames
DONE REVIEW preflight_v1 0000 intermittent marked_asymmetric OSPA 2.413250 runtime 1.16s
START REVIEW preflight_v1 0000 intermittent marked_gaussian_evidence 147 frames
DONE REVIEW preflight_v1 0000 intermittent marked_gaussian_evidence OSPA 2.298442 runtime 1.52s
START REVIEW preflight_v1 0000 intermittent marked_gaussian_evidence_guarded_scalar 147 frames
DONE REVIEW preflight_v1 0000 intermittent marked_gaussian_evidence_guarded_scalar OSPA 2.413252 runtime 1.49s
START REVIEW preflight_v1 0000 intermittent marked_gaussian_evidence_fixed_025 147 frames
DONE REVIEW preflight_v1 0000 intermittent marked_gaussian_evidence_fixed_025 OSPA 2.532671 runtime 1.35s
START REVIEW preflight_v1 0000 intermittent marked_gaussian_evidence_fixed_050 147 frames
DONE REVIEW preflight_v1 0000 intermittent marked_gaussian_evidence_fixed_050 OSPA 2.548437 runtime 1.30s
START REVIEW preflight_v1 0000 intermittent marked_gaussian_evidence_fixed_100 147 frames
DONE REVIEW preflight_v1 0000 intermittent marked_gaussian_evidence_fixed_100 OSPA 2.910444 runtime 1.34s
COMPLETED REVIEW preflight_v1 0000
