ECR AUDITED 0000 reliable 1176 node-frames; ER parity 294
ECR AUDITED 0000 intermittent 2352 node-frames; ER parity 588
ECR AUDITED 0001 reliable 3264 node-frames; ER parity 816
ECR AUDITED 0001 intermittent 4176 node-frames; ER parity 1044
ECR AUDITED 0002 reliable 5328 node-frames; ER parity 1332
ECR AUDITED 0002 intermittent 6480 node-frames; ER parity 1620
ECR AUDITED 0003 reliable 8064 node-frames; ER parity 2016
ECR AUDITED 0003 intermittent 9648 node-frames; ER parity 2412
ECR AUDITED 0004 reliable 11088 node-frames; ER parity 2772
ECR AUDITED 0004 intermittent 12528 node-frames; ER parity 3132
ECR AUDITED 0005 reliable 15008 node-frames; ER parity 3752
ECR AUDITED 0005 intermittent 17488 node-frames; ER parity 4372
ECR AUDITED 0006 reliable 19920 node-frames; ER parity 4980
ECR AUDITED 0006 intermittent 22352 node-frames; ER parity 5588
ECR AUDITED 0007 reliable 24120 node-frames; ER parity 6030
ECR AUDITED 0007 intermittent 25888 node-frames; ER parity 6472
ECR AUDITED 0008 reliable 28888 node-frames; ER parity 7222
ECR AUDITED 0008 intermittent 31888 node-frames; ER parity 7972
reliable ceiling_association OSPA 4.8659 miss 96.863 false 81.611
reliable ceiling_score OSPA 4.53494 miss 102.17 false 72.288
reliable ceiling_calibrated OSPA 4.54748 miss 100.123 false 72.632
reliable qualified_exist OSPA 4.87453 miss 96.545 false 83.968
reliable lineage OSPA 4.71292 miss 103.356 false 77.239
reliable conservative_recency OSPA 4.51056 miss 104.273 false 68.374
reliable confirmation_recency OSPA 4.82274 miss 97.568 false 79.864
reliable mil_support OSPA 5.17746 miss 88.399 false 92.129
reliable tc_ospa2_w5 OSPA 5.68952 miss 82.852 false 115.123
reliable tc_ospa2_w10 OSPA 5.57406 miss 95.742 false 101.097
reliable local OSPA 6.57481 miss 188.892 false 73.856
intermittent ceiling_association OSPA 5.13043 miss 105.964 false 85.676
intermittent ceiling_score OSPA 4.95948 miss 110.924 false 77.403
intermittent ceiling_calibrated OSPA 4.98194 miss 110.285 false 80.607
intermittent qualified_exist OSPA 5.11928 miss 106.262 false 85.573
intermittent lineage OSPA 5.10858 miss 112.089 false 81.113
intermittent conservative_recency OSPA 4.99678 miss 114.619 false 75.771
intermittent confirmation_recency OSPA 5.03238 miss 106.552 false 82.72
intermittent mil_support OSPA 5.30894 miss 99.873 false 94.347
intermittent tc_ospa2_w5 OSPA 5.79245 miss 116.286 false 103.598
intermittent tc_ospa2_w10 OSPA 5.7647 miss 126.757 false 93.09
intermittent local OSPA 6.57481 miss 188.892 false 73.856
ECR DEVELOPMENT AUDIT PASSED 31888 node-frames; original ER parity 7972
