INDEPENDENT SUBSTITUTION VERIFIED 1 / 56 0000 reliable GCE
INDEPENDENT SUBSTITUTION VERIFIED 2 / 56 0000 reliable Guarded Scalar
INDEPENDENT SUBSTITUTION VERIFIED 3 / 56 0000 intermittent GCE
INDEPENDENT SUBSTITUTION VERIFIED 4 / 56 0000 intermittent Guarded Scalar
INDEPENDENT SUBSTITUTION VERIFIED 5 / 56 0001 reliable GCE
INDEPENDENT SUBSTITUTION VERIFIED 6 / 56 0001 reliable Guarded Scalar
INDEPENDENT SUBSTITUTION VERIFIED 7 / 56 0001 intermittent GCE
INDEPENDENT SUBSTITUTION VERIFIED 8 / 56 0001 intermittent Guarded Scalar
INDEPENDENT SUBSTITUTION VERIFIED 9 / 56 0002 reliable GCE
INDEPENDENT SUBSTITUTION VERIFIED 10 / 56 0002 reliable Guarded Scalar
INDEPENDENT SUBSTITUTION VERIFIED 11 / 56 0002 intermittent GCE
INDEPENDENT SUBSTITUTION VERIFIED 12 / 56 0002 intermittent Guarded Scalar
INDEPENDENT SUBSTITUTION VERIFIED 13 / 56 0003 reliable GCE
INDEPENDENT SUBSTITUTION VERIFIED 14 / 56 0003 reliable Guarded Scalar
INDEPENDENT SUBSTITUTION VERIFIED 15 / 56 0003 intermittent GCE
INDEPENDENT SUBSTITUTION VERIFIED 16 / 56 0003 intermittent Guarded Scalar
INDEPENDENT SUBSTITUTION VERIFIED 17 / 56 0004 reliable GCE
INDEPENDENT SUBSTITUTION VERIFIED 18 / 56 0004 reliable Guarded Scalar
INDEPENDENT SUBSTITUTION VERIFIED 19 / 56 0004 intermittent GCE
INDEPENDENT SUBSTITUTION VERIFIED 20 / 56 0004 intermittent Guarded Scalar
INDEPENDENT SUBSTITUTION VERIFIED 21 / 56 0005 reliable GCE
INDEPENDENT SUBSTITUTION VERIFIED 22 / 56 0005 reliable Guarded Scalar
INDEPENDENT SUBSTITUTION VERIFIED 23 / 56 0005 intermittent GCE
INDEPENDENT SUBSTITUTION VERIFIED 24 / 56 0005 intermittent Guarded Scalar
INDEPENDENT SUBSTITUTION VERIFIED 25 / 56 0006 reliable GCE
INDEPENDENT SUBSTITUTION VERIFIED 26 / 56 0006 reliable Guarded Scalar
INDEPENDENT SUBSTITUTION VERIFIED 27 / 56 0006 intermittent GCE
INDEPENDENT SUBSTITUTION VERIFIED 28 / 56 0006 intermittent Guarded Scalar
INDEPENDENT SUBSTITUTION VERIFIED 29 / 56 0007 reliable GCE
INDEPENDENT SUBSTITUTION VERIFIED 30 / 56 0007 reliable Guarded Scalar
INDEPENDENT SUBSTITUTION VERIFIED 31 / 56 0007 intermittent GCE
INDEPENDENT SUBSTITUTION VERIFIED 32 / 56 0007 intermittent Guarded Scalar
INDEPENDENT SUBSTITUTION VERIFIED 33 / 56 0008 reliable GCE
INDEPENDENT SUBSTITUTION VERIFIED 34 / 56 0008 reliable Guarded Scalar
INDEPENDENT SUBSTITUTION VERIFIED 35 / 56 0008 intermittent GCE
INDEPENDENT SUBSTITUTION VERIFIED 36 / 56 0008 intermittent Guarded Scalar
INDEPENDENT SUBSTITUTION VERIFIED 37 / 56 v2x_0000 reliable GCE
INDEPENDENT SUBSTITUTION VERIFIED 38 / 56 v2x_0000 reliable Guarded Scalar
INDEPENDENT SUBSTITUTION VERIFIED 39 / 56 v2x_0000 intermittent GCE
INDEPENDENT SUBSTITUTION VERIFIED 40 / 56 v2x_0000 intermittent Guarded Scalar
INDEPENDENT SUBSTITUTION VERIFIED 41 / 56 v2x_0001 reliable GCE
INDEPENDENT SUBSTITUTION VERIFIED 42 / 56 v2x_0001 reliable Guarded Scalar
INDEPENDENT SUBSTITUTION VERIFIED 43 / 56 v2x_0001 intermittent GCE
INDEPENDENT SUBSTITUTION VERIFIED 44 / 56 v2x_0001 intermittent Guarded Scalar
INDEPENDENT SUBSTITUTION VERIFIED 45 / 56 v2x_0002 reliable GCE
INDEPENDENT SUBSTITUTION VERIFIED 46 / 56 v2x_0002 reliable Guarded Scalar
INDEPENDENT SUBSTITUTION VERIFIED 47 / 56 v2x_0002 intermittent GCE
INDEPENDENT SUBSTITUTION VERIFIED 48 / 56 v2x_0002 intermittent Guarded Scalar
INDEPENDENT SUBSTITUTION VERIFIED 49 / 56 v2x_0003 reliable GCE
INDEPENDENT SUBSTITUTION VERIFIED 50 / 56 v2x_0003 reliable Guarded Scalar
INDEPENDENT SUBSTITUTION VERIFIED 51 / 56 v2x_0003 intermittent GCE
INDEPENDENT SUBSTITUTION VERIFIED 52 / 56 v2x_0003 intermittent Guarded Scalar
INDEPENDENT SUBSTITUTION VERIFIED 53 / 56 v2x_0004 reliable GCE
INDEPENDENT SUBSTITUTION VERIFIED 54 / 56 v2x_0004 reliable Guarded Scalar
INDEPENDENT SUBSTITUTION VERIFIED 55 / 56 v2x_0004 intermittent GCE
INDEPENDENT SUBSTITUTION VERIFIED 56 / 56 v2x_0004 intermittent Guarded Scalar
SCREEN INDEPENDENT VERIFICATION PASSED 3235260 distributions 83584 robot frames
