WARNING: package sun.awt.X11 not in java.desktop
WARNING: package sun.awt.X11 not in java.desktop
ECR CHECK PASSED: association weighting, miss/opportunity reset, continuous bound, unchanged negative correction and spatial density, one/equal-age identity, source exclusion, censor, packet, exact local-update and ER parity.
STABLE MARKED CHECK PASSED: exact prior-adapter state/W parity, original unity/empty diagnostic parity, unchanged scalar Bayes, exact original fusion-object and record parity for all five arms.
SELECTIVE CHECK PASSED: scalar identity, gated increments, conservative fallback, stale resets, numerical ties, exclusion, censor, spatial parity, association and mark endpoints, 224 B packet round trip.
ASYMMETRIC CHECK PASSED: both evidence signs, opposing scalar endpoints, zero-negative exact SI fallback, single-source/exclusion, stale reset, missed-likelihood contrast and native 232 B round trip.
SINGLE CHECK differences: r 2.6367796834847468e-15 mu 1.7763568394002505e-15 Sigma 0; new/old r 0 mu 0 Sigma 0
GAUSSIAN EVIDENCE CHECK PASSED: centralized Bernoulli Gaussian agreement/conflict, spatial and existence normalization, zero-gate/base and one-source behavior, curvature rejection, aggregate integrability fallback, and native 352 B round trip.
REVIEW CONTROL CHECK PASSED: GS p0/I0 and guarded exponents; fixed ratio equivalence; rejection, stale/single source, aggregate fallback.
DIRECT OBSERVATION CHECK PASSED
OBSERVATION ASSOCIATION CHECK PASSED
PERSISTENT ASSOCIATION CHECK PASSED
START REVIEW association_selected_v2v_loaded train_0001 reliable marked_gaussian_evidence_assoc_split 405 frames
{无法执行赋值，因为左侧和右侧的元素数目不同。
出错 observationPairEvidence (第 38 行)
currentCost(qualified)=sumDistance(qualified)./reshape(cutoffs(count(qualified)),[],1);
出错 alignPersistentLmbPair (第 4 行)
[e,state.snapshots]=observationPairEvidence(local,remote,state.snapshots,t);
出错 runListedAssociation>runDensity (第 203 行)
                    [remote,matching,associationMemory{n}]=alignPersistentLmbPair(local{n},decoded{other},50,associationMemory{n},associationMode,t,n);
出错 runListedAssociation (第 48 行)
        run=runDensity(model,measurements,positions,delivered,arm,marks,ratios);} 
