2026-09-09T07:01:33.986729+00:00 STEP run_stage.py coverage_remaining_train --workers 2
START coverage_remaining_train 0005
START coverage_remaining_train 0010
END coverage_remaining_train 0005 return 0 complete True files 14
START coverage_remaining_train 0015
END coverage_remaining_train 0015 return 0 complete True files 14
START coverage_remaining_train 0020
END coverage_remaining_train 0010 return 0 complete True files 14
START coverage_remaining_train 0025
END coverage_remaining_train 0020 return 0 complete True files 14
START coverage_remaining_train 0030
END coverage_remaining_train 0030 return 0 complete True files 14
END coverage_remaining_train 0025 return 0 complete True files 14
ALL REVIEW STAGE RUNS COMPLETE coverage_remaining_train 6 sequences
2026-09-09T07:12:48.908984+00:00 STEP audit_stage.py coverage_remaining_train
AUDITED coverage_remaining_train 0005 reliable marked_lineage
AUDITED coverage_remaining_train 0005 reliable marked_er
AUDITED coverage_remaining_train 0005 reliable marked_asymmetric
AUDITED coverage_remaining_train 0005 reliable marked_gaussian_evidence_guarded_scalar
AUDITED coverage_remaining_train 0005 reliable marked_gaussian_evidence_no_curvature
AUDITED coverage_remaining_train 0005 reliable marked_gaussian_evidence_fixed_025
AUDITED coverage_remaining_train 0005 reliable marked_gaussian_evidence
AUDITED coverage_remaining_train 0005 intermittent marked_lineage
AUDITED coverage_remaining_train 0005 intermittent marked_er
AUDITED coverage_remaining_train 0005 intermittent marked_asymmetric
AUDITED coverage_remaining_train 0005 intermittent marked_gaussian_evidence_guarded_scalar
AUDITED coverage_remaining_train 0005 intermittent marked_gaussian_evidence_no_curvature
AUDITED coverage_remaining_train 0005 intermittent marked_gaussian_evidence_fixed_025
AUDITED coverage_remaining_train 0005 intermittent marked_gaussian_evidence
AUDITED coverage_remaining_train 0010 reliable marked_lineage
AUDITED coverage_remaining_train 0010 reliable marked_er
AUDITED coverage_remaining_train 0010 reliable marked_asymmetric
AUDITED coverage_remaining_train 0010 reliable marked_gaussian_evidence_guarded_scalar
AUDITED coverage_remaining_train 0010 reliable marked_gaussian_evidence_no_curvature
AUDITED coverage_remaining_train 0010 reliable marked_gaussian_evidence_fixed_025
AUDITED coverage_remaining_train 0010 reliable marked_gaussian_evidence
AUDITED coverage_remaining_train 0010 intermittent marked_lineage
AUDITED coverage_remaining_train 0010 intermittent marked_er
AUDITED coverage_remaining_train 0010 intermittent marked_asymmetric
AUDITED coverage_remaining_train 0010 intermittent marked_gaussian_evidence_guarded_scalar
AUDITED coverage_remaining_train 0010 intermittent marked_gaussian_evidence_no_curvature
AUDITED coverage_remaining_train 0010 intermittent marked_gaussian_evidence_fixed_025
AUDITED coverage_remaining_train 0010 intermittent marked_gaussian_evidence
AUDITED coverage_remaining_train 0015 reliable marked_lineage
AUDITED coverage_remaining_train 0015 reliable marked_er
AUDITED coverage_remaining_train 0015 reliable marked_asymmetric
AUDITED coverage_remaining_train 0015 reliable marked_gaussian_evidence_guarded_scalar
AUDITED coverage_remaining_train 0015 reliable marked_gaussian_evidence_no_curvature
AUDITED coverage_remaining_train 0015 reliable marked_gaussian_evidence_fixed_025
AUDITED coverage_remaining_train 0015 reliable marked_gaussian_evidence
AUDITED coverage_remaining_train 0015 intermittent marked_lineage
AUDITED coverage_remaining_train 0015 intermittent marked_er
AUDITED coverage_remaining_train 0015 intermittent marked_asymmetric
AUDITED coverage_remaining_train 0015 intermittent marked_gaussian_evidence_guarded_scalar
AUDITED coverage_remaining_train 0015 intermittent marked_gaussian_evidence_no_curvature
AUDITED coverage_remaining_train 0015 intermittent marked_gaussian_evidence_fixed_025
AUDITED coverage_remaining_train 0015 intermittent marked_gaussian_evidence
AUDITED coverage_remaining_train 0020 reliable marked_lineage
AUDITED coverage_remaining_train 0020 reliable marked_er
AUDITED coverage_remaining_train 0020 reliable marked_asymmetric
AUDITED coverage_remaining_train 0020 reliable marked_gaussian_evidence_guarded_scalar
AUDITED coverage_remaining_train 0020 reliable marked_gaussian_evidence_no_curvature
AUDITED coverage_remaining_train 0020 reliable marked_gaussian_evidence_fixed_025
AUDITED coverage_remaining_train 0020 reliable marked_gaussian_evidence
AUDITED coverage_remaining_train 0020 intermittent marked_lineage
AUDITED coverage_remaining_train 0020 intermittent marked_er
AUDITED coverage_remaining_train 0020 intermittent marked_asymmetric
AUDITED coverage_remaining_train 0020 intermittent marked_gaussian_evidence_guarded_scalar
AUDITED coverage_remaining_train 0020 intermittent marked_gaussian_evidence_no_curvature
AUDITED coverage_remaining_train 0020 intermittent marked_gaussian_evidence_fixed_025
AUDITED coverage_remaining_train 0020 intermittent marked_gaussian_evidence
AUDITED coverage_remaining_train 0025 reliable marked_lineage
AUDITED coverage_remaining_train 0025 reliable marked_er
AUDITED coverage_remaining_train 0025 reliable marked_asymmetric
AUDITED coverage_remaining_train 0025 reliable marked_gaussian_evidence_guarded_scalar
AUDITED coverage_remaining_train 0025 reliable marked_gaussian_evidence_no_curvature
AUDITED coverage_remaining_train 0025 reliable marked_gaussian_evidence_fixed_025
AUDITED coverage_remaining_train 0025 reliable marked_gaussian_evidence
AUDITED coverage_remaining_train 0025 intermittent marked_lineage
AUDITED coverage_remaining_train 0025 intermittent marked_er
AUDITED coverage_remaining_train 0025 intermittent marked_asymmetric
AUDITED coverage_remaining_train 0025 intermittent marked_gaussian_evidence_guarded_scalar
AUDITED coverage_remaining_train 0025 intermittent marked_gaussian_evidence_no_curvature
AUDITED coverage_remaining_train 0025 intermittent marked_gaussian_evidence_fixed_025
AUDITED coverage_remaining_train 0025 intermittent marked_gaussian_evidence
AUDITED coverage_remaining_train 0030 reliable marked_lineage
AUDITED coverage_remaining_train 0030 reliable marked_er
AUDITED coverage_remaining_train 0030 reliable marked_asymmetric
AUDITED coverage_remaining_train 0030 reliable marked_gaussian_evidence_guarded_scalar
AUDITED coverage_remaining_train 0030 reliable marked_gaussian_evidence_no_curvature
AUDITED coverage_remaining_train 0030 reliable marked_gaussian_evidence_fixed_025
AUDITED coverage_remaining_train 0030 reliable marked_gaussian_evidence
AUDITED coverage_remaining_train 0030 intermittent marked_lineage
AUDITED coverage_remaining_train 0030 intermittent marked_er
AUDITED coverage_remaining_train 0030 intermittent marked_asymmetric
AUDITED coverage_remaining_train 0030 intermittent marked_gaussian_evidence_guarded_scalar
AUDITED coverage_remaining_train 0030 intermittent marked_gaussian_evidence_no_curvature
AUDITED coverage_remaining_train 0030 intermittent marked_gaussian_evidence_fixed_025
AUDITED coverage_remaining_train 0030 intermittent marked_gaussian_evidence
REVIEW STAGE AUDIT PASSED coverage_remaining_train 37996 node-frames
2026-09-09T07:13:47.193069+00:00 STEP summarize_coverage.py
VERIFIED REUSED EVIDENCE summary_development.json
VERIFIED REUSED EVIDENCE summary_seen_transfer.json
VERIFIED REUSED EVIDENCE audit_controls_development.json
VERIFIED REUSED EVIDENCE audit_gs_seen_transfer.json
VERIFIED REUSED EVIDENCE audit_fixed025_seen_transfer.json
VERIFIED REUSED EVIDENCE audit_new_validation_primary.json
VERIFIED REUSED EVIDENCE audit_new_validation_recency.json
VERIFIED REUSED EVIDENCE audit_coverage_remaining_train.json
COVERAGE SUMMARY VERIFIED: 602 comparison rows, 17 recording groups.
FULL COVERAGE COMPLETE: 43 unique scenes, 9699 paired frames, seven methods, both conditions.
