GENEALOGY reliable GCE 60 / 240
GENEALOGY reliable GCE 120 / 240
GENEALOGY reliable GCE 180 / 240
GENEALOGY reliable GCE 240 / 240
Traceback (most recent call last):
  File "/Users/dex/Desktop/Code/icra27/trials/icra_label_genealogy/census.py", line 242, in <module>
    if __name__=='__main__':main()
                            ^^^^^^
  File "/Users/dex/Desktop/Code/icra27/trials/icra_label_genealogy/census.py", line 226, in main
    with gzip.open(native,'wt') as stream:json.dump(result,stream,allow_nan=False)
                                          ^^^^^^^^^^^^^^^^^^^^^^^^^^^^^^^^^^^^^^^^
  File "/opt/homebrew/Cellar/python@3.11/3.11.15/Frameworks/Python.framework/Versions/3.11/lib/python3.11/json/__init__.py", line 179, in dump
    for chunk in iterable:
  File "/opt/homebrew/Cellar/python@3.11/3.11.15/Frameworks/Python.framework/Versions/3.11/lib/python3.11/json/encoder.py", line 432, in _iterencode
    yield from _iterencode_dict(o, _current_indent_level)
  File "/opt/homebrew/Cellar/python@3.11/3.11.15/Frameworks/Python.framework/Versions/3.11/lib/python3.11/json/encoder.py", line 406, in _iterencode_dict
    yield from chunks
  File "/opt/homebrew/Cellar/python@3.11/3.11.15/Frameworks/Python.framework/Versions/3.11/lib/python3.11/json/encoder.py", line 326, in _iterencode_list
    yield from chunks
  File "/opt/homebrew/Cellar/python@3.11/3.11.15/Frameworks/Python.framework/Versions/3.11/lib/python3.11/json/encoder.py", line 406, in _iterencode_dict
    yield from chunks
  File "/opt/homebrew/Cellar/python@3.11/3.11.15/Frameworks/Python.framework/Versions/3.11/lib/python3.11/json/encoder.py", line 439, in _iterencode
    o = _default(o)
        ^^^^^^^^^^^
  File "/opt/homebrew/Cellar/python@3.11/3.11.15/Frameworks/Python.framework/Versions/3.11/lib/python3.11/json/encoder.py", line 180, in default
    raise TypeError(f'Object of type {o.__class__.__name__} '
TypeError: Object of type int64 is not JSON serializable
