GENEALOGY reliable GCE 60 / 240
GENEALOGY reliable GCE 120 / 240
GENEALOGY reliable GCE 180 / 240
GENEALOGY reliable GCE 240 / 240
GENEALOGY COMPLETE reliable GCE
GENEALOGY reliable Guarded Scalar 60 / 240
GENEALOGY reliable Guarded Scalar 120 / 240
GENEALOGY reliable Guarded Scalar 180 / 240
GENEALOGY reliable Guarded Scalar 240 / 240
GENEALOGY COMPLETE reliable Guarded Scalar
GENEALOGY reliable No-age 60 / 240
GENEALOGY reliable No-age 120 / 240
GENEALOGY reliable No-age 180 / 240
GENEALOGY reliable No-age 240 / 240
GENEALOGY COMPLETE reliable No-age
GENEALOGY intermittent GCE 60 / 240
GENEALOGY intermittent GCE 120 / 240
GENEALOGY intermittent GCE 180 / 240
GENEALOGY intermittent GCE 240 / 240
GENEALOGY COMPLETE intermittent GCE
GENEALOGY intermittent Guarded Scalar 60 / 240
GENEALOGY intermittent Guarded Scalar 120 / 240
GENEALOGY intermittent Guarded Scalar 180 / 240
GENEALOGY intermittent Guarded Scalar 240 / 240
GENEALOGY COMPLETE intermittent Guarded Scalar
GENEALOGY intermittent No-age 60 / 240
GENEALOGY intermittent No-age 120 / 240
GENEALOGY intermittent No-age 180 / 240
GENEALOGY intermittent No-age 240 / 240
GENEALOGY COMPLETE intermittent No-age
CENSUS COMPLETE 2880 robot frames; 5760 target phase rows
