WARNING: package sun.awt.X11 not in java.desktop
WARNING: package sun.awt.X11 not in java.desktop
ECR CHECK PASSED: association weighting, miss/opportunity reset, continuous bound, unchanged negative correction and spatial density, one/equal-age identity, source exclusion, censor, packet, exact local-update and ER parity.
STABLE MARKED CHECK PASSED: exact prior-adapter state/W parity, original unity/empty diagnostic parity, unchanged scalar Bayes, exact original fusion-object and record parity for all five arms.
SELECTIVE CHECK PASSED: scalar identity, gated increments, conservative fallback, stale resets, numerical ties, exclusion, censor, spatial parity, association and mark endpoints, 224 B packet round trip.
ASYMMETRIC CHECK PASSED: both evidence signs, opposing scalar endpoints, zero-negative exact SI fallback, single-source/exclusion, stale reset, missed-likelihood contrast and native 232 B round trip.
SINGLE CHECK differences: r 2.6367796834847468e-15 mu 1.7763568394002505e-15 Sigma 0; new/old r 0 mu 0 Sigma 0
GAUSSIAN EVIDENCE CHECK PASSED: centralized Bernoulli Gaussian agreement/conflict, spatial and existence normalization, zero-gate/base and one-source behavior, curvature rejection, aggregate integrability fallback, and native 352 B round trip.
REVIEW CONTROL CHECK PASSED: GS p0/I0 and guarded exponents; fixed ratio equivalence; rejection, stale/single source, aggregate fallback.
ADMISSION CHECK PASSED: exact admitted-source parity, sign separation, consensus, fixed-strength endpoints, stale/single/absent source, and aggregate fallback.
PROJECTED CHECK PASSED: exact admitted-source parity, normalized contracting marginal, coordinate invariance, expansion rejection, scalar rules, opportunity limits, and aggregate fallback.
START REVIEW projected_v1_preflight 0000 reliable marked_gaussian_evidence 147 frames
DONE REVIEW projected_v1_preflight 0000 reliable marked_gaussian_evidence OSPA 2.054033 runtime 3.64s
START REVIEW projected_v1_preflight 0000 reliable marked_gaussian_evidence_projected_space 147 frames
DONE REVIEW projected_v1_preflight 0000 reliable marked_gaussian_evidence_projected_space OSPA 2.054033 runtime 2.53s
START REVIEW projected_v1_preflight 0000 reliable marked_gaussian_evidence_projected_all 147 frames
DONE REVIEW projected_v1_preflight 0000 reliable marked_gaussian_evidence_projected_all OSPA 1.997368 runtime 1.73s
START REVIEW projected_v1_preflight 0000 reliable marked_gaussian_evidence_projected_consensus 147 frames
DONE REVIEW projected_v1_preflight 0000 reliable marked_gaussian_evidence_projected_consensus OSPA 2.054033 runtime 2.14s
START REVIEW projected_v1_preflight 0000 intermittent marked_gaussian_evidence 147 frames
DONE REVIEW projected_v1_preflight 0000 intermittent marked_gaussian_evidence OSPA 2.298442 runtime 1.52s
START REVIEW projected_v1_preflight 0000 intermittent marked_gaussian_evidence_projected_space 147 frames
DONE REVIEW projected_v1_preflight 0000 intermittent marked_gaussian_evidence_projected_space OSPA 2.298443 runtime 1.59s
START REVIEW projected_v1_preflight 0000 intermittent marked_gaussian_evidence_projected_all 147 frames
DONE REVIEW projected_v1_preflight 0000 intermittent marked_gaussian_evidence_projected_all OSPA 2.298441 runtime 1.65s
START REVIEW projected_v1_preflight 0000 intermittent marked_gaussian_evidence_projected_consensus 147 frames
DONE REVIEW projected_v1_preflight 0000 intermittent marked_gaussian_evidence_projected_consensus OSPA 2.298444 runtime 1.53s
COMPLETED REVIEW projected_v1_preflight 0000
