WARNING: package sun.awt.X11 not in java.desktop
WARNING: package sun.awt.X11 not in java.desktop
ECR CHECK PASSED: association weighting, miss/opportunity reset, continuous bound, unchanged negative correction and spatial density, one/equal-age identity, source exclusion, censor, packet, exact local-update and ER parity.
STABLE MARKED CHECK PASSED: exact prior-adapter state/W parity, original unity/empty diagnostic parity, unchanged scalar Bayes, exact original fusion-object and record parity for all five arms.
SELECTIVE CHECK PASSED: scalar identity, gated increments, conservative fallback, stale resets, numerical ties, exclusion, censor, spatial parity, association and mark endpoints, 224 B packet round trip.
ASYMMETRIC CHECK PASSED: both evidence signs, opposing scalar endpoints, zero-negative exact SI fallback, single-source/exclusion, stale reset, missed-likelihood contrast and native 232 B round trip.
SINGLE CHECK differences: r 2.6367796834847468e-15 mu 1.7763568394002505e-15 Sigma 0; new/old r 0 mu 0 Sigma 0
GAUSSIAN EVIDENCE CHECK PASSED: centralized Bernoulli Gaussian agreement/conflict, spatial and existence normalization, zero-gate/base and one-source behavior, curvature rejection, aggregate integrability fallback, and native 352 B round trip.
REVIEW CONTROL CHECK PASSED: GS p0/I0 and guarded exponents; fixed ratio equivalence; rejection, stale/single source, aggregate fallback.
ADMISSION CHECK PASSED: exact admitted-source parity, sign separation, consensus, fixed-strength endpoints, stale/single/absent source, and aggregate fallback.
START REVIEW admission_v1_preflight 0000 reliable marked_asymmetric 147 frames
DONE REVIEW admission_v1_preflight 0000 reliable marked_asymmetric OSPA 1.979611 runtime 2.55s
START REVIEW admission_v1_preflight 0000 reliable marked_gaussian_evidence 147 frames
DONE REVIEW admission_v1_preflight 0000 reliable marked_gaussian_evidence OSPA 2.054033 runtime 1.84s
START REVIEW admission_v1_preflight 0000 reliable marked_gaussian_evidence_decoupled_all 147 frames
DONE REVIEW admission_v1_preflight 0000 reliable marked_gaussian_evidence_decoupled_all OSPA 1.997368 runtime 1.47s
START REVIEW admission_v1_preflight 0000 reliable marked_gaussian_evidence_decoupled_positive 147 frames
DONE REVIEW admission_v1_preflight 0000 reliable marked_gaussian_evidence_decoupled_positive OSPA 2.054033 runtime 1.49s
START REVIEW admission_v1_preflight 0000 reliable marked_gaussian_evidence_decoupled_negative 147 frames
DONE REVIEW admission_v1_preflight 0000 reliable marked_gaussian_evidence_decoupled_negative OSPA 1.997368 runtime 1.32s
START REVIEW admission_v1_preflight 0000 reliable marked_gaussian_evidence_decoupled_consensus 147 frames
DONE REVIEW admission_v1_preflight 0000 reliable marked_gaussian_evidence_decoupled_consensus OSPA 2.054033 runtime 1.41s
START REVIEW admission_v1_preflight 0000 reliable marked_gaussian_evidence_fixedx_000 147 frames
DONE REVIEW admission_v1_preflight 0000 reliable marked_gaussian_evidence_fixedx_000 OSPA 2.054849 runtime 1.47s
START REVIEW admission_v1_preflight 0000 reliable marked_gaussian_evidence_fixedx_050 147 frames
DONE REVIEW admission_v1_preflight 0000 reliable marked_gaussian_evidence_fixedx_050 OSPA 2.003787 runtime 1.39s
START REVIEW admission_v1_preflight 0000 reliable marked_gaussian_evidence_fixedx_100 147 frames
DONE REVIEW admission_v1_preflight 0000 reliable marked_gaussian_evidence_fixedx_100 OSPA 1.959240 runtime 1.33s
START REVIEW admission_v1_preflight 0000 reliable marked_gaussian_evidence_fixedx_125 147 frames
DONE REVIEW admission_v1_preflight 0000 reliable marked_gaussian_evidence_fixedx_125 OSPA 2.071599 runtime 1.33s
START REVIEW admission_v1_preflight 0000 intermittent marked_asymmetric 147 frames
DONE REVIEW admission_v1_preflight 0000 intermittent marked_asymmetric OSPA 2.413250 runtime 1.05s
START REVIEW admission_v1_preflight 0000 intermittent marked_gaussian_evidence 147 frames
DONE REVIEW admission_v1_preflight 0000 intermittent marked_gaussian_evidence OSPA 2.298442 runtime 1.12s
START REVIEW admission_v1_preflight 0000 intermittent marked_gaussian_evidence_decoupled_all 147 frames
DONE REVIEW admission_v1_preflight 0000 intermittent marked_gaussian_evidence_decoupled_all OSPA 2.298440 runtime 1.08s
START REVIEW admission_v1_preflight 0000 intermittent marked_gaussian_evidence_decoupled_positive 147 frames
DONE REVIEW admission_v1_preflight 0000 intermittent marked_gaussian_evidence_decoupled_positive OSPA 2.298442 runtime 1.11s
START REVIEW admission_v1_preflight 0000 intermittent marked_gaussian_evidence_decoupled_negative 147 frames
DONE REVIEW admission_v1_preflight 0000 intermittent marked_gaussian_evidence_decoupled_negative OSPA 2.298440 runtime 1.14s
START REVIEW admission_v1_preflight 0000 intermittent marked_gaussian_evidence_decoupled_consensus 147 frames
DONE REVIEW admission_v1_preflight 0000 intermittent marked_gaussian_evidence_decoupled_consensus OSPA 2.298442 runtime 1.15s
START REVIEW admission_v1_preflight 0000 intermittent marked_gaussian_evidence_fixedx_000 147 frames
DONE REVIEW admission_v1_preflight 0000 intermittent marked_gaussian_evidence_fixedx_000 OSPA 2.493186 runtime 1.16s
START REVIEW admission_v1_preflight 0000 intermittent marked_gaussian_evidence_fixedx_050 147 frames
DONE REVIEW admission_v1_preflight 0000 intermittent marked_gaussian_evidence_fixedx_050 OSPA 2.513570 runtime 1.17s
START REVIEW admission_v1_preflight 0000 intermittent marked_gaussian_evidence_fixedx_100 147 frames
DONE REVIEW admission_v1_preflight 0000 intermittent marked_gaussian_evidence_fixedx_100 OSPA 2.495567 runtime 1.11s
START REVIEW admission_v1_preflight 0000 intermittent marked_gaussian_evidence_fixedx_125 147 frames
DONE REVIEW admission_v1_preflight 0000 intermittent marked_gaussian_evidence_fixedx_125 OSPA 2.495167 runtime 1.12s
COMPLETED REVIEW admission_v1_preflight 0000
