TARGETS TRACED v2x_0000 reliable 42
TARGETS TRACED v2x_0000 intermittent 23
TARGETS TRACED v2x_0001 reliable 324
TARGETS TRACED v2x_0001 intermittent 182
TARGETS TRACED v2x_0002 reliable 164
TARGETS TRACED v2x_0002 intermittent 151
TARGETS TRACED v2x_0003 reliable 182
FALSE-ALARM WINDOW TRACED v2x_0003 intermittent
TARGETS TRACED v2x_0004 reliable 6
TARGETS TRACED v2x_0004 intermittent 6
TARGETS TRACED v2xt_0000 reliable 42
TARGETS TRACED v2xt_0000 intermittent 27
TARGETS TRACED v2xt_0001 reliable 282
TARGETS TRACED v2xt_0001 intermittent 491
TARGETS TRACED v2xt_0002 reliable 122
TARGETS TRACED v2xt_0002 intermittent 85
TARGETS TRACED v2xt_0003 reliable 100
TARGETS TRACED v2xt_0003 intermittent 112
TARGETS TRACED v2xt_0004 reliable 12
TARGETS TRACED v2xt_0004 intermittent 85
TARGETS TRACED v2xt_0005 reliable 178
TARGETS TRACED v2xt_0005 intermittent 54
TARGETS TRACED v2xt_0006 reliable 40
TARGETS TRACED v2xt_0006 intermittent 9
TARGETS TRACED v2xt_0007 reliable 14
TARGETS TRACED v2xt_0007 intermittent 10
TARGETS TRACED v2xt_0008 reliable 240
TARGETS TRACED v2xt_0008 intermittent 113
TARGETS TRACED v2xt_0009 reliable 204
TARGETS TRACED v2xt_0009 intermittent 213
TARGETS TRACED v2xt_0010 reliable 24
TARGETS TRACED v2xt_0010 intermittent 19
TARGETS TRACED v2xt_0011 reliable 126
TARGETS TRACED v2xt_0011 intermittent 86
TARGETS TRACED v2xt_0012 reliable 712
TARGETS TRACED v2xt_0012 intermittent 543
TARGETS TRACED v2xt_0013 reliable 356
TARGETS TRACED v2xt_0013 intermittent 277
TARGET DIAGNOSIS COMPLETE 5771 target robot-frames; 7 case traces
