WARNING: package sun.awt.X11 not in java.desktop
WARNING: package sun.awt.X11 not in java.desktop
ECR CHECK PASSED: association weighting, miss/opportunity reset, continuous bound, unchanged negative correction and spatial density, one/equal-age identity, source exclusion, censor, packet, exact local-update and ER parity.
STABLE MARKED CHECK PASSED: exact prior-adapter state/W parity, original unity/empty diagnostic parity, unchanged scalar Bayes, exact original fusion-object and record parity for all five arms.
SELECTIVE CHECK PASSED: scalar identity, gated increments, conservative fallback, stale resets, numerical ties, exclusion, censor, spatial parity, association and mark endpoints, 224 B packet round trip.
ASYMMETRIC CHECK PASSED: both evidence signs, opposing scalar endpoints, zero-negative exact SI fallback, single-source/exclusion, stale reset, missed-likelihood contrast and native 232 B round trip.
SINGLE CHECK differences: r 2.6367796834847468e-15 mu 1.7763568394002505e-15 Sigma 0; new/old r 0 mu 0 Sigma 0
GAUSSIAN EVIDENCE CHECK PASSED: centralized Bernoulli Gaussian agreement/conflict, spatial and existence normalization, zero-gate/base and one-source behavior, curvature rejection, aggregate integrability fallback, and native 352 B round trip.
REVIEW CONTROL CHECK PASSED: GS p0/I0 and guarded exponents; fixed ratio equivalence; rejection, stale/single source, aggregate fallback.
START REVIEW coverage_remaining_train 0005 reliable marked_lineage 217 frames
DONE REVIEW coverage_remaining_train 0005 reliable marked_lineage OSPA 4.967402 runtime 10.38s
START REVIEW coverage_remaining_train 0005 reliable marked_er 217 frames
DONE REVIEW coverage_remaining_train 0005 reliable marked_er OSPA 5.204579 runtime 9.69s
START REVIEW coverage_remaining_train 0005 reliable marked_asymmetric 217 frames
DONE REVIEW coverage_remaining_train 0005 reliable marked_asymmetric OSPA 5.268583 runtime 10.33s
START REVIEW coverage_remaining_train 0005 reliable marked_gaussian_evidence_guarded_scalar 217 frames
DONE REVIEW coverage_remaining_train 0005 reliable marked_gaussian_evidence_guarded_scalar OSPA 5.410224 runtime 12.17s
START REVIEW coverage_remaining_train 0005 reliable marked_gaussian_evidence_no_curvature 217 frames
DONE REVIEW coverage_remaining_train 0005 reliable marked_gaussian_evidence_no_curvature OSPA 4.960995 runtime 8.09s
START REVIEW coverage_remaining_train 0005 reliable marked_gaussian_evidence_fixed_025 217 frames
DONE REVIEW coverage_remaining_train 0005 reliable marked_gaussian_evidence_fixed_025 OSPA 4.647041 runtime 8.05s
START REVIEW coverage_remaining_train 0005 reliable marked_gaussian_evidence 217 frames
DONE REVIEW coverage_remaining_train 0005 reliable marked_gaussian_evidence OSPA 5.049209 runtime 8.34s
START REVIEW coverage_remaining_train 0005 intermittent marked_lineage 217 frames
DONE REVIEW coverage_remaining_train 0005 intermittent marked_lineage OSPA 5.319187 runtime 7.64s
START REVIEW coverage_remaining_train 0005 intermittent marked_er 217 frames
DONE REVIEW coverage_remaining_train 0005 intermittent marked_er OSPA 5.319733 runtime 7.25s
START REVIEW coverage_remaining_train 0005 intermittent marked_asymmetric 217 frames
DONE REVIEW coverage_remaining_train 0005 intermittent marked_asymmetric OSPA 5.338846 runtime 6.15s
START REVIEW coverage_remaining_train 0005 intermittent marked_gaussian_evidence_guarded_scalar 217 frames
DONE REVIEW coverage_remaining_train 0005 intermittent marked_gaussian_evidence_guarded_scalar OSPA 5.418316 runtime 7.08s
START REVIEW coverage_remaining_train 0005 intermittent marked_gaussian_evidence_no_curvature 217 frames
DONE REVIEW coverage_remaining_train 0005 intermittent marked_gaussian_evidence_no_curvature OSPA 5.328025 runtime 6.61s
START REVIEW coverage_remaining_train 0005 intermittent marked_gaussian_evidence_fixed_025 217 frames
DONE REVIEW coverage_remaining_train 0005 intermittent marked_gaussian_evidence_fixed_025 OSPA 5.408683 runtime 7.15s
START REVIEW coverage_remaining_train 0005 intermittent marked_gaussian_evidence 217 frames
DONE REVIEW coverage_remaining_train 0005 intermittent marked_gaussian_evidence OSPA 5.410700 runtime 7.34s
COMPLETED REVIEW coverage_remaining_train 0005
