WARNING: package sun.awt.X11 not in java.desktop
WARNING: package sun.awt.X11 not in java.desktop
ECR CHECK PASSED: association weighting, miss/opportunity reset, continuous bound, unchanged negative correction and spatial density, one/equal-age identity, source exclusion, censor, packet, exact local-update and ER parity.
STABLE MARKED CHECK PASSED: exact prior-adapter state/W parity, original unity/empty diagnostic parity, unchanged scalar Bayes, exact original fusion-object and record parity for all five arms.
SELECTIVE CHECK PASSED: scalar identity, gated increments, conservative fallback, stale resets, numerical ties, exclusion, censor, spatial parity, association and mark endpoints, 224 B packet round trip.
ASYMMETRIC CHECK PASSED: both evidence signs, opposing scalar endpoints, zero-negative exact SI fallback, single-source/exclusion, stale reset, missed-likelihood contrast and native 232 B round trip.
SINGLE CHECK differences: r 2.6367796834847468e-15 mu 1.7763568394002505e-15 Sigma 0; new/old r 0 mu 0 Sigma 0
GAUSSIAN EVIDENCE CHECK PASSED: centralized Bernoulli Gaussian agreement/conflict, spatial and existence normalization, zero-gate/base and one-source behavior, curvature rejection, aggregate integrability fallback, and native 352 B round trip.
REVIEW CONTROL CHECK PASSED: GS p0/I0 and guarded exponents; fixed ratio equivalence; rejection, stale/single source, aggregate fallback.
START REVIEW coverage_remaining_train 0010 reliable marked_lineage 119 frames
DONE REVIEW coverage_remaining_train 0010 reliable marked_lineage OSPA 4.579628 runtime 22.16s
START REVIEW coverage_remaining_train 0010 reliable marked_er 119 frames
DONE REVIEW coverage_remaining_train 0010 reliable marked_er OSPA 4.460216 runtime 17.05s
START REVIEW coverage_remaining_train 0010 reliable marked_asymmetric 119 frames
DONE REVIEW coverage_remaining_train 0010 reliable marked_asymmetric OSPA 4.379116 runtime 13.59s
START REVIEW coverage_remaining_train 0010 reliable marked_gaussian_evidence_guarded_scalar 119 frames
DONE REVIEW coverage_remaining_train 0010 reliable marked_gaussian_evidence_guarded_scalar OSPA 4.315292 runtime 15.04s
START REVIEW coverage_remaining_train 0010 reliable marked_gaussian_evidence_no_curvature 119 frames
DONE REVIEW coverage_remaining_train 0010 reliable marked_gaussian_evidence_no_curvature OSPA 4.390784 runtime 15.35s
START REVIEW coverage_remaining_train 0010 reliable marked_gaussian_evidence_fixed_025 119 frames
DONE REVIEW coverage_remaining_train 0010 reliable marked_gaussian_evidence_fixed_025 OSPA 4.258319 runtime 14.23s
START REVIEW coverage_remaining_train 0010 reliable marked_gaussian_evidence 119 frames
DONE REVIEW coverage_remaining_train 0010 reliable marked_gaussian_evidence OSPA 4.311499 runtime 13.80s
START REVIEW coverage_remaining_train 0010 intermittent marked_lineage 119 frames
DONE REVIEW coverage_remaining_train 0010 intermittent marked_lineage OSPA 4.836137 runtime 22.18s
START REVIEW coverage_remaining_train 0010 intermittent marked_er 119 frames
DONE REVIEW coverage_remaining_train 0010 intermittent marked_er OSPA 4.751106 runtime 21.56s
START REVIEW coverage_remaining_train 0010 intermittent marked_asymmetric 119 frames
DONE REVIEW coverage_remaining_train 0010 intermittent marked_asymmetric OSPA 4.703718 runtime 12.19s
START REVIEW coverage_remaining_train 0010 intermittent marked_gaussian_evidence_guarded_scalar 119 frames
DONE REVIEW coverage_remaining_train 0010 intermittent marked_gaussian_evidence_guarded_scalar OSPA 4.615036 runtime 12.06s
START REVIEW coverage_remaining_train 0010 intermittent marked_gaussian_evidence_no_curvature 119 frames
DONE REVIEW coverage_remaining_train 0010 intermittent marked_gaussian_evidence_no_curvature OSPA 4.549609 runtime 12.38s
START REVIEW coverage_remaining_train 0010 intermittent marked_gaussian_evidence_fixed_025 119 frames
DONE REVIEW coverage_remaining_train 0010 intermittent marked_gaussian_evidence_fixed_025 OSPA 4.558105 runtime 15.72s
START REVIEW coverage_remaining_train 0010 intermittent marked_gaussian_evidence 119 frames
DONE REVIEW coverage_remaining_train 0010 intermittent marked_gaussian_evidence OSPA 4.496629 runtime 11.68s
COMPLETED REVIEW coverage_remaining_train 0010
