WARNING: package sun.awt.X11 not in java.desktop
WARNING: package sun.awt.X11 not in java.desktop
ECR CHECK PASSED: association weighting, miss/opportunity reset, continuous bound, unchanged negative correction and spatial density, one/equal-age identity, source exclusion, censor, packet, exact local-update and ER parity.
STABLE MARKED CHECK PASSED: exact prior-adapter state/W parity, original unity/empty diagnostic parity, unchanged scalar Bayes, exact original fusion-object and record parity for all five arms.
SELECTIVE CHECK PASSED: scalar identity, gated increments, conservative fallback, stale resets, numerical ties, exclusion, censor, spatial parity, association and mark endpoints, 224 B packet round trip.
ASYMMETRIC CHECK PASSED: both evidence signs, opposing scalar endpoints, zero-negative exact SI fallback, single-source/exclusion, stale reset, missed-likelihood contrast and native 232 B round trip.
SINGLE CHECK differences: r 2.6367796834847468e-15 mu 1.7763568394002505e-15 Sigma 0; new/old r 0 mu 0 Sigma 0
GAUSSIAN EVIDENCE CHECK PASSED: centralized Bernoulli Gaussian agreement/conflict, spatial and existence normalization, zero-gate/base and one-source behavior, curvature rejection, aggregate integrability fallback, and native 352 B round trip.
REVIEW CONTROL CHECK PASSED: GS p0/I0 and guarded exponents; fixed ratio equivalence; rejection, stale/single source, aggregate fallback.
START REVIEW coverage_remaining_train 0030 reliable marked_lineage 151 frames
DONE REVIEW coverage_remaining_train 0030 reliable marked_lineage OSPA 4.526295 runtime 7.09s
START REVIEW coverage_remaining_train 0030 reliable marked_er 151 frames
DONE REVIEW coverage_remaining_train 0030 reliable marked_er OSPA 4.832551 runtime 5.13s
START REVIEW coverage_remaining_train 0030 reliable marked_asymmetric 151 frames
DONE REVIEW coverage_remaining_train 0030 reliable marked_asymmetric OSPA 4.161504 runtime 4.38s
START REVIEW coverage_remaining_train 0030 reliable marked_gaussian_evidence_guarded_scalar 151 frames
DONE REVIEW coverage_remaining_train 0030 reliable marked_gaussian_evidence_guarded_scalar OSPA 4.210281 runtime 5.78s
START REVIEW coverage_remaining_train 0030 reliable marked_gaussian_evidence_no_curvature 151 frames
DONE REVIEW coverage_remaining_train 0030 reliable marked_gaussian_evidence_no_curvature OSPA 4.225294 runtime 4.84s
START REVIEW coverage_remaining_train 0030 reliable marked_gaussian_evidence_fixed_025 151 frames
DONE REVIEW coverage_remaining_train 0030 reliable marked_gaussian_evidence_fixed_025 OSPA 4.519425 runtime 4.90s
START REVIEW coverage_remaining_train 0030 reliable marked_gaussian_evidence 151 frames
DONE REVIEW coverage_remaining_train 0030 reliable marked_gaussian_evidence OSPA 4.234060 runtime 4.50s
START REVIEW coverage_remaining_train 0030 intermittent marked_lineage 151 frames
DONE REVIEW coverage_remaining_train 0030 intermittent marked_lineage OSPA 4.379124 runtime 4.05s
START REVIEW coverage_remaining_train 0030 intermittent marked_er 151 frames
DONE REVIEW coverage_remaining_train 0030 intermittent marked_er OSPA 4.723747 runtime 3.96s
START REVIEW coverage_remaining_train 0030 intermittent marked_asymmetric 151 frames
DONE REVIEW coverage_remaining_train 0030 intermittent marked_asymmetric OSPA 4.427734 runtime 3.62s
START REVIEW coverage_remaining_train 0030 intermittent marked_gaussian_evidence_guarded_scalar 151 frames
DONE REVIEW coverage_remaining_train 0030 intermittent marked_gaussian_evidence_guarded_scalar OSPA 4.353692 runtime 4.53s
START REVIEW coverage_remaining_train 0030 intermittent marked_gaussian_evidence_no_curvature 151 frames
DONE REVIEW coverage_remaining_train 0030 intermittent marked_gaussian_evidence_no_curvature OSPA 4.430662 runtime 3.90s
START REVIEW coverage_remaining_train 0030 intermittent marked_gaussian_evidence_fixed_025 151 frames
DONE REVIEW coverage_remaining_train 0030 intermittent marked_gaussian_evidence_fixed_025 OSPA 4.687327 runtime 3.82s
START REVIEW coverage_remaining_train 0030 intermittent marked_gaussian_evidence 151 frames
DONE REVIEW coverage_remaining_train 0030 intermittent marked_gaussian_evidence OSPA 4.447437 runtime 3.97s
COMPLETED REVIEW coverage_remaining_train 0030
