CENSOR DIAGNOSTIC COMPLETE development 0000
CENSOR DIAGNOSTIC COMPLETE development 0001
CENSOR DIAGNOSTIC COMPLETE development 0002
CENSOR DIAGNOSTIC COMPLETE development 0003
CENSOR DIAGNOSTIC COMPLETE development 0004
CENSOR DIAGNOSTIC COMPLETE development 0005
CENSOR DIAGNOSTIC COMPLETE development 0006
CENSOR DIAGNOSTIC COMPLETE development 0007
CENSOR DIAGNOSTIC COMPLETE development 0008
CENSOR DIAGNOSTIC COMPLETE seen_transfer 0001
CENSOR DIAGNOSTIC COMPLETE seen_transfer 0002
CENSOR DIAGNOSTIC COMPLETE seen_transfer 0003
CENSOR DIAGNOSTIC COMPLETE seen_transfer 0004
CENSOR DIAGNOSTIC COMPLETE seen_transfer 0006
CENSOR DIAGNOSTIC COMPLETE seen_transfer 0007
CENSOR DIAGNOSTIC COMPLETE seen_transfer 0008
CENSOR DIAGNOSTIC COMPLETE seen_transfer 0009
CENSOR DIAGNOSTIC COMPLETE seen_transfer 0011
CENSOR DIAGNOSTIC COMPLETE seen_transfer 0012
CENSOR DIAGNOSTIC COMPLETE seen_transfer 0013
CENSOR DIAGNOSTIC COMPLETE seen_transfer 0014
CENSOR DIAGNOSTIC COMPLETE seen_transfer 0016
CENSOR DIAGNOSTIC COMPLETE seen_transfer 0017
CENSOR DIAGNOSTIC COMPLETE seen_transfer 0018
CENSOR DIAGNOSTIC COMPLETE seen_transfer 0019
CENSOR DIAGNOSTIC COMPLETE seen_transfer 0021
CENSOR DIAGNOSTIC COMPLETE seen_transfer 0022
CENSOR DIAGNOSTIC COMPLETE seen_transfer 0023
CENSOR DIAGNOSTIC COMPLETE seen_transfer 0024
CENSOR DIAGNOSTIC COMPLETE seen_transfer 0026
CENSOR DIAGNOSTIC COMPLETE seen_transfer 0027
CENSOR DIAGNOSTIC COMPLETE seen_transfer 0028
CENSOR DIAGNOSTIC COMPLETE seen_transfer 0029
CENSOR DIAGNOSTIC COMPLETE seen_transfer 0031
REMOVE BOTH CENSORS development reliable marked_lineage {'mean': -0.005012470840918641, 'sd': 0.02023565758371941, 'low': -0.017867982616926348, 'high': 0.007221235305670228, 'n': 9} miss -1.506396920987961 false 1.949709317281472
REMOVE BOTH CENSORS development reliable marked_er {'mean': -0.004394956378084785, 'sd': 0.019800863745528897, 'low': -0.016837286585299607, 'high': 0.007605944618771016, 'n': 9} miss -1.4364529064818723 false 1.7898115278420887
REMOVE BOTH CENSORS development intermittent marked_lineage {'mean': -0.013218632716621936, 'sd': 0.039426217287854226, 'low': -0.040387706684711, 'high': 0.0043165562886227325, 'n': 9} miss -2.569022233024032 false 2.687131073039391
REMOVE BOTH CENSORS development intermittent marked_er {'mean': -0.008291905494286341, 'sd': 0.03683439047567995, 'low': -0.03454020298103474, 'high': 0.010978929067077056, 'n': 9} miss -2.314445816398276 false 2.4837243401759506
REMOVE BOTH CENSORS seen_transfer reliable marked_lineage {'mean': -0.030066889220584266, 'sd': 0.1365082078631686, 'low': -0.08872168774504482, 'high': 0.006461779248724303, 'n': 25} miss -3.8444904833252838 false 1.2526312927359047
REMOVE BOTH CENSORS seen_transfer reliable marked_er {'mean': -0.027664940066216604, 'sd': 0.13972887067314874, 'low': -0.08782702461356752, 'high': 0.00972290906153191, 'n': 25} miss -3.726246600081108 false 1.371925308607928
REMOVE BOTH CENSORS seen_transfer intermittent marked_lineage {'mean': -0.008741063822642597, 'sd': 0.09706273483568413, 'low': -0.050610389487371794, 'high': 0.023079934906512334, 'n': 25} miss -2.6060069014940224 false 1.3414486072758536
REMOVE BOTH CENSORS seen_transfer intermittent marked_er {'mean': -0.006752808985585413, 'sd': 0.10643455359930619, 'low': -0.05147599890428926, 'high': 0.031163230559601653, 'n': 25} miss -2.685443618314531 false 1.2867376771174974
ALL CENSOR COUNTERFACTUALS COMPLETE: 60752 original and 243008 rule node-frames.
