AUDITED 0000 reliable new 588 original ER parity 294
AUDITED 0000 intermittent new 1176 original ER parity 588
AUDITED 0001 reliable new 1632 original ER parity 816
AUDITED 0001 intermittent new 2088 original ER parity 1044
AUDITED 0002 reliable new 2664 original ER parity 1332
AUDITED 0002 intermittent new 3240 original ER parity 1620
reliable innovation_recency OSPA 5.37375 false 34.3149
reliable qualified_exist OSPA 5.37798 false 34.1044
reliable lineage OSPA 4.81284 false 24.1729
reliable mil_support OSPA 6.01819 false 42.1475
reliable tc_ospa2_w5 OSPA 7.1134 false 61.8586
reliable tc_ospa2_w10 OSPA 6.71656 false 48.1278
reliable local OSPA 7.74601 false 39.9867
intermittent innovation_recency OSPA 6.22333 false 41.9765
intermittent qualified_exist OSPA 5.73703 false 39.7052
intermittent lineage OSPA 5.62589 false 31.9803
intermittent mil_support OSPA 6.07786 false 47.9486
intermittent tc_ospa2_w5 OSPA 6.75604 false 53.5602
intermittent tc_ospa2_w10 OSPA 6.60621 false 43.8743
intermittent local OSPA 7.74601 false 39.9867
METHOD DEVELOPMENT AUDIT PASSED 3240 node-frames; original ER states bitwise identical.
