WARNING: package sun.awt.X11 not in java.desktop
WARNING: package sun.awt.X11 not in java.desktop
ECR CHECK PASSED: association weighting, miss/opportunity reset, continuous bound, unchanged negative correction and spatial density, one/equal-age identity, source exclusion, censor, packet, exact local-update and ER parity.
STABLE MARKED CHECK PASSED: exact prior-adapter state/W parity, original unity/empty diagnostic parity, unchanged scalar Bayes, exact original fusion-object and record parity for all five arms.
SELECTIVE CHECK PASSED: scalar identity, gated increments, conservative fallback, stale resets, numerical ties, exclusion, censor, spatial parity, association and mark endpoints, 224 B packet round trip.
ASYMMETRIC CHECK PASSED: both evidence signs, opposing scalar endpoints, zero-negative exact SI fallback, single-source/exclusion, stale reset, missed-likelihood contrast and native 232 B round trip.
SINGLE CHECK differences: r 2.6367796834847468e-15 mu 1.7763568394002505e-15 Sigma 0; new/old r 0 mu 0 Sigma 0
GAUSSIAN EVIDENCE CHECK PASSED: centralized Bernoulli Gaussian agreement/conflict, spatial and existence normalization, zero-gate/base and one-source behavior, curvature rejection, aggregate integrability fallback, and native 352 B round trip.
REVIEW CONTROL CHECK PASSED: GS p0/I0 and guarded exponents; fixed ratio equivalence; rejection, stale/single source, aggregate fallback.
DIRECT OBSERVATION CHECK PASSED
OBSERVATION ASSOCIATION CHECK PASSED
PERSISTENT ASSOCIATION CHECK PASSED
START REVIEW association_restored_preflight 0001 reliable marked_gaussian_evidence 114 frames
DONE REVIEW association_restored_preflight 0001 reliable marked_gaussian_evidence OSPA 4.037052 runtime 3.14s
START REVIEW association_restored_preflight 0001 reliable marked_gaussian_evidence_assoc_direct 114 frames
DONE REVIEW association_restored_preflight 0001 reliable marked_gaussian_evidence_assoc_direct OSPA 4.033358 runtime 1.86s
START REVIEW association_restored_preflight 0001 reliable marked_gaussian_evidence_assoc_temporal 114 frames
DONE REVIEW association_restored_preflight 0001 reliable marked_gaussian_evidence_assoc_temporal OSPA 4.100527 runtime 1.36s
START REVIEW association_restored_preflight 0001 reliable marked_gaussian_evidence_assoc_reopen 114 frames
DONE REVIEW association_restored_preflight 0001 reliable marked_gaussian_evidence_assoc_reopen OSPA 4.175879 runtime 1.58s
START REVIEW association_restored_preflight 0001 reliable marked_gaussian_evidence_assoc_split 114 frames
DONE REVIEW association_restored_preflight 0001 reliable marked_gaussian_evidence_assoc_split OSPA 3.478778 runtime 1.37s
START REVIEW association_restored_preflight 0001 intermittent marked_gaussian_evidence 114 frames
DONE REVIEW association_restored_preflight 0001 intermittent marked_gaussian_evidence OSPA 4.491388 runtime 1.11s
START REVIEW association_restored_preflight 0001 intermittent marked_gaussian_evidence_assoc_direct 114 frames
DONE REVIEW association_restored_preflight 0001 intermittent marked_gaussian_evidence_assoc_direct OSPA 4.487680 runtime 1.17s
START REVIEW association_restored_preflight 0001 intermittent marked_gaussian_evidence_assoc_temporal 114 frames
DONE REVIEW association_restored_preflight 0001 intermittent marked_gaussian_evidence_assoc_temporal OSPA 4.554812 runtime 1.14s
START REVIEW association_restored_preflight 0001 intermittent marked_gaussian_evidence_assoc_reopen 114 frames
DONE REVIEW association_restored_preflight 0001 intermittent marked_gaussian_evidence_assoc_reopen OSPA 4.630159 runtime 1.20s
START REVIEW association_restored_preflight 0001 intermittent marked_gaussian_evidence_assoc_split 114 frames
DONE REVIEW association_restored_preflight 0001 intermittent marked_gaussian_evidence_assoc_split OSPA 3.932805 runtime 1.15s
COMPLETED REVIEW association_restored_preflight 0001
