WARNING: package sun.awt.X11 not in java.desktop
WARNING: package sun.awt.X11 not in java.desktop
ECR CHECK PASSED: association weighting, miss/opportunity reset, continuous bound, unchanged negative correction and spatial density, one/equal-age identity, source exclusion, censor, packet, exact local-update and ER parity.
STABLE MARKED CHECK PASSED: exact prior-adapter state/W parity, original unity/empty diagnostic parity, unchanged scalar Bayes, exact original fusion-object and record parity for all five arms.
SELECTIVE CHECK PASSED: scalar identity, gated increments, conservative fallback, stale resets, numerical ties, exclusion, censor, spatial parity, association and mark endpoints, 224 B packet round trip.
ASYMMETRIC CHECK PASSED: both evidence signs, opposing scalar endpoints, zero-negative exact SI fallback, single-source/exclusion, stale reset, missed-likelihood contrast and native 232 B round trip.
SINGLE CHECK differences: r 2.6367796834847468e-15 mu 1.7763568394002505e-15 Sigma 0; new/old r 0 mu 0 Sigma 0
GAUSSIAN EVIDENCE CHECK PASSED: centralized Bernoulli Gaussian agreement/conflict, spatial and existence normalization, zero-gate/base and one-source behavior, curvature rejection, aggregate integrability fallback, and native 352 B round trip.
REVIEW CONTROL CHECK PASSED: GS p0/I0 and guarded exponents; fixed ratio equivalence; rejection, stale/single source, aggregate fallback.
ADMISSION CHECK PASSED: exact admitted-source parity, sign separation, consensus, fixed-strength endpoints, stale/single/absent source, and aggregate fallback.
START REVIEW admission_v1_development_rest 0002 reliable marked_gaussian_evidence_decoupled_all 144 frames
DONE REVIEW admission_v1_development_rest 0002 reliable marked_gaussian_evidence_decoupled_all OSPA 3.898063 runtime 4.49s
START REVIEW admission_v1_development_rest 0002 reliable marked_gaussian_evidence_decoupled_positive 144 frames
DONE REVIEW admission_v1_development_rest 0002 reliable marked_gaussian_evidence_decoupled_positive OSPA 3.898063 runtime 2.21s
START REVIEW admission_v1_development_rest 0002 reliable marked_gaussian_evidence_decoupled_negative 144 frames
DONE REVIEW admission_v1_development_rest 0002 reliable marked_gaussian_evidence_decoupled_negative OSPA 3.898063 runtime 1.57s
START REVIEW admission_v1_development_rest 0002 reliable marked_gaussian_evidence_decoupled_consensus 144 frames
DONE REVIEW admission_v1_development_rest 0002 reliable marked_gaussian_evidence_decoupled_consensus OSPA 3.898063 runtime 1.68s
START REVIEW admission_v1_development_rest 0002 reliable marked_gaussian_evidence_fixedx_000 144 frames
DONE REVIEW admission_v1_development_rest 0002 reliable marked_gaussian_evidence_fixedx_000 OSPA 4.140432 runtime 1.86s
START REVIEW admission_v1_development_rest 0002 reliable marked_gaussian_evidence_fixedx_050 144 frames
DONE REVIEW admission_v1_development_rest 0002 reliable marked_gaussian_evidence_fixedx_050 OSPA 4.006278 runtime 1.63s
START REVIEW admission_v1_development_rest 0002 reliable marked_gaussian_evidence_fixedx_100 144 frames
DONE REVIEW admission_v1_development_rest 0002 reliable marked_gaussian_evidence_fixedx_100 OSPA 4.116674 runtime 1.59s
START REVIEW admission_v1_development_rest 0002 reliable marked_gaussian_evidence_fixedx_125 144 frames
DONE REVIEW admission_v1_development_rest 0002 reliable marked_gaussian_evidence_fixedx_125 OSPA 4.116614 runtime 1.67s
START REVIEW admission_v1_development_rest 0002 intermittent marked_gaussian_evidence_decoupled_all 144 frames
DONE REVIEW admission_v1_development_rest 0002 intermittent marked_gaussian_evidence_decoupled_all OSPA 4.063125 runtime 1.48s
START REVIEW admission_v1_development_rest 0002 intermittent marked_gaussian_evidence_decoupled_positive 144 frames
DONE REVIEW admission_v1_development_rest 0002 intermittent marked_gaussian_evidence_decoupled_positive OSPA 4.063125 runtime 1.35s
START REVIEW admission_v1_development_rest 0002 intermittent marked_gaussian_evidence_decoupled_negative 144 frames
DONE REVIEW admission_v1_development_rest 0002 intermittent marked_gaussian_evidence_decoupled_negative OSPA 4.063125 runtime 1.34s
START REVIEW admission_v1_development_rest 0002 intermittent marked_gaussian_evidence_decoupled_consensus 144 frames
DONE REVIEW admission_v1_development_rest 0002 intermittent marked_gaussian_evidence_decoupled_consensus OSPA 4.063125 runtime 1.36s
START REVIEW admission_v1_development_rest 0002 intermittent marked_gaussian_evidence_fixedx_000 144 frames
DONE REVIEW admission_v1_development_rest 0002 intermittent marked_gaussian_evidence_fixedx_000 OSPA 4.090730 runtime 1.46s
START REVIEW admission_v1_development_rest 0002 intermittent marked_gaussian_evidence_fixedx_050 144 frames
DONE REVIEW admission_v1_development_rest 0002 intermittent marked_gaussian_evidence_fixedx_050 OSPA 4.009917 runtime 1.47s
START REVIEW admission_v1_development_rest 0002 intermittent marked_gaussian_evidence_fixedx_100 144 frames
DONE REVIEW admission_v1_development_rest 0002 intermittent marked_gaussian_evidence_fixedx_100 OSPA 4.174204 runtime 1.23s
START REVIEW admission_v1_development_rest 0002 intermittent marked_gaussian_evidence_fixedx_125 144 frames
DONE REVIEW admission_v1_development_rest 0002 intermittent marked_gaussian_evidence_fixedx_125 OSPA 4.202163 runtime 1.39s
COMPLETED REVIEW admission_v1_development_rest 0002
