WARNING: package sun.awt.X11 not in java.desktop
WARNING: package sun.awt.X11 not in java.desktop
ECR CHECK PASSED: association weighting, miss/opportunity reset, continuous bound, unchanged negative correction and spatial density, one/equal-age identity, source exclusion, censor, packet, exact local-update and ER parity.
STABLE MARKED CHECK PASSED: exact prior-adapter state/W parity, original unity/empty diagnostic parity, unchanged scalar Bayes, exact original fusion-object and record parity for all five arms.
SELECTIVE CHECK PASSED: scalar identity, gated increments, conservative fallback, stale resets, numerical ties, exclusion, censor, spatial parity, association and mark endpoints, 224 B packet round trip.
ASYMMETRIC CHECK PASSED: both evidence signs, opposing scalar endpoints, zero-negative exact SI fallback, single-source/exclusion, stale reset, missed-likelihood contrast and native 232 B round trip.
SINGLE CHECK differences: r 2.6367796834847468e-15 mu 1.7763568394002505e-15 Sigma 0; new/old r 0 mu 0 Sigma 0
GAUSSIAN EVIDENCE CHECK PASSED: centralized Bernoulli Gaussian agreement/conflict, spatial and existence normalization, zero-gate/base and one-source behavior, curvature rejection, aggregate integrability fallback, and native 352 B round trip.
REVIEW CONTROL CHECK PASSED: GS p0/I0 and guarded exponents; fixed ratio equivalence; rejection, stale/single source, aggregate fallback.
ADMISSION CHECK PASSED: exact admitted-source parity, sign separation, consensus, fixed-strength endpoints, stale/single/absent source, and aggregate fallback.
START REVIEW admission_v1_development_rest 0003 reliable marked_gaussian_evidence_decoupled_all 198 frames
DONE REVIEW admission_v1_development_rest 0003 reliable marked_gaussian_evidence_decoupled_all OSPA 6.209641 runtime 18.58s
START REVIEW admission_v1_development_rest 0003 reliable marked_gaussian_evidence_decoupled_positive 198 frames
DONE REVIEW admission_v1_development_rest 0003 reliable marked_gaussian_evidence_decoupled_positive OSPA 6.140865 runtime 14.22s
START REVIEW admission_v1_development_rest 0003 reliable marked_gaussian_evidence_decoupled_negative 198 frames
DONE REVIEW admission_v1_development_rest 0003 reliable marked_gaussian_evidence_decoupled_negative OSPA 6.361421 runtime 17.46s
START REVIEW admission_v1_development_rest 0003 reliable marked_gaussian_evidence_decoupled_consensus 198 frames
DONE REVIEW admission_v1_development_rest 0003 reliable marked_gaussian_evidence_decoupled_consensus OSPA 6.129181 runtime 13.50s
START REVIEW admission_v1_development_rest 0003 reliable marked_gaussian_evidence_fixedx_000 198 frames
DONE REVIEW admission_v1_development_rest 0003 reliable marked_gaussian_evidence_fixedx_000 OSPA 6.441639 runtime 20.64s
START REVIEW admission_v1_development_rest 0003 reliable marked_gaussian_evidence_fixedx_050 198 frames
DONE REVIEW admission_v1_development_rest 0003 reliable marked_gaussian_evidence_fixedx_050 OSPA 6.456070 runtime 20.63s
START REVIEW admission_v1_development_rest 0003 reliable marked_gaussian_evidence_fixedx_100 198 frames
DONE REVIEW admission_v1_development_rest 0003 reliable marked_gaussian_evidence_fixedx_100 OSPA 6.402552 runtime 19.18s
START REVIEW admission_v1_development_rest 0003 reliable marked_gaussian_evidence_fixedx_125 198 frames
DONE REVIEW admission_v1_development_rest 0003 reliable marked_gaussian_evidence_fixedx_125 OSPA 6.410933 runtime 17.35s
START REVIEW admission_v1_development_rest 0003 intermittent marked_gaussian_evidence_decoupled_all 198 frames
DONE REVIEW admission_v1_development_rest 0003 intermittent marked_gaussian_evidence_decoupled_all OSPA 6.580612 runtime 11.43s
START REVIEW admission_v1_development_rest 0003 intermittent marked_gaussian_evidence_decoupled_positive 198 frames
DONE REVIEW admission_v1_development_rest 0003 intermittent marked_gaussian_evidence_decoupled_positive OSPA 6.623450 runtime 11.78s
START REVIEW admission_v1_development_rest 0003 intermittent marked_gaussian_evidence_decoupled_negative 198 frames
DONE REVIEW admission_v1_development_rest 0003 intermittent marked_gaussian_evidence_decoupled_negative OSPA 6.697516 runtime 16.63s
START REVIEW admission_v1_development_rest 0003 intermittent marked_gaussian_evidence_decoupled_consensus 198 frames
DONE REVIEW admission_v1_development_rest 0003 intermittent marked_gaussian_evidence_decoupled_consensus OSPA 6.597460 runtime 11.38s
START REVIEW admission_v1_development_rest 0003 intermittent marked_gaussian_evidence_fixedx_000 198 frames
DONE REVIEW admission_v1_development_rest 0003 intermittent marked_gaussian_evidence_fixedx_000 OSPA 6.870742 runtime 21.77s
START REVIEW admission_v1_development_rest 0003 intermittent marked_gaussian_evidence_fixedx_050 198 frames
DONE REVIEW admission_v1_development_rest 0003 intermittent marked_gaussian_evidence_fixedx_050 OSPA 6.838632 runtime 20.78s
START REVIEW admission_v1_development_rest 0003 intermittent marked_gaussian_evidence_fixedx_100 198 frames
DONE REVIEW admission_v1_development_rest 0003 intermittent marked_gaussian_evidence_fixedx_100 OSPA 6.872045 runtime 21.53s
START REVIEW admission_v1_development_rest 0003 intermittent marked_gaussian_evidence_fixedx_125 198 frames
DONE REVIEW admission_v1_development_rest 0003 intermittent marked_gaussian_evidence_fixedx_125 OSPA 6.867801 runtime 21.37s
COMPLETED REVIEW admission_v1_development_rest 0003
