WARNING: package sun.awt.X11 not in java.desktop
WARNING: package sun.awt.X11 not in java.desktop
ECR CHECK PASSED: association weighting, miss/opportunity reset, continuous bound, unchanged negative correction and spatial density, one/equal-age identity, source exclusion, censor, packet, exact local-update and ER parity.
STABLE MARKED CHECK PASSED: exact prior-adapter state/W parity, original unity/empty diagnostic parity, unchanged scalar Bayes, exact original fusion-object and record parity for all five arms.
SELECTIVE CHECK PASSED: scalar identity, gated increments, conservative fallback, stale resets, numerical ties, exclusion, censor, spatial parity, association and mark endpoints, 224 B packet round trip.
ASYMMETRIC CHECK PASSED: both evidence signs, opposing scalar endpoints, zero-negative exact SI fallback, single-source/exclusion, stale reset, missed-likelihood contrast and native 232 B round trip.
SINGLE CHECK differences: r 2.6367796834847468e-15 mu 1.7763568394002505e-15 Sigma 0; new/old r 0 mu 0 Sigma 0
GAUSSIAN EVIDENCE CHECK PASSED: centralized Bernoulli Gaussian agreement/conflict, spatial and existence normalization, zero-gate/base and one-source behavior, curvature rejection, aggregate integrability fallback, and native 352 B round trip.
REVIEW CONTROL CHECK PASSED: GS p0/I0 and guarded exponents; fixed ratio equivalence; rejection, stale/single source, aggregate fallback.
ADMISSION CHECK PASSED: exact admitted-source parity, sign separation, consensus, fixed-strength endpoints, stale/single/absent source, and aggregate fallback.
START REVIEW admission_v1_development_rest 0004 reliable marked_gaussian_evidence_decoupled_all 180 frames
DONE REVIEW admission_v1_development_rest 0004 reliable marked_gaussian_evidence_decoupled_all OSPA 5.210512 runtime 59.62s
START REVIEW admission_v1_development_rest 0004 reliable marked_gaussian_evidence_decoupled_positive 180 frames
DONE REVIEW admission_v1_development_rest 0004 reliable marked_gaussian_evidence_decoupled_positive OSPA 4.999901 runtime 66.04s
START REVIEW admission_v1_development_rest 0004 reliable marked_gaussian_evidence_decoupled_negative 180 frames
DONE REVIEW admission_v1_development_rest 0004 reliable marked_gaussian_evidence_decoupled_negative OSPA 5.209798 runtime 61.33s
START REVIEW admission_v1_development_rest 0004 reliable marked_gaussian_evidence_decoupled_consensus 180 frames
DONE REVIEW admission_v1_development_rest 0004 reliable marked_gaussian_evidence_decoupled_consensus OSPA 5.099275 runtime 66.84s
START REVIEW admission_v1_development_rest 0004 reliable marked_gaussian_evidence_fixedx_000 180 frames
DONE REVIEW admission_v1_development_rest 0004 reliable marked_gaussian_evidence_fixedx_000 OSPA 5.125055 runtime 50.72s
START REVIEW admission_v1_development_rest 0004 reliable marked_gaussian_evidence_fixedx_050 180 frames
DONE REVIEW admission_v1_development_rest 0004 reliable marked_gaussian_evidence_fixedx_050 OSPA 5.002535 runtime 52.03s
START REVIEW admission_v1_development_rest 0004 reliable marked_gaussian_evidence_fixedx_100 180 frames
DONE REVIEW admission_v1_development_rest 0004 reliable marked_gaussian_evidence_fixedx_100 OSPA 4.986343 runtime 48.16s
START REVIEW admission_v1_development_rest 0004 reliable marked_gaussian_evidence_fixedx_125 180 frames
DONE REVIEW admission_v1_development_rest 0004 reliable marked_gaussian_evidence_fixedx_125 OSPA 4.953023 runtime 44.13s
START REVIEW admission_v1_development_rest 0004 intermittent marked_gaussian_evidence_decoupled_all 180 frames
DONE REVIEW admission_v1_development_rest 0004 intermittent marked_gaussian_evidence_decoupled_all OSPA 5.231625 runtime 55.18s
START REVIEW admission_v1_development_rest 0004 intermittent marked_gaussian_evidence_decoupled_positive 180 frames
DONE REVIEW admission_v1_development_rest 0004 intermittent marked_gaussian_evidence_decoupled_positive OSPA 5.157531 runtime 55.65s
START REVIEW admission_v1_development_rest 0004 intermittent marked_gaussian_evidence_decoupled_negative 180 frames
DONE REVIEW admission_v1_development_rest 0004 intermittent marked_gaussian_evidence_decoupled_negative OSPA 5.231300 runtime 52.64s
START REVIEW admission_v1_development_rest 0004 intermittent marked_gaussian_evidence_decoupled_consensus 180 frames
DONE REVIEW admission_v1_development_rest 0004 intermittent marked_gaussian_evidence_decoupled_consensus OSPA 5.148717 runtime 50.41s
START REVIEW admission_v1_development_rest 0004 intermittent marked_gaussian_evidence_fixedx_000 180 frames
DONE REVIEW admission_v1_development_rest 0004 intermittent marked_gaussian_evidence_fixedx_000 OSPA 5.189354 runtime 66.09s
START REVIEW admission_v1_development_rest 0004 intermittent marked_gaussian_evidence_fixedx_050 180 frames
DONE REVIEW admission_v1_development_rest 0004 intermittent marked_gaussian_evidence_fixedx_050 OSPA 5.203606 runtime 47.94s
START REVIEW admission_v1_development_rest 0004 intermittent marked_gaussian_evidence_fixedx_100 180 frames
DONE REVIEW admission_v1_development_rest 0004 intermittent marked_gaussian_evidence_fixedx_100 OSPA 5.199007 runtime 44.80s
START REVIEW admission_v1_development_rest 0004 intermittent marked_gaussian_evidence_fixedx_125 180 frames
DONE REVIEW admission_v1_development_rest 0004 intermittent marked_gaussian_evidence_fixedx_125 OSPA 5.197126 runtime 47.69s
COMPLETED REVIEW admission_v1_development_rest 0004
