WARNING: package sun.awt.X11 not in java.desktop
WARNING: package sun.awt.X11 not in java.desktop
ECR CHECK PASSED: association weighting, miss/opportunity reset, continuous bound, unchanged negative correction and spatial density, one/equal-age identity, source exclusion, censor, packet, exact local-update and ER parity.
STABLE MARKED CHECK PASSED: exact prior-adapter state/W parity, original unity/empty diagnostic parity, unchanged scalar Bayes, exact original fusion-object and record parity for all five arms.
SELECTIVE CHECK PASSED: scalar identity, gated increments, conservative fallback, stale resets, numerical ties, exclusion, censor, spatial parity, association and mark endpoints, 224 B packet round trip.
ASYMMETRIC CHECK PASSED: both evidence signs, opposing scalar endpoints, zero-negative exact SI fallback, single-source/exclusion, stale reset, missed-likelihood contrast and native 232 B round trip.
SINGLE CHECK differences: r 2.6367796834847468e-15 mu 1.7763568394002505e-15 Sigma 0; new/old r 0 mu 0 Sigma 0
GAUSSIAN EVIDENCE CHECK PASSED: centralized Bernoulli Gaussian agreement/conflict, spatial and existence normalization, zero-gate/base and one-source behavior, curvature rejection, aggregate integrability fallback, and native 352 B round trip.
REVIEW CONTROL CHECK PASSED: GS p0/I0 and guarded exponents; fixed ratio equivalence; rejection, stale/single source, aggregate fallback.
ADMISSION CHECK PASSED: exact admitted-source parity, sign separation, consensus, fixed-strength endpoints, stale/single/absent source, and aggregate fallback.
START REVIEW admission_v1_development_rest 0006 reliable marked_gaussian_evidence_decoupled_all 304 frames
DONE REVIEW admission_v1_development_rest 0006 reliable marked_gaussian_evidence_decoupled_all OSPA 5.464007 runtime 26.51s
START REVIEW admission_v1_development_rest 0006 reliable marked_gaussian_evidence_decoupled_positive 304 frames
DONE REVIEW admission_v1_development_rest 0006 reliable marked_gaussian_evidence_decoupled_positive OSPA 5.492948 runtime 30.75s
START REVIEW admission_v1_development_rest 0006 reliable marked_gaussian_evidence_decoupled_negative 304 frames
DONE REVIEW admission_v1_development_rest 0006 reliable marked_gaussian_evidence_decoupled_negative OSPA 5.449913 runtime 22.07s
START REVIEW admission_v1_development_rest 0006 reliable marked_gaussian_evidence_decoupled_consensus 304 frames
DONE REVIEW admission_v1_development_rest 0006 reliable marked_gaussian_evidence_decoupled_consensus OSPA 5.470219 runtime 25.19s
START REVIEW admission_v1_development_rest 0006 reliable marked_gaussian_evidence_fixedx_000 304 frames
DONE REVIEW admission_v1_development_rest 0006 reliable marked_gaussian_evidence_fixedx_000 OSPA 5.801558 runtime 25.54s
START REVIEW admission_v1_development_rest 0006 reliable marked_gaussian_evidence_fixedx_050 304 frames
DONE REVIEW admission_v1_development_rest 0006 reliable marked_gaussian_evidence_fixedx_050 OSPA 5.824646 runtime 17.39s
START REVIEW admission_v1_development_rest 0006 reliable marked_gaussian_evidence_fixedx_100 304 frames
DONE REVIEW admission_v1_development_rest 0006 reliable marked_gaussian_evidence_fixedx_100 OSPA 5.883445 runtime 15.77s
START REVIEW admission_v1_development_rest 0006 reliable marked_gaussian_evidence_fixedx_125 304 frames
DONE REVIEW admission_v1_development_rest 0006 reliable marked_gaussian_evidence_fixedx_125 OSPA 5.828127 runtime 16.66s
START REVIEW admission_v1_development_rest 0006 intermittent marked_gaussian_evidence_decoupled_all 304 frames
DONE REVIEW admission_v1_development_rest 0006 intermittent marked_gaussian_evidence_decoupled_all OSPA 5.480045 runtime 16.35s
START REVIEW admission_v1_development_rest 0006 intermittent marked_gaussian_evidence_decoupled_positive 304 frames
DONE REVIEW admission_v1_development_rest 0006 intermittent marked_gaussian_evidence_decoupled_positive OSPA 5.546119 runtime 16.53s
START REVIEW admission_v1_development_rest 0006 intermittent marked_gaussian_evidence_decoupled_negative 304 frames
DONE REVIEW admission_v1_development_rest 0006 intermittent marked_gaussian_evidence_decoupled_negative OSPA 5.475234 runtime 17.98s
START REVIEW admission_v1_development_rest 0006 intermittent marked_gaussian_evidence_decoupled_consensus 304 frames
DONE REVIEW admission_v1_development_rest 0006 intermittent marked_gaussian_evidence_decoupled_consensus OSPA 5.499222 runtime 15.89s
START REVIEW admission_v1_development_rest 0006 intermittent marked_gaussian_evidence_fixedx_000 304 frames
DONE REVIEW admission_v1_development_rest 0006 intermittent marked_gaussian_evidence_fixedx_000 OSPA 5.658402 runtime 16.76s
START REVIEW admission_v1_development_rest 0006 intermittent marked_gaussian_evidence_fixedx_050 304 frames
DONE REVIEW admission_v1_development_rest 0006 intermittent marked_gaussian_evidence_fixedx_050 OSPA 5.637553 runtime 18.29s
START REVIEW admission_v1_development_rest 0006 intermittent marked_gaussian_evidence_fixedx_100 304 frames
DONE REVIEW admission_v1_development_rest 0006 intermittent marked_gaussian_evidence_fixedx_100 OSPA 5.666059 runtime 15.63s
START REVIEW admission_v1_development_rest 0006 intermittent marked_gaussian_evidence_fixedx_125 304 frames
DONE REVIEW admission_v1_development_rest 0006 intermittent marked_gaussian_evidence_fixedx_125 OSPA 5.640821 runtime 15.36s
COMPLETED REVIEW admission_v1_development_rest 0006
