WARNING: package sun.awt.X11 not in java.desktop
WARNING: package sun.awt.X11 not in java.desktop
ECR CHECK PASSED: association weighting, miss/opportunity reset, continuous bound, unchanged negative correction and spatial density, one/equal-age identity, source exclusion, censor, packet, exact local-update and ER parity.
STABLE MARKED CHECK PASSED: exact prior-adapter state/W parity, original unity/empty diagnostic parity, unchanged scalar Bayes, exact original fusion-object and record parity for all five arms.
SELECTIVE CHECK PASSED: scalar identity, gated increments, conservative fallback, stale resets, numerical ties, exclusion, censor, spatial parity, association and mark endpoints, 224 B packet round trip.
ASYMMETRIC CHECK PASSED: both evidence signs, opposing scalar endpoints, zero-negative exact SI fallback, single-source/exclusion, stale reset, missed-likelihood contrast and native 232 B round trip.
SINGLE CHECK differences: r 2.6367796834847468e-15 mu 1.7763568394002505e-15 Sigma 0; new/old r 0 mu 0 Sigma 0
GAUSSIAN EVIDENCE CHECK PASSED: centralized Bernoulli Gaussian agreement/conflict, spatial and existence normalization, zero-gate/base and one-source behavior, curvature rejection, aggregate integrability fallback, and native 352 B round trip.
REVIEW CONTROL CHECK PASSED: GS p0/I0 and guarded exponents; fixed ratio equivalence; rejection, stale/single source, aggregate fallback.
ADMISSION CHECK PASSED: exact admitted-source parity, sign separation, consensus, fixed-strength endpoints, stale/single/absent source, and aggregate fallback.
START REVIEW admission_v1_development_rest 0008 reliable marked_gaussian_evidence_decoupled_all 375 frames
DONE REVIEW admission_v1_development_rest 0008 reliable marked_gaussian_evidence_decoupled_all OSPA 0.835796 runtime 34.81s
START REVIEW admission_v1_development_rest 0008 reliable marked_gaussian_evidence_decoupled_positive 375 frames
DONE REVIEW admission_v1_development_rest 0008 reliable marked_gaussian_evidence_decoupled_positive OSPA 0.831978 runtime 34.13s
START REVIEW admission_v1_development_rest 0008 reliable marked_gaussian_evidence_decoupled_negative 375 frames
DONE REVIEW admission_v1_development_rest 0008 reliable marked_gaussian_evidence_decoupled_negative OSPA 0.832422 runtime 32.10s
START REVIEW admission_v1_development_rest 0008 reliable marked_gaussian_evidence_decoupled_consensus 375 frames
DONE REVIEW admission_v1_development_rest 0008 reliable marked_gaussian_evidence_decoupled_consensus OSPA 0.825210 runtime 33.24s
START REVIEW admission_v1_development_rest 0008 reliable marked_gaussian_evidence_fixedx_000 375 frames
DONE REVIEW admission_v1_development_rest 0008 reliable marked_gaussian_evidence_fixedx_000 OSPA 0.827064 runtime 31.70s
START REVIEW admission_v1_development_rest 0008 reliable marked_gaussian_evidence_fixedx_050 375 frames
DONE REVIEW admission_v1_development_rest 0008 reliable marked_gaussian_evidence_fixedx_050 OSPA 0.825389 runtime 29.72s
START REVIEW admission_v1_development_rest 0008 reliable marked_gaussian_evidence_fixedx_100 375 frames
DONE REVIEW admission_v1_development_rest 0008 reliable marked_gaussian_evidence_fixedx_100 OSPA 0.828800 runtime 23.71s
START REVIEW admission_v1_development_rest 0008 reliable marked_gaussian_evidence_fixedx_125 375 frames
DONE REVIEW admission_v1_development_rest 0008 reliable marked_gaussian_evidence_fixedx_125 OSPA 0.856827 runtime 28.87s
START REVIEW admission_v1_development_rest 0008 intermittent marked_gaussian_evidence_decoupled_all 375 frames
DONE REVIEW admission_v1_development_rest 0008 intermittent marked_gaussian_evidence_decoupled_all OSPA 1.001354 runtime 25.94s
START REVIEW admission_v1_development_rest 0008 intermittent marked_gaussian_evidence_decoupled_positive 375 frames
DONE REVIEW admission_v1_development_rest 0008 intermittent marked_gaussian_evidence_decoupled_positive OSPA 0.978068 runtime 25.64s
START REVIEW admission_v1_development_rest 0008 intermittent marked_gaussian_evidence_decoupled_negative 375 frames
DONE REVIEW admission_v1_development_rest 0008 intermittent marked_gaussian_evidence_decoupled_negative OSPA 0.992585 runtime 25.91s
START REVIEW admission_v1_development_rest 0008 intermittent marked_gaussian_evidence_decoupled_consensus 375 frames
DONE REVIEW admission_v1_development_rest 0008 intermittent marked_gaussian_evidence_decoupled_consensus OSPA 0.985356 runtime 25.40s
START REVIEW admission_v1_development_rest 0008 intermittent marked_gaussian_evidence_fixedx_000 375 frames
DONE REVIEW admission_v1_development_rest 0008 intermittent marked_gaussian_evidence_fixedx_000 OSPA 0.992498 runtime 23.45s
START REVIEW admission_v1_development_rest 0008 intermittent marked_gaussian_evidence_fixedx_050 375 frames
DONE REVIEW admission_v1_development_rest 0008 intermittent marked_gaussian_evidence_fixedx_050 OSPA 0.987058 runtime 27.00s
START REVIEW admission_v1_development_rest 0008 intermittent marked_gaussian_evidence_fixedx_100 375 frames
DONE REVIEW admission_v1_development_rest 0008 intermittent marked_gaussian_evidence_fixedx_100 OSPA 0.990460 runtime 26.52s
START REVIEW admission_v1_development_rest 0008 intermittent marked_gaussian_evidence_fixedx_125 375 frames
DONE REVIEW admission_v1_development_rest 0008 intermittent marked_gaussian_evidence_fixedx_125 OSPA 1.025248 runtime 26.81s
COMPLETED REVIEW admission_v1_development_rest 0008
