WARNING: package sun.awt.X11 not in java.desktop
WARNING: package sun.awt.X11 not in java.desktop
ECR CHECK PASSED: association weighting, miss/opportunity reset, continuous bound, unchanged negative correction and spatial density, one/equal-age identity, source exclusion, censor, packet, exact local-update and ER parity.
STABLE MARKED CHECK PASSED: exact prior-adapter state/W parity, original unity/empty diagnostic parity, unchanged scalar Bayes, exact original fusion-object and record parity for all five arms.
SELECTIVE CHECK PASSED: scalar identity, gated increments, conservative fallback, stale resets, numerical ties, exclusion, censor, spatial parity, association and mark endpoints, 224 B packet round trip.
ASYMMETRIC CHECK PASSED: both evidence signs, opposing scalar endpoints, zero-negative exact SI fallback, single-source/exclusion, stale reset, missed-likelihood contrast and native 232 B round trip.
SINGLE CHECK differences: r 2.6367796834847468e-15 mu 1.7763568394002505e-15 Sigma 0; new/old r 0 mu 0 Sigma 0
GAUSSIAN EVIDENCE CHECK PASSED: centralized Bernoulli Gaussian agreement/conflict, spatial and existence normalization, zero-gate/base and one-source behavior, curvature rejection, aggregate integrability fallback, and native 352 B round trip.
REVIEW CONTROL CHECK PASSED: GS p0/I0 and guarded exponents; fixed ratio equivalence; rejection, stale/single source, aggregate fallback.
REVIEW EGO MOTION CHECK PASSED: identity, translation/rotation, full covariance, stationary/moving world points.
START REVIEW motion_development 0000 reliable marked_lineage 147 frames
DONE REVIEW motion_development 0000 reliable marked_lineage OSPA 2.489847 runtime 10.79s
START REVIEW motion_development 0000 reliable marked_asymmetric 147 frames
DONE REVIEW motion_development 0000 reliable marked_asymmetric OSPA 2.430857 runtime 7.91s
START REVIEW motion_development 0000 reliable marked_gaussian_evidence_guarded_scalar 147 frames
DONE REVIEW motion_development 0000 reliable marked_gaussian_evidence_guarded_scalar OSPA 2.374623 runtime 7.79s
START REVIEW motion_development 0000 reliable marked_gaussian_evidence 147 frames
DONE REVIEW motion_development 0000 reliable marked_gaussian_evidence OSPA 2.251468 runtime 9.73s
START REVIEW motion_development 0000 intermittent marked_lineage 147 frames
DONE REVIEW motion_development 0000 intermittent marked_lineage OSPA 3.329896 runtime 5.53s
START REVIEW motion_development 0000 intermittent marked_asymmetric 147 frames
DONE REVIEW motion_development 0000 intermittent marked_asymmetric OSPA 3.229395 runtime 6.08s
START REVIEW motion_development 0000 intermittent marked_gaussian_evidence_guarded_scalar 147 frames
DONE REVIEW motion_development 0000 intermittent marked_gaussian_evidence_guarded_scalar OSPA 3.284739 runtime 8.33s
START REVIEW motion_development 0000 intermittent marked_gaussian_evidence 147 frames
DONE REVIEW motion_development 0000 intermittent marked_gaussian_evidence OSPA 3.212003 runtime 7.77s
COMPLETED REVIEW motion_development 0000
