DIAGNOSED v2v 0000 reliable marked_gaussian_evidence pairs 2428 strict wrong 0 switches 0
DIAGNOSED v2v 0000 reliable marked_gaussian_evidence_guarded_scalar pairs 2436 strict wrong 0 switches 0
DIAGNOSED v2v 0000 intermittent marked_gaussian_evidence pairs 1838 strict wrong 0 switches 0
DIAGNOSED v2v 0000 intermittent marked_gaussian_evidence_guarded_scalar pairs 1838 strict wrong 0 switches 0
DIAGNOSED v2v 0001 reliable marked_gaussian_evidence pairs 1620 strict wrong 10 switches 0
DIAGNOSED v2v 0001 reliable marked_gaussian_evidence_guarded_scalar pairs 1698 strict wrong 12 switches 0
DIAGNOSED v2v 0001 intermittent marked_gaussian_evidence pairs 1323 strict wrong 10 switches 0
DIAGNOSED v2v 0001 intermittent marked_gaussian_evidence_guarded_scalar pairs 1205 strict wrong 12 switches 0
DIAGNOSED v2v 0002 reliable marked_gaussian_evidence pairs 998 strict wrong 0 switches 0
DIAGNOSED v2v 0002 reliable marked_gaussian_evidence_guarded_scalar pairs 944 strict wrong 0 switches 0
DIAGNOSED v2v 0002 intermittent marked_gaussian_evidence pairs 842 strict wrong 0 switches 0
DIAGNOSED v2v 0002 intermittent marked_gaussian_evidence_guarded_scalar pairs 854 strict wrong 0 switches 0
DIAGNOSED v2v 0003 reliable marked_gaussian_evidence pairs 20052 strict wrong 68 switches 44
DIAGNOSED v2v 0003 reliable marked_gaussian_evidence_guarded_scalar pairs 26106 strict wrong 98 switches 64
DIAGNOSED v2v 0003 intermittent marked_gaussian_evidence pairs 12057 strict wrong 33 switches 54
DIAGNOSED v2v 0003 intermittent marked_gaussian_evidence_guarded_scalar pairs 16182 strict wrong 36 switches 50
DIAGNOSED v2v 0004 reliable marked_gaussian_evidence pairs 22482 strict wrong 26 switches 26
DIAGNOSED v2v 0004 reliable marked_gaussian_evidence_guarded_scalar pairs 22296 strict wrong 28 switches 24
DIAGNOSED v2v 0004 intermittent marked_gaussian_evidence pairs 18164 strict wrong 29 switches 27
DIAGNOSED v2v 0004 intermittent marked_gaussian_evidence_guarded_scalar pairs 18146 strict wrong 27 switches 29
DIAGNOSED v2v 0005 reliable marked_gaussian_evidence pairs 40764 strict wrong 56 switches 90
DIAGNOSED v2v 0005 reliable marked_gaussian_evidence_guarded_scalar pairs 40762 strict wrong 76 switches 96
DIAGNOSED v2v 0005 intermittent marked_gaussian_evidence pairs 30644 strict wrong 57 switches 89
DIAGNOSED v2v 0005 intermittent marked_gaussian_evidence_guarded_scalar pairs 30734 strict wrong 64 switches 80
DIAGNOSED v2v 0006 reliable marked_gaussian_evidence pairs 21196 strict wrong 10 switches 30
DIAGNOSED v2v 0006 reliable marked_gaussian_evidence_guarded_scalar pairs 19618 strict wrong 18 switches 34
DIAGNOSED v2v 0006 intermittent marked_gaussian_evidence pairs 15575 strict wrong 4 switches 29
DIAGNOSED v2v 0006 intermittent marked_gaussian_evidence_guarded_scalar pairs 16075 strict wrong 4 switches 32
DIAGNOSED v2v 0007 reliable marked_gaussian_evidence pairs 23464 strict wrong 58 switches 22
DIAGNOSED v2v 0007 reliable marked_gaussian_evidence_guarded_scalar pairs 29116 strict wrong 94 switches 20
DIAGNOSED v2v 0007 intermittent marked_gaussian_evidence pairs 14642 strict wrong 51 switches 18
DIAGNOSED v2v 0007 intermittent marked_gaussian_evidence_guarded_scalar pairs 17436 strict wrong 89 switches 14
DIAGNOSED v2v 0008 reliable marked_gaussian_evidence pairs 33768 strict wrong 0 switches 0
DIAGNOSED v2v 0008 reliable marked_gaussian_evidence_guarded_scalar pairs 30290 strict wrong 0 switches 0
DIAGNOSED v2v 0008 intermittent marked_gaussian_evidence pairs 27379 strict wrong 0 switches 0
DIAGNOSED v2v 0008 intermittent marked_gaussian_evidence_guarded_scalar pairs 25455 strict wrong 0 switches 0
DIAGNOSED v2x 0000 reliable marked_gaussian_evidence pairs 2368 strict wrong 0 switches 0
DIAGNOSED v2x 0000 reliable marked_gaussian_evidence_guarded_scalar pairs 2396 strict wrong 0 switches 0
DIAGNOSED v2x 0000 intermittent marked_gaussian_evidence pairs 1786 strict wrong 0 switches 0
DIAGNOSED v2x 0000 intermittent marked_gaussian_evidence_guarded_scalar pairs 1757 strict wrong 0 switches 0
DIAGNOSED v2x 0001 reliable marked_gaussian_evidence pairs 5526 strict wrong 4 switches 6
DIAGNOSED v2x 0001 reliable marked_gaussian_evidence_guarded_scalar pairs 5610 strict wrong 4 switches 6
DIAGNOSED v2x 0001 intermittent marked_gaussian_evidence pairs 3772 strict wrong 4 switches 6
DIAGNOSED v2x 0001 intermittent marked_gaussian_evidence_guarded_scalar pairs 3903 strict wrong 7 switches 6
DIAGNOSED v2x 0002 reliable marked_gaussian_evidence pairs 6628 strict wrong 2 switches 32
DIAGNOSED v2x 0002 reliable marked_gaussian_evidence_guarded_scalar pairs 6768 strict wrong 16 switches 34
DIAGNOSED v2x 0002 intermittent marked_gaussian_evidence pairs 4820 strict wrong 2 switches 32
DIAGNOSED v2x 0002 intermittent marked_gaussian_evidence_guarded_scalar pairs 4369 strict wrong 15 switches 36
DIAGNOSED v2x 0003 reliable marked_gaussian_evidence pairs 8412 strict wrong 2 switches 0
DIAGNOSED v2x 0003 reliable marked_gaussian_evidence_guarded_scalar pairs 8012 strict wrong 4 switches 0
DIAGNOSED v2x 0003 intermittent marked_gaussian_evidence pairs 6144 strict wrong 2 switches 1
DIAGNOSED v2x 0003 intermittent marked_gaussian_evidence_guarded_scalar pairs 5974 strict wrong 2 switches 1
DIAGNOSED v2x 0004 reliable marked_gaussian_evidence pairs 472 strict wrong 0 switches 0
DIAGNOSED v2x 0004 reliable marked_gaussian_evidence_guarded_scalar pairs 488 strict wrong 0 switches 0
DIAGNOSED v2x 0004 intermittent marked_gaussian_evidence pairs 343 strict wrong 0 switches 0
DIAGNOSED v2x 0004 intermittent marked_gaussian_evidence_guarded_scalar pairs 325 strict wrong 0 switches 0
COMPLETE ASSOCIATION DIAGNOSTIC 56 trajectories
