AA validation trial 1/5
  Arm 1/2: Tuned spatial-KLA AA
    Filter runtime: 51.635 s
  Arm 2/2: Cross-local label-consensus spatial-KLA AA
    Filter runtime: 57.630 s
AA validation trial 2/5
  Arm 1/2: Tuned spatial-KLA AA
    Filter runtime: 54.418 s
  Arm 2/2: Cross-local label-consensus spatial-KLA AA
    Filter runtime: 57.078 s
AA validation trial 3/5
  Arm 1/2: Tuned spatial-KLA AA
    Filter runtime: 55.011 s
  Arm 2/2: Cross-local label-consensus spatial-KLA AA
    Filter runtime: 59.302 s
AA validation trial 4/5
  Arm 1/2: Tuned spatial-KLA AA
    Filter runtime: 52.052 s
  Arm 2/2: Cross-local label-consensus spatial-KLA AA
    Filter runtime: 54.779 s
AA validation trial 5/5
  Arm 1/2: Tuned spatial-KLA AA
    Filter runtime: 52.736 s
  Arm 2/2: Cross-local label-consensus spatial-KLA AA
    Filter runtime: 56.828 s
=====================================
AA Balanced/Cardinality Validation (N=5)
Order: Tuned spatial-KLA AA -> Cross-local label-consensus spatial-KLA AA
AA controls: existenceThreshold=0.1800, maxGM=3, minTrajectory=10, lifeSpan=24
AA strict weights: 0
=====================================
Tuned spatial-KLA AA: OSPA 1.702915, Loc 1.529716, Card 0.034250, Runtime 53.170 s
Cross-local label-consensus spatial-KLA AA: OSPA 0.000000, Loc 0.000000, Card 0.000000, Runtime 57.123 s
Report written: /Users/dex/Desktop/Code/Research/MULTISENSOR-LMB-FILTERS/RUN/AA/AA_BALANCED_CARDINALITY_VALIDATION_N5_SEED11_20260622_121330.md
AA_CROSS_LOCAL_LABEL_CONSENSUS_N5_REPORT=/Users/dex/Desktop/Code/Research/MULTISENSOR-LMB-FILTERS/RUN/AA/AA_BALANCED_CARDINALITY_VALIDATION_N5_SEED11_20260622_121330.md
{
  [1,1] = Tuned spatial-KLA AA
  [1,2] = Cross-local label-consensus spatial-KLA AA
}
    ospa =

       1.7029        0

    pos =

       1.5297        0

    card =

       0.034250          0

    eOspa =

       2.0328   1.6604

    hOspa =

       0.4863   0.4850

    rmse =

       3.5881   3.2902

    cardErr =

       0.086250   0.068000
