AA validation trial 1/1
  Arm 1/2: Tuned spatial-KLA AA
    Filter runtime: 53.584 s
  Arm 2/2: Cross-local label-consensus spatial-KLA AA
    Filter runtime: 55.229 s
=====================================
AA Balanced/Cardinality Validation (N=1)
Order: Tuned spatial-KLA AA -> Cross-local label-consensus spatial-KLA AA
AA controls: existenceThreshold=0.1800, maxGM=3, minTrajectory=10, lifeSpan=24
AA strict weights: 0
=====================================
Tuned spatial-KLA AA: OSPA 1.682637, Loc 1.474567, Card 0.018750, Runtime 53.584 s
Cross-local label-consensus spatial-KLA AA: OSPA 0.000000, Loc 0.000000, Card 0.000000, Runtime 55.229 s
Report written: /Users/dex/Desktop/Code/Research/MULTISENSOR-LMB-FILTERS/RUN/AA/AA_BALANCED_CARDINALITY_VALIDATION_N1_SEED1_20260622_121119.md
AA_CROSS_LOCAL_LABEL_CONSENSUS_N1_REPORT=/Users/dex/Desktop/Code/Research/MULTISENSOR-LMB-FILTERS/RUN/AA/AA_BALANCED_CARDINALITY_VALIDATION_N1_SEED1_20260622_121119.md
{
  [1,1] = Tuned spatial-KLA AA
  [1,2] = Cross-local label-consensus spatial-KLA AA
}
    ospa =

       1.6826        0

    pos =

       1.4746        0

    card =

       0.018750          0

    eOspa =

       2.0289   1.6343

    hOspa =

       0.4824   0.4800

    rmse =

       4.1450   3.7789

    cardErr =

       0.066250   0.060000
