AA KLA existence-gate diagnostic N5 baseSeed=11 started at 2026-06-22 09:58:21
Repo: /Users/dex/Desktop/Code/Research/MULTISENSOR-LMB-FILTERS
Commit: 495bfe13ad0a5b46dfc0bb854d18ad5ed1b94ade
AA validation trial 1/5
  Arm 1/2: Tuned spatial-KLA AA
    Filter runtime: 60.529 s
  Arm 2/2: Existence-gated spatial-KLA AA
    Filter runtime: 62.421 s
AA validation trial 2/5
  Arm 1/2: Tuned spatial-KLA AA
    Filter runtime: 59.729 s
  Arm 2/2: Existence-gated spatial-KLA AA
    Filter runtime: 61.041 s
AA validation trial 3/5
  Arm 1/2: Tuned spatial-KLA AA
    Filter runtime: 58.875 s
  Arm 2/2: Existence-gated spatial-KLA AA
    Filter runtime: 61.073 s
AA validation trial 4/5
  Arm 1/2: Tuned spatial-KLA AA
    Filter runtime: 58.350 s
  Arm 2/2: Existence-gated spatial-KLA AA
    Filter runtime: 59.947 s
AA validation trial 5/5
  Arm 1/2: Tuned spatial-KLA AA
    Filter runtime: 60.261 s
  Arm 2/2: Existence-gated spatial-KLA AA
    Filter runtime: 62.140 s
=====================================
AA Balanced/Cardinality Validation (N=5)
Order: Tuned spatial-KLA AA -> Existence-gated spatial-KLA AA
AA controls: existenceThreshold=0.1800, maxGM=3, minTrajectory=10, lifeSpan=24
AA strict weights: 0
=====================================
Tuned spatial-KLA AA: OSPA 1.702915, Loc 1.529716, Card 0.034250, Runtime 59.549 s
Existence-gated spatial-KLA AA: OSPA 1.708370, Loc 1.534009, Card 0.033750, Runtime 61.324 s
Report written: /Users/dex/Desktop/Code/Research/MULTISENSOR-LMB-FILTERS/RUN/AA/AA_BALANCED_CARDINALITY_VALIDATION_N5_SEED11_20260622_095821.md
AA_KLA_EXISTENCE_GATE_DIAGNOSTIC_REPORT=/Users/dex/Desktop/Code/Research/MULTISENSOR-LMB-FILTERS/RUN/AA/AA_BALANCED_CARDINALITY_VALIDATION_N5_SEED11_20260622_095821.md
    ospa =

       1.7029   1.7084

    pos =

       1.5297   1.5340

    card =

       0.034250   0.033750

    eOspa =

       2.0328   2.0368

    hOspa =

       0.4863   0.4860

    rmse =

       3.5881   3.5854

    cardErr =

       0.086250   0.085750

AA KLA existence-gate diagnostic N5 baseSeed=11 finished at 2026-06-22 10:09:46
error: ignoring const execution_exception& while preparing to exit
