AA validation trial 1/5
  Arm 1/3: Tuned spatial-KLA AA
    Filter runtime: 61.915 s
  Arm 2/3: Neighborhood label-barycenter spatial-KLA AA
    Filter runtime: 99.336 s
  Arm 3/3: Neighborhood reference-only label-consensus spatial-KLA AA
    Filter runtime: 92.075 s
AA validation trial 2/5
  Arm 1/3: Tuned spatial-KLA AA
    Filter runtime: 60.454 s
  Arm 2/3: Neighborhood label-barycenter spatial-KLA AA
    Filter runtime: 109.141 s
  Arm 3/3: Neighborhood reference-only label-consensus spatial-KLA AA
    Filter runtime: 138.372 s
AA validation trial 3/5
  Arm 1/3: Tuned spatial-KLA AA
    Filter runtime: 86.733 s
  Arm 2/3: Neighborhood label-barycenter spatial-KLA AA
    Filter runtime: 107.274 s
  Arm 3/3: Neighborhood reference-only label-consensus spatial-KLA AA
    Filter runtime: 91.466 s
AA validation trial 4/5
  Arm 1/3: Tuned spatial-KLA AA
    Filter runtime: 59.289 s
  Arm 2/3: Neighborhood label-barycenter spatial-KLA AA
    Filter runtime: 98.831 s
  Arm 3/3: Neighborhood reference-only label-consensus spatial-KLA AA
    Filter runtime: 93.324 s
AA validation trial 5/5
  Arm 1/3: Tuned spatial-KLA AA
    Filter runtime: 61.367 s
  Arm 2/3: Neighborhood label-barycenter spatial-KLA AA
    Filter runtime: 99.705 s
  Arm 3/3: Neighborhood reference-only label-consensus spatial-KLA AA
    Filter runtime: 94.510 s
=====================================
AA Balanced/Cardinality Validation (N=5)
Order: Tuned spatial-KLA AA -> Neighborhood label-barycenter spatial-KLA AA -> Neighborhood reference-only label-consensus spatial-KLA AA
AA controls: existenceThreshold=0.1800, maxGM=3, minTrajectory=10, lifeSpan=24
AA strict weights: 0
=====================================
Tuned spatial-KLA AA: OSPA 1.702915, Loc 1.529716, Card 0.034250, Runtime 65.951 s
Neighborhood label-barycenter spatial-KLA AA: OSPA 0.305452, Loc 0.226704, Card 0.017000, Runtime 102.857 s
Neighborhood reference-only label-consensus spatial-KLA AA: OSPA 1.033897, Loc 0.903305, Card 0.017000, Runtime 101.949 s
Report written: /Users/dex/Desktop/Code/Research/MULTISENSOR-LMB-FILTERS/RUN/AA/AA_BALANCED_CARDINALITY_VALIDATION_N5_SEED11_20260622_172034.md
AA_NEIGHBORHOOD_LABEL_BARYCENTER_N5_REPORT=/Users/dex/Desktop/Code/Research/MULTISENSOR-LMB-FILTERS/RUN/AA/AA_BALANCED_CARDINALITY_VALIDATION_N5_SEED11_20260622_172034.md
{
  [1,1] = Tuned spatial-KLA AA
  [1,2] = Neighborhood label-barycenter spatial-KLA AA
  [1,3] = Neighborhood reference-only label-consensus spatial-KLA AA
}
    ospa =

       1.7029   0.3055   1.0339

    pos =

       1.5297   0.2267   0.9033

    card =

       0.034250   0.017000   0.017000

    eOspa =

       2.0328   1.6915   1.9183

    hOspa =

       0.4863   0.4860   0.4860

    rmse =

       3.5881   3.4510   3.7169

    cardErr =

       0.086250   0.073000   0.073000
