AA validation trial 1/1
  Arm 1/3: Cross-local label-consensus spatial-KLA AA
    Filter runtime: 66.711 s
  Arm 2/3: Neighborhood label-barycenter spatial-KLA AA
    Filter runtime: 98.452 s
  Arm 3/3: Neighborhood reference-only label-consensus spatial-KLA AA
    Filter runtime: 91.984 s
=====================================
AA Balanced/Cardinality Validation (N=1)
Order: Cross-local label-consensus spatial-KLA AA -> Neighborhood label-barycenter spatial-KLA AA -> Neighborhood reference-only label-consensus spatial-KLA AA
AA controls: existenceThreshold=0.1800, maxGM=3, minTrajectory=10, lifeSpan=24
AA strict weights: 0
=====================================
Cross-local label-consensus spatial-KLA AA: OSPA 0.000000, Loc 0.000000, Card 0.000000, Runtime 66.711 s
Neighborhood label-barycenter spatial-KLA AA: OSPA 0.312781, Loc 0.224735, Card 0.015000, Runtime 98.452 s
Neighborhood reference-only label-consensus spatial-KLA AA: OSPA 1.112777, Loc 0.944124, Card 0.015000, Runtime 91.984 s
Report written: /Users/dex/Desktop/Code/Research/MULTISENSOR-LMB-FILTERS/RUN/AA/AA_BALANCED_CARDINALITY_VALIDATION_N1_SEED1_20260622_171542.md
AA_NEIGHBORHOOD_LABEL_BARYCENTER_N1_REPORT=/Users/dex/Desktop/Code/Research/MULTISENSOR-LMB-FILTERS/RUN/AA/AA_BALANCED_CARDINALITY_VALIDATION_N1_SEED1_20260622_171542.md
{
  [1,1] = Cross-local label-consensus spatial-KLA AA
  [1,2] = Neighborhood label-barycenter spatial-KLA AA
  [1,3] = Neighborhood reference-only label-consensus spatial-KLA AA
}
    ospa =

            0   0.3128   1.1128

    pos =

            0   0.2247   0.9441

    card =

              0   0.015000   0.015000

    eOspa =

       1.6343   1.6785   1.9385

    hOspa =

       0.4800   0.4825   0.4825

    rmse =

       3.7789   3.8144   4.0536

    cardErr =

       0.060000   0.065000   0.065000
