AA validation trial 1/1
  Arm 1/3: Tuned spatial-KLA AA
    Filter runtime: 37.362 s
  Arm 2/3: Neighborhood label-barycenter spatial-KLA AA
    Filter runtime: 56.633 s
  Arm 3/3: Neighborhood reference-only label-consensus spatial-KLA AA
    Filter runtime: 53.410 s
=====================================
AA Balanced/Cardinality Validation (N=1)
Order: Tuned spatial-KLA AA -> Neighborhood label-barycenter spatial-KLA AA -> Neighborhood reference-only label-consensus spatial-KLA AA
AA controls: existenceThreshold=0.1800, maxGM=3, minTrajectory=10, lifeSpan=24
AA strict weights: 0
=====================================
Tuned spatial-KLA AA: OSPA 2.327551, Loc 1.182761, Card 0.457500, Runtime 37.362 s
Neighborhood label-barycenter spatial-KLA AA: OSPA 1.516556, Loc 0.126668, Card 0.470000, Runtime 56.633 s
Neighborhood reference-only label-consensus spatial-KLA AA: OSPA 1.884422, Loc 0.553296, Card 0.470000, Runtime 53.410 s
Report written: /Users/dex/Desktop/Code/Research/MULTISENSOR-LMB-FILTERS/RUN/AA/AA_BALANCED_CARDINALITY_VALIDATION_N1_SEED41_20260624_155707.md
AA_TAES_SCENARIO_REPORT=/Users/dex/Desktop/Code/Research/MULTISENSOR-LMB-FILTERS/RUN/AA/AA_BALANCED_CARDINALITY_VALIDATION_N1_SEED41_20260624_155707.md
    scenarioLabel = partial-fov35-formation
    neighborMapMode = 4plus4
    sensorCommRange = 150
    sensorFovEnabled = 1
    sensorFovHalfAngleDeg = 35
    sensorFovRange = 60000
    sensorMotionType = CV
    sensorMotionProcessNoiseStd = 0
    ospa =

       2.3276   1.5166   1.8844

    pos =

       1.1828   0.1267   0.5533

    card =

       0.4575   0.4700   0.4700

    eOspa =

       2.9224   2.7343   2.8746

    hOspa =

       0.4875   0.4864   0.4863

    rmse =

       4.4617   4.2819   4.4604

    cardErr =

       0.6125   0.6000   0.6000


