AA validation trial 1/5
  Arm 1/3: Tuned spatial-KLA AA
    Filter runtime: 37.253 s
  Arm 2/3: Neighborhood label-barycenter spatial-KLA AA
    Filter runtime: 56.236 s
  Arm 3/3: Neighborhood reference-only label-consensus spatial-KLA AA
    Filter runtime: 53.083 s
AA validation trial 2/5
  Arm 1/3: Tuned spatial-KLA AA
    Filter runtime: 38.074 s
  Arm 2/3: Neighborhood label-barycenter spatial-KLA AA
    Filter runtime: 59.994 s
  Arm 3/3: Neighborhood reference-only label-consensus spatial-KLA AA
    Filter runtime: 56.326 s
AA validation trial 3/5
  Arm 1/3: Tuned spatial-KLA AA
    Filter runtime: 37.232 s
  Arm 2/3: Neighborhood label-barycenter spatial-KLA AA
    Filter runtime: 56.363 s
  Arm 3/3: Neighborhood reference-only label-consensus spatial-KLA AA
    Filter runtime: 53.023 s
AA validation trial 4/5
  Arm 1/3: Tuned spatial-KLA AA
    Filter runtime: 36.753 s
  Arm 2/3: Neighborhood label-barycenter spatial-KLA AA
    Filter runtime: 55.767 s
  Arm 3/3: Neighborhood reference-only label-consensus spatial-KLA AA
    Filter runtime: 52.620 s
AA validation trial 5/5
  Arm 1/3: Tuned spatial-KLA AA
    Filter runtime: 37.145 s
  Arm 2/3: Neighborhood label-barycenter spatial-KLA AA
    Filter runtime: 55.688 s
  Arm 3/3: Neighborhood reference-only label-consensus spatial-KLA AA
    Filter runtime: 52.346 s
=====================================
AA Balanced/Cardinality Validation (N=5)
Order: Tuned spatial-KLA AA -> Neighborhood label-barycenter spatial-KLA AA -> Neighborhood reference-only label-consensus spatial-KLA AA
AA controls: existenceThreshold=0.1800, maxGM=3, minTrajectory=10, lifeSpan=24
AA strict weights: 0
=====================================
Tuned spatial-KLA AA: OSPA 2.297790, Loc 1.415682, Card 0.400000, Runtime 37.292 s
Neighborhood label-barycenter spatial-KLA AA: OSPA 1.341733, Loc 0.213073, Card 0.392000, Runtime 56.810 s
Neighborhood reference-only label-consensus spatial-KLA AA: OSPA 1.750779, Loc 0.786636, Card 0.392000, Runtime 53.480 s
Report written: /Users/dex/Desktop/Code/Research/MULTISENSOR-LMB-FILTERS/RUN/AA/AA_BALANCED_CARDINALITY_VALIDATION_N5_SEED41_20260624_160335.md
AA_TAES_SCENARIO_REPORT=/Users/dex/Desktop/Code/Research/MULTISENSOR-LMB-FILTERS/RUN/AA/AA_BALANCED_CARDINALITY_VALIDATION_N5_SEED41_20260624_160335.md
    scenarioLabel = partial-fov35-formation
    neighborMapMode = 4plus4
    sensorCommRange = 150
    sensorFovEnabled = 1
    sensorFovHalfAngleDeg = 35
    sensorFovRange = 60000
    sensorMotionType = CV
    sensorMotionProcessNoiseStd = 0
    ospa =

       2.2978   1.3417   1.7508

    pos =

       1.4157   0.2131   0.7866

    card =

       0.4000   0.3920   0.3920

    eOspa =

       2.8375   2.6421   2.7807

    hOspa =

       0.4827   0.4824   0.4819

    rmse =

       4.1203   3.7273   3.9448

    cardErr =

   0.5665   0.5600   0.5600
