AUDITED V2 motion_development 0000 reliable marked_lineage
AUDITED V2 motion_development 0000 reliable marked_asymmetric
AUDITED V2 motion_development 0000 reliable marked_gaussian_evidence_guarded_scalar
AUDITED V2 motion_development 0000 reliable marked_gaussian_evidence
AUDITED V2 motion_development 0000 intermittent marked_lineage
AUDITED V2 motion_development 0000 intermittent marked_asymmetric
AUDITED V2 motion_development 0000 intermittent marked_gaussian_evidence_guarded_scalar
AUDITED V2 motion_development 0000 intermittent marked_gaussian_evidence
AUDITED V2 motion_development 0001 reliable marked_lineage
AUDITED V2 motion_development 0001 reliable marked_asymmetric
AUDITED V2 motion_development 0001 reliable marked_gaussian_evidence_guarded_scalar
AUDITED V2 motion_development 0001 reliable marked_gaussian_evidence
AUDITED V2 motion_development 0001 intermittent marked_lineage
AUDITED V2 motion_development 0001 intermittent marked_asymmetric
AUDITED V2 motion_development 0001 intermittent marked_gaussian_evidence_guarded_scalar
AUDITED V2 motion_development 0001 intermittent marked_gaussian_evidence
AUDITED V2 motion_development 0002 reliable marked_lineage
AUDITED V2 motion_development 0002 reliable marked_asymmetric
AUDITED V2 motion_development 0002 reliable marked_gaussian_evidence_guarded_scalar
AUDITED V2 motion_development 0002 reliable marked_gaussian_evidence
AUDITED V2 motion_development 0002 intermittent marked_lineage
AUDITED V2 motion_development 0002 intermittent marked_asymmetric
AUDITED V2 motion_development 0002 intermittent marked_gaussian_evidence_guarded_scalar
AUDITED V2 motion_development 0002 intermittent marked_gaussian_evidence
AUDITED V2 motion_development 0003 reliable marked_lineage
AUDITED V2 motion_development 0003 reliable marked_asymmetric
AUDITED V2 motion_development 0003 reliable marked_gaussian_evidence_guarded_scalar
AUDITED V2 motion_development 0003 reliable marked_gaussian_evidence
AUDITED V2 motion_development 0003 intermittent marked_lineage
AUDITED V2 motion_development 0003 intermittent marked_asymmetric
AUDITED V2 motion_development 0003 intermittent marked_gaussian_evidence_guarded_scalar
AUDITED V2 motion_development 0003 intermittent marked_gaussian_evidence
AUDITED V2 motion_development 0004 reliable marked_lineage
AUDITED V2 motion_development 0004 reliable marked_asymmetric
AUDITED V2 motion_development 0004 reliable marked_gaussian_evidence_guarded_scalar
AUDITED V2 motion_development 0004 reliable marked_gaussian_evidence
AUDITED V2 motion_development 0004 intermittent marked_lineage
AUDITED V2 motion_development 0004 intermittent marked_asymmetric
AUDITED V2 motion_development 0004 intermittent marked_gaussian_evidence_guarded_scalar
AUDITED V2 motion_development 0004 intermittent marked_gaussian_evidence
AUDITED V2 motion_development 0005 reliable marked_lineage
AUDITED V2 motion_development 0005 reliable marked_asymmetric
AUDITED V2 motion_development 0005 reliable marked_gaussian_evidence_guarded_scalar
AUDITED V2 motion_development 0005 reliable marked_gaussian_evidence
AUDITED V2 motion_development 0005 intermittent marked_lineage
AUDITED V2 motion_development 0005 intermittent marked_asymmetric
AUDITED V2 motion_development 0005 intermittent marked_gaussian_evidence_guarded_scalar
AUDITED V2 motion_development 0005 intermittent marked_gaussian_evidence
AUDITED V2 motion_development 0006 reliable marked_lineage
AUDITED V2 motion_development 0006 reliable marked_asymmetric
AUDITED V2 motion_development 0006 reliable marked_gaussian_evidence_guarded_scalar
AUDITED V2 motion_development 0006 reliable marked_gaussian_evidence
AUDITED V2 motion_development 0006 intermittent marked_lineage
AUDITED V2 motion_development 0006 intermittent marked_asymmetric
AUDITED V2 motion_development 0006 intermittent marked_gaussian_evidence_guarded_scalar
AUDITED V2 motion_development 0006 intermittent marked_gaussian_evidence
AUDITED V2 motion_development 0007 reliable marked_lineage
AUDITED V2 motion_development 0007 reliable marked_asymmetric
AUDITED V2 motion_development 0007 reliable marked_gaussian_evidence_guarded_scalar
AUDITED V2 motion_development 0007 reliable marked_gaussian_evidence
AUDITED V2 motion_development 0007 intermittent marked_lineage
AUDITED V2 motion_development 0007 intermittent marked_asymmetric
AUDITED V2 motion_development 0007 intermittent marked_gaussian_evidence_guarded_scalar
AUDITED V2 motion_development 0007 intermittent marked_gaussian_evidence
AUDITED V2 motion_development 0008 reliable marked_lineage
AUDITED V2 motion_development 0008 reliable marked_asymmetric
AUDITED V2 motion_development 0008 reliable marked_gaussian_evidence_guarded_scalar
AUDITED V2 motion_development 0008 reliable marked_gaussian_evidence
AUDITED V2 motion_development 0008 intermittent marked_lineage
AUDITED V2 motion_development 0008 intermittent marked_asymmetric
AUDITED V2 motion_development 0008 intermittent marked_gaussian_evidence_guarded_scalar
AUDITED V2 motion_development 0008 intermittent marked_gaussian_evidence
V2 REVIEW STAGE AUDIT PASSED motion_development 31888 node-frames
