AUDITED pd080_development 0000 reliable marked_lineage
AUDITED pd080_development 0000 reliable marked_asymmetric
AUDITED pd080_development 0000 reliable marked_gaussian_evidence_guarded_scalar
AUDITED pd080_development 0000 reliable marked_gaussian_evidence
AUDITED pd080_development 0000 intermittent marked_lineage
AUDITED pd080_development 0000 intermittent marked_asymmetric
AUDITED pd080_development 0000 intermittent marked_gaussian_evidence_guarded_scalar
AUDITED pd080_development 0000 intermittent marked_gaussian_evidence
AUDITED pd080_development 0001 reliable marked_lineage
AUDITED pd080_development 0001 reliable marked_asymmetric
AUDITED pd080_development 0001 reliable marked_gaussian_evidence_guarded_scalar
AUDITED pd080_development 0001 reliable marked_gaussian_evidence
AUDITED pd080_development 0001 intermittent marked_lineage
AUDITED pd080_development 0001 intermittent marked_asymmetric
AUDITED pd080_development 0001 intermittent marked_gaussian_evidence_guarded_scalar
AUDITED pd080_development 0001 intermittent marked_gaussian_evidence
AUDITED pd080_development 0002 reliable marked_lineage
AUDITED pd080_development 0002 reliable marked_asymmetric
AUDITED pd080_development 0002 reliable marked_gaussian_evidence_guarded_scalar
AUDITED pd080_development 0002 reliable marked_gaussian_evidence
AUDITED pd080_development 0002 intermittent marked_lineage
AUDITED pd080_development 0002 intermittent marked_asymmetric
AUDITED pd080_development 0002 intermittent marked_gaussian_evidence_guarded_scalar
AUDITED pd080_development 0002 intermittent marked_gaussian_evidence
AUDITED pd080_development 0003 reliable marked_lineage
AUDITED pd080_development 0003 reliable marked_asymmetric
AUDITED pd080_development 0003 reliable marked_gaussian_evidence_guarded_scalar
AUDITED pd080_development 0003 reliable marked_gaussian_evidence
AUDITED pd080_development 0003 intermittent marked_lineage
AUDITED pd080_development 0003 intermittent marked_asymmetric
AUDITED pd080_development 0003 intermittent marked_gaussian_evidence_guarded_scalar
AUDITED pd080_development 0003 intermittent marked_gaussian_evidence
AUDITED pd080_development 0004 reliable marked_lineage
AUDITED pd080_development 0004 reliable marked_asymmetric
AUDITED pd080_development 0004 reliable marked_gaussian_evidence_guarded_scalar
AUDITED pd080_development 0004 reliable marked_gaussian_evidence
AUDITED pd080_development 0004 intermittent marked_lineage
AUDITED pd080_development 0004 intermittent marked_asymmetric
AUDITED pd080_development 0004 intermittent marked_gaussian_evidence_guarded_scalar
AUDITED pd080_development 0004 intermittent marked_gaussian_evidence
AUDITED pd080_development 0005 reliable marked_lineage
AUDITED pd080_development 0005 reliable marked_asymmetric
AUDITED pd080_development 0005 reliable marked_gaussian_evidence_guarded_scalar
AUDITED pd080_development 0005 reliable marked_gaussian_evidence
AUDITED pd080_development 0005 intermittent marked_lineage
AUDITED pd080_development 0005 intermittent marked_asymmetric
AUDITED pd080_development 0005 intermittent marked_gaussian_evidence_guarded_scalar
AUDITED pd080_development 0005 intermittent marked_gaussian_evidence
AUDITED pd080_development 0006 reliable marked_lineage
AUDITED pd080_development 0006 reliable marked_asymmetric
AUDITED pd080_development 0006 reliable marked_gaussian_evidence_guarded_scalar
AUDITED pd080_development 0006 reliable marked_gaussian_evidence
AUDITED pd080_development 0006 intermittent marked_lineage
AUDITED pd080_development 0006 intermittent marked_asymmetric
AUDITED pd080_development 0006 intermittent marked_gaussian_evidence_guarded_scalar
AUDITED pd080_development 0006 intermittent marked_gaussian_evidence
AUDITED pd080_development 0007 reliable marked_lineage
AUDITED pd080_development 0007 reliable marked_asymmetric
AUDITED pd080_development 0007 reliable marked_gaussian_evidence_guarded_scalar
AUDITED pd080_development 0007 reliable marked_gaussian_evidence
AUDITED pd080_development 0007 intermittent marked_lineage
AUDITED pd080_development 0007 intermittent marked_asymmetric
AUDITED pd080_development 0007 intermittent marked_gaussian_evidence_guarded_scalar
AUDITED pd080_development 0007 intermittent marked_gaussian_evidence
AUDITED pd080_development 0008 reliable marked_lineage
AUDITED pd080_development 0008 reliable marked_asymmetric
AUDITED pd080_development 0008 reliable marked_gaussian_evidence_guarded_scalar
AUDITED pd080_development 0008 reliable marked_gaussian_evidence
AUDITED pd080_development 0008 intermittent marked_lineage
AUDITED pd080_development 0008 intermittent marked_asymmetric
AUDITED pd080_development 0008 intermittent marked_gaussian_evidence_guarded_scalar
AUDITED pd080_development 0008 intermittent marked_gaussian_evidence
REVIEW STAGE AUDIT PASSED pd080_development 31888 node-frames
