split_latebirth local OSPA 7.0991 count 1.3676
split_latebirth fov OSPA 3.7129 count 0.6144
split_latebirth lineage OSPA 2.6513 count 0.411
split_latebirth mil_support OSPA 4.7624 count 0.6242
split_latebirth qualified_exist OSPA 2.5692 count 0.3977
split_latebirth tc_ospa2_w5 OSPA 5.0496 count 0.8615
split_latebirth tc_ospa2_w10 OSPA 5.0955 count 0.8669
churn_departure local OSPA 7.2799 count 1.308
churn_departure fov OSPA 2.8674 count 0.4417
churn_departure lineage OSPA 1.1227 count 0.1429
churn_departure mil_support OSPA 4.1123 count 0.4306
churn_departure qualified_exist OSPA 0.8456 count 0.1029
churn_departure tc_ospa2_w5 OSPA 5.5383 count 0.8572
churn_departure tc_ospa2_w10 OSPA 5.5979 count 0.8695
split_no_new local OSPA 6.0041 count 0.6453
split_no_new fov OSPA 0.8044 count 0.0559
split_no_new lineage OSPA 0.7966 count 0.0563
split_no_new mil_support OSPA 2.7694 count 0.0325
split_no_new qualified_exist OSPA 0.6679 count 0.0405
split_no_new tc_ospa2_w5 OSPA 3.5322 count 0.305
split_no_new tc_ospa2_w10 OSPA 3.5778 count 0.3085
AUDIT PASSED 115200 new node-frames; original inputs/results hashes unchanged.
