WARNING: package sun.awt.X11 not in java.desktop
WARNING: package sun.awt.X11 not in java.desktop
DONE split_latebirth seed 2902 tc_ospa2_w5 OSPA 5.534916 fusion 2.21s raw 933136 B
DONE split_latebirth seed 2902 tc_ospa2_w10 OSPA 5.578018 fusion 1.25s raw 1760448 B
DONE churn_departure seed 2902 tc_ospa2_w5 OSPA 6.711719 fusion 0.98s raw 795424 B
DONE churn_departure seed 2902 tc_ospa2_w10 OSPA 6.782934 fusion 1.08s raw 1497808 B
DONE split_no_new seed 2902 tc_ospa2_w5 OSPA 4.712310 fusion 0.58s raw 650416 B
DONE split_no_new seed 2902 tc_ospa2_w10 OSPA 4.755206 fusion 0.70s raw 1211664 B
DONE split_latebirth seed 2903 tc_ospa2_w5 OSPA 5.916950 fusion 0.83s raw 876496 B
DONE split_latebirth seed 2903 tc_ospa2_w10 OSPA 5.975759 fusion 1.14s raw 1650640 B
DONE churn_departure seed 2903 tc_ospa2_w5 OSPA 6.592768 fusion 0.80s raw 864448 B
DONE churn_departure seed 2903 tc_ospa2_w10 OSPA 6.659304 fusion 1.09s raw 1629600 B
DONE split_no_new seed 2903 tc_ospa2_w5 OSPA 5.135764 fusion 0.52s raw 613072 B
DONE split_no_new seed 2903 tc_ospa2_w10 OSPA 5.194574 fusion 0.57s raw 1137664 B
DONE split_latebirth seed 2904 tc_ospa2_w5 OSPA 5.207287 fusion 0.85s raw 929632 B
DONE split_latebirth seed 2904 tc_ospa2_w10 OSPA 5.283719 fusion 1.20s raw 1755408 B
DONE churn_departure seed 2904 tc_ospa2_w5 OSPA 5.744590 fusion 0.86s raw 922096 B
DONE churn_departure seed 2904 tc_ospa2_w10 OSPA 5.832908 fusion 1.18s raw 1745408 B
DONE split_no_new seed 2904 tc_ospa2_w5 OSPA 3.237676 fusion 0.52s raw 679936 B
DONE split_no_new seed 2904 tc_ospa2_w10 OSPA 3.364819 fusion 0.71s raw 1269840 B
DONE split_latebirth seed 2905 tc_ospa2_w5 OSPA 4.470349 fusion 0.96s raw 1039168 B
DONE split_latebirth seed 2905 tc_ospa2_w10 OSPA 4.504348 fusion 1.33s raw 1968400 B
DONE churn_departure seed 2905 tc_ospa2_w5 OSPA 4.980589 fusion 0.98s raw 1033696 B
DONE churn_departure seed 2905 tc_ospa2_w10 OSPA 5.037405 fusion 1.33s raw 1962032 B
DONE split_no_new seed 2905 tc_ospa2_w5 OSPA 2.153999 fusion 0.64s raw 776944 B
DONE split_no_new seed 2905 tc_ospa2_w10 OSPA 2.187998 fusion 0.86s raw 1458256 B
DONE split_latebirth seed 2906 tc_ospa2_w5 OSPA 4.395477 fusion 1.02s raw 1034944 B
DONE split_latebirth seed 2906 tc_ospa2_w10 OSPA 4.446637 fusion 1.34s raw 1964608 B
DONE churn_departure seed 2906 tc_ospa2_w5 OSPA 5.491247 fusion 0.85s raw 904336 B
DONE churn_departure seed 2906 tc_ospa2_w10 OSPA 5.560416 fusion 1.13s raw 1711344 B
DONE split_no_new seed 2906 tc_ospa2_w5 OSPA 2.009255 fusion 0.68s raw 794176 B
DONE split_no_new seed 2906 tc_ospa2_w10 OSPA 2.060415 fusion 0.92s raw 1492384 B
DONE split_latebirth seed 2907 tc_ospa2_w5 OSPA 5.038437 fusion 0.97s raw 1027264 B
DONE split_latebirth seed 2907 tc_ospa2_w10 OSPA 5.074289 fusion 1.37s raw 1944512 B
DONE churn_departure seed 2907 tc_ospa2_w5 OSPA 4.984638 fusion 0.89s raw 939280 B
DONE churn_departure seed 2907 tc_ospa2_w10 OSPA 5.036913 fusion 1.21s raw 1779904 B
DONE split_no_new seed 2907 tc_ospa2_w5 OSPA 2.588888 fusion 0.63s raw 716032 B
DONE split_no_new seed 2907 tc_ospa2_w10 OSPA 2.623183 fusion 0.82s raw 1341536 B
DONE split_latebirth seed 2908 tc_ospa2_w5 OSPA 4.679985 fusion 0.90s raw 1000624 B
DONE split_latebirth seed 2908 tc_ospa2_w10 OSPA 4.714184 fusion 1.27s raw 1893040 B
DONE churn_departure seed 2908 tc_ospa2_w5 OSPA 4.856766 fusion 0.91s raw 1018576 B
DONE churn_departure seed 2908 tc_ospa2_w10 OSPA 4.861567 fusion 1.29s raw 1930592 B
DONE split_no_new seed 2908 tc_ospa2_w5 OSPA 2.807467 fusion 0.57s raw 737632 B
DONE split_no_new seed 2908 tc_ospa2_w10 OSPA 2.841666 fusion 0.80s raw 1381408 B
DONE split_latebirth seed 2909 tc_ospa2_w5 OSPA 5.861378 fusion 0.86s raw 907552 B
DONE split_latebirth seed 2909 tc_ospa2_w10 OSPA 5.916800 fusion 1.21s raw 1712800 B
DONE churn_departure seed 2909 tc_ospa2_w5 OSPA 6.436864 fusion 0.78s raw 863392 B
DONE churn_departure seed 2909 tc_ospa2_w10 OSPA 6.516814 fusion 1.09s raw 1628784 B
DONE split_no_new seed 2909 tc_ospa2_w5 OSPA 5.133038 fusion 0.52s raw 646576 B
DONE split_no_new seed 2909 tc_ospa2_w10 OSPA 5.181709 fusion 0.70s raw 1204144 B
DONE split_latebirth seed 2910 tc_ospa2_w5 OSPA 4.611391 fusion 0.91s raw 981520 B
DONE split_latebirth seed 2910 tc_ospa2_w10 OSPA 4.674116 fusion 1.26s raw 1858128 B
DONE churn_departure seed 2910 tc_ospa2_w5 OSPA 5.660042 fusion 0.80s raw 894688 B
DONE churn_departure seed 2910 tc_ospa2_w10 OSPA 5.735759 fusion 1.13s raw 1691296 B
DONE split_no_new seed 2910 tc_ospa2_w5 OSPA 3.896460 fusion 0.63s raw 775648 B
DONE split_no_new seed 2910 tc_ospa2_w10 OSPA 3.927504 fusion 0.89s raw 1456128 B
DONE split_latebirth seed 2911 tc_ospa2_w5 OSPA 5.244269 fusion 0.98s raw 981808 B
DONE split_latebirth seed 2911 tc_ospa2_w10 OSPA 5.278678 fusion 1.29s raw 1855824 B
DONE churn_departure seed 2911 tc_ospa2_w5 OSPA 6.012684 fusion 1.00s raw 941008 B
DONE churn_departure seed 2911 tc_ospa2_w10 OSPA 6.073595 fusion 1.35s raw 1779984 B
DONE split_no_new seed 2911 tc_ospa2_w5 OSPA 4.679816 fusion 0.59s raw 721120 B
DONE split_no_new seed 2911 tc_ospa2_w10 OSPA 4.714226 fusion 0.84s raw 1348896 B
DONE split_latebirth seed 2912 tc_ospa2_w5 OSPA 5.666007 fusion 0.95s raw 924352 B
DONE split_latebirth seed 2912 tc_ospa2_w10 OSPA 5.708055 fusion 1.21s raw 1746448 B
DONE churn_departure seed 2912 tc_ospa2_w5 OSPA 5.748325 fusion 0.93s raw 947248 B
DONE churn_departure seed 2912 tc_ospa2_w10 OSPA 5.793828 fusion 1.33s raw 1787696 B
DONE split_no_new seed 2912 tc_ospa2_w5 OSPA 4.400134 fusion 0.56s raw 675280 B
DONE split_no_new seed 2912 tc_ospa2_w10 OSPA 4.441899 fusion 0.76s raw 1259056 B
DONE split_latebirth seed 2913 tc_ospa2_w5 OSPA 4.952636 fusion 1.08s raw 968176 B
DONE split_latebirth seed 2913 tc_ospa2_w10 OSPA 4.986785 fusion 1.33s raw 1829728 B
DONE churn_departure seed 2913 tc_ospa2_w5 OSPA 5.872352 fusion 0.95s raw 945184 B
DONE churn_departure seed 2913 tc_ospa2_w10 OSPA 5.921591 fusion 1.38s raw 1790928 B
DONE split_no_new seed 2913 tc_ospa2_w5 OSPA 3.573711 fusion 0.59s raw 696160 B
DONE split_no_new seed 2913 tc_ospa2_w10 OSPA 3.613523 fusion 0.85s raw 1302400 B
DONE split_latebirth seed 2914 tc_ospa2_w5 OSPA 4.738295 fusion 1.13s raw 963616 B
DONE split_latebirth seed 2914 tc_ospa2_w10 OSPA 4.801457 fusion 1.36s raw 1820944 B
DONE churn_departure seed 2914 tc_ospa2_w5 OSPA 5.011330 fusion 0.95s raw 876832 B
DONE churn_departure seed 2914 tc_ospa2_w10 OSPA 5.084784 fusion 1.31s raw 1652640 B
DONE split_no_new seed 2914 tc_ospa2_w5 OSPA 2.830565 fusion 0.71s raw 698608 B
DONE split_no_new seed 2914 tc_ospa2_w10 OSPA 2.891141 fusion 0.93s raw 1305232 B
DONE split_latebirth seed 2915 tc_ospa2_w5 OSPA 4.430510 fusion 1.17s raw 1030912 B
DONE split_latebirth seed 2915 tc_ospa2_w10 OSPA 4.476123 fusion 1.46s raw 1951680 B
DONE churn_departure seed 2915 tc_ospa2_w5 OSPA 4.496918 fusion 1.10s raw 983872 B
DONE churn_departure seed 2915 tc_ospa2_w10 OSPA 4.557987 fusion 1.48s raw 1862800 B
DONE split_no_new seed 2915 tc_ospa2_w5 OSPA 2.296087 fusion 0.71s raw 768160 B
DONE split_no_new seed 2915 tc_ospa2_w10 OSPA 2.339113 fusion 1.05s raw 1440288 B
DONE split_latebirth seed 2916 tc_ospa2_w5 OSPA 4.677073 fusion 1.15s raw 1026208 B
DONE split_latebirth seed 2916 tc_ospa2_w10 OSPA 4.710264 fusion 1.50s raw 1948048 B
DONE churn_departure seed 2916 tc_ospa2_w5 OSPA 4.578457 fusion 1.15s raw 996352 B
DONE churn_departure seed 2916 tc_ospa2_w10 OSPA 4.651199 fusion 1.56s raw 1886304 B
DONE split_no_new seed 2916 tc_ospa2_w5 OSPA 2.768917 fusion 0.79s raw 771472 B
DONE split_no_new seed 2916 tc_ospa2_w10 OSPA 2.802898 fusion 1.03s raw 1452112 B
DONE split_latebirth seed 2917 tc_ospa2_w5 OSPA 4.596826 fusion 1.16s raw 1006192 B
DONE split_latebirth seed 2917 tc_ospa2_w10 OSPA 4.624632 fusion 1.50s raw 1904928 B
DONE churn_departure seed 2917 tc_ospa2_w5 OSPA 5.517513 fusion 1.11s raw 913984 B
DONE churn_departure seed 2917 tc_ospa2_w10 OSPA 5.562336 fusion 1.57s raw 1725952 B
DONE split_no_new seed 2917 tc_ospa2_w5 OSPA 2.769525 fusion 0.76s raw 743872 B
DONE split_no_new seed 2917 tc_ospa2_w10 OSPA 2.791207 fusion 0.99s raw 1394688 B
DONE split_latebirth seed 2918 tc_ospa2_w5 OSPA 5.698902 fusion 1.04s raw 880864 B
DONE split_latebirth seed 2918 tc_ospa2_w10 OSPA 5.757660 fusion 1.39s raw 1658112 B
DONE churn_departure seed 2918 tc_ospa2_w5 OSPA 6.123789 fusion 1.06s raw 883360 B
DONE churn_departure seed 2918 tc_ospa2_w10 OSPA 6.192265 fusion 1.32s raw 1661648 B
DONE split_no_new seed 2918 tc_ospa2_w5 OSPA 4.434916 fusion 0.55s raw 618928 B
DONE split_no_new seed 2918 tc_ospa2_w10 OSPA 4.493673 fusion 0.76s raw 1147296 B
DONE split_latebirth seed 2919 tc_ospa2_w5 OSPA 5.358715 fusion 1.18s raw 969808 B
DONE split_latebirth seed 2919 tc_ospa2_w10 OSPA 5.409400 fusion 1.47s raw 1832800 B
DONE churn_departure seed 2919 tc_ospa2_w5 OSPA 5.801701 fusion 1.18s raw 993664 B
DONE churn_departure seed 2919 tc_ospa2_w10 OSPA 5.858021 fusion 1.49s raw 1880032 B
DONE split_no_new seed 2919 tc_ospa2_w5 OSPA 4.202345 fusion 0.74s raw 707392 B
DONE split_no_new seed 2919 tc_ospa2_w10 OSPA 4.236283 fusion 0.97s raw 1321744 B
DONE split_latebirth seed 2920 tc_ospa2_w5 OSPA 5.087906 fusion 1.24s raw 1017088 B
DONE split_latebirth seed 2920 tc_ospa2_w10 OSPA 5.130298 fusion 1.53s raw 1923808 B
DONE churn_departure seed 2920 tc_ospa2_w5 OSPA 4.939587 fusion 1.04s raw 981712 B
DONE churn_departure seed 2920 tc_ospa2_w10 OSPA 4.989537 fusion 1.48s raw 1861344 B
DONE split_no_new seed 2920 tc_ospa2_w5 OSPA 3.391491 fusion 0.74s raw 745360 B
DONE split_no_new seed 2920 tc_ospa2_w10 OSPA 3.446022 fusion 1.06s raw 1394080 B
COMPLETED external TC cases seeds 2902--2920
