WARNING: package sun.awt.X11 not in java.desktop
WARNING: package sun.awt.X11 not in java.desktop
ECR CHECK PASSED: association weighting, miss/opportunity reset, continuous bound, unchanged negative correction and spatial density, one/equal-age identity, source exclusion, censor, packet, exact local-update and ER parity.
STABLE MARKED CHECK PASSED: exact prior-adapter state/W parity, original unity/empty diagnostic parity, unchanged scalar Bayes, exact original fusion-object and record parity for all five arms.
SELECTIVE CHECK PASSED: scalar identity, gated increments, conservative fallback, stale resets, numerical ties, exclusion, censor, spatial parity, association and mark endpoints, 224 B packet round trip.
ASYMMETRIC CHECK PASSED: both evidence signs, opposing scalar endpoints, zero-negative exact SI fallback, single-source/exclusion, stale reset, missed-likelihood contrast and native 232 B round trip.
SINGLE CHECK differences: r 2.6367796834847468e-15 mu 1.7763568394002505e-15 Sigma 0; new/old r 0 mu 0 Sigma 0
GAUSSIAN EVIDENCE CHECK PASSED: centralized Bernoulli Gaussian agreement/conflict, spatial and existence normalization, zero-gate/base and one-source behavior, curvature rejection, aggregate integrability fallback, and native 352 B round trip.
REVIEW CONTROL CHECK PASSED: GS p0/I0 and guarded exponents; fixed ratio equivalence; rejection, stale/single source, aggregate fallback.
REVIEW EGO MOTION CHECK PASSED: identity, translation/rotation, full covariance, stationary/moving world points.
START REVIEW motion_seen_transfer 0004 reliable marked_lineage 133 frames
DONE REVIEW motion_seen_transfer 0004 reliable marked_lineage OSPA 5.439012 runtime 15.18s
START REVIEW motion_seen_transfer 0004 reliable marked_asymmetric 133 frames
DONE REVIEW motion_seen_transfer 0004 reliable marked_asymmetric OSPA 5.942352 runtime 12.52s
START REVIEW motion_seen_transfer 0004 reliable marked_gaussian_evidence_guarded_scalar 133 frames
DONE REVIEW motion_seen_transfer 0004 reliable marked_gaussian_evidence_guarded_scalar OSPA 5.942355 runtime 14.29s
START REVIEW motion_seen_transfer 0004 reliable marked_gaussian_evidence 133 frames
DONE REVIEW motion_seen_transfer 0004 reliable marked_gaussian_evidence OSPA 5.870159 runtime 19.47s
START REVIEW motion_seen_transfer 0004 intermittent marked_lineage 133 frames
DONE REVIEW motion_seen_transfer 0004 intermittent marked_lineage OSPA 5.442695 runtime 11.40s
START REVIEW motion_seen_transfer 0004 intermittent marked_asymmetric 133 frames
DONE REVIEW motion_seen_transfer 0004 intermittent marked_asymmetric OSPA 5.455240 runtime 11.49s
START REVIEW motion_seen_transfer 0004 intermittent marked_gaussian_evidence_guarded_scalar 133 frames
DONE REVIEW motion_seen_transfer 0004 intermittent marked_gaussian_evidence_guarded_scalar OSPA 5.455241 runtime 13.02s
START REVIEW motion_seen_transfer 0004 intermittent marked_gaussian_evidence 133 frames
DONE REVIEW motion_seen_transfer 0004 intermittent marked_gaussian_evidence OSPA 5.427926 runtime 12.79s
COMPLETED REVIEW motion_seen_transfer 0004
