WARNING: package sun.awt.X11 not in java.desktop
WARNING: package sun.awt.X11 not in java.desktop
ECR CHECK PASSED: association weighting, miss/opportunity reset, continuous bound, unchanged negative correction and spatial density, one/equal-age identity, source exclusion, censor, packet, exact local-update and ER parity.
STABLE MARKED CHECK PASSED: exact prior-adapter state/W parity, original unity/empty diagnostic parity, unchanged scalar Bayes, exact original fusion-object and record parity for all five arms.
SELECTIVE CHECK PASSED: scalar identity, gated increments, conservative fallback, stale resets, numerical ties, exclusion, censor, spatial parity, association and mark endpoints, 224 B packet round trip.
ASYMMETRIC CHECK PASSED: both evidence signs, opposing scalar endpoints, zero-negative exact SI fallback, single-source/exclusion, stale reset, missed-likelihood contrast and native 232 B round trip.
SINGLE CHECK differences: r 2.6367796834847468e-15 mu 1.7763568394002505e-15 Sigma 0; new/old r 0 mu 0 Sigma 0
GAUSSIAN EVIDENCE CHECK PASSED: centralized Bernoulli Gaussian agreement/conflict, spatial and existence normalization, zero-gate/base and one-source behavior, curvature rejection, aggregate integrability fallback, and native 352 B round trip.
REVIEW CONTROL CHECK PASSED: GS p0/I0 and guarded exponents; fixed ratio equivalence; rejection, stale/single source, aggregate fallback.
REVIEW EGO MOTION CHECK PASSED: identity, translation/rotation, full covariance, stationary/moving world points.
START REVIEW motion_seen_transfer 0006 reliable marked_lineage 122 frames
DONE REVIEW motion_seen_transfer 0006 reliable marked_lineage OSPA 0.619246 runtime 8.31s
START REVIEW motion_seen_transfer 0006 reliable marked_asymmetric 122 frames
DONE REVIEW motion_seen_transfer 0006 reliable marked_asymmetric OSPA 0.595399 runtime 4.97s
START REVIEW motion_seen_transfer 0006 reliable marked_gaussian_evidence_guarded_scalar 122 frames
DONE REVIEW motion_seen_transfer 0006 reliable marked_gaussian_evidence_guarded_scalar OSPA 0.595398 runtime 6.12s
START REVIEW motion_seen_transfer 0006 reliable marked_gaussian_evidence 122 frames
DONE REVIEW motion_seen_transfer 0006 reliable marked_gaussian_evidence OSPA 0.597048 runtime 4.54s
START REVIEW motion_seen_transfer 0006 intermittent marked_lineage 122 frames
DONE REVIEW motion_seen_transfer 0006 intermittent marked_lineage OSPA 0.624096 runtime 3.93s
START REVIEW motion_seen_transfer 0006 intermittent marked_asymmetric 122 frames
DONE REVIEW motion_seen_transfer 0006 intermittent marked_asymmetric OSPA 0.600284 runtime 3.23s
START REVIEW motion_seen_transfer 0006 intermittent marked_gaussian_evidence_guarded_scalar 122 frames
DONE REVIEW motion_seen_transfer 0006 intermittent marked_gaussian_evidence_guarded_scalar OSPA 0.600283 runtime 3.54s
START REVIEW motion_seen_transfer 0006 intermittent marked_gaussian_evidence 122 frames
DONE REVIEW motion_seen_transfer 0006 intermittent marked_gaussian_evidence OSPA 0.601737 runtime 3.90s
COMPLETED REVIEW motion_seen_transfer 0006
