WARNING: package sun.awt.X11 not in java.desktop
WARNING: package sun.awt.X11 not in java.desktop
ECR CHECK PASSED: association weighting, miss/opportunity reset, continuous bound, unchanged negative correction and spatial density, one/equal-age identity, source exclusion, censor, packet, exact local-update and ER parity.
STABLE MARKED CHECK PASSED: exact prior-adapter state/W parity, original unity/empty diagnostic parity, unchanged scalar Bayes, exact original fusion-object and record parity for all five arms.
SELECTIVE CHECK PASSED: scalar identity, gated increments, conservative fallback, stale resets, numerical ties, exclusion, censor, spatial parity, association and mark endpoints, 224 B packet round trip.
ASYMMETRIC CHECK PASSED: both evidence signs, opposing scalar endpoints, zero-negative exact SI fallback, single-source/exclusion, stale reset, missed-likelihood contrast and native 232 B round trip.
SINGLE CHECK differences: r 2.6367796834847468e-15 mu 1.7763568394002505e-15 Sigma 0; new/old r 0 mu 0 Sigma 0
GAUSSIAN EVIDENCE CHECK PASSED: centralized Bernoulli Gaussian agreement/conflict, spatial and existence normalization, zero-gate/base and one-source behavior, curvature rejection, aggregate integrability fallback, and native 352 B round trip.
REVIEW CONTROL CHECK PASSED: GS p0/I0 and guarded exponents; fixed ratio equivalence; rejection, stale/single source, aggregate fallback.
DIRECT OBSERVATION CHECK PASSED
OBSERVATION ASSOCIATION CHECK PASSED
PERSISTENT ASSOCIATION CHECK PASSED
COLUMN ASSOCIATION CHECK PASSED
SCREENED ASSOCIATION CHECK PASSED
RANGE DETECTION CHECK PASSED
START REVIEW range_detection_preflight 0000 reliable marked_gaussian_evidence 147 frames
DONE REVIEW range_detection_preflight 0000 reliable marked_gaussian_evidence OSPA 2.054033 runtime 2.80s
START REVIEW range_detection_preflight 0000 reliable marked_lineage 147 frames
DONE REVIEW range_detection_preflight 0000 reliable marked_lineage OSPA 2.111240 runtime 1.91s
START REVIEW range_detection_preflight 0000 reliable marked_gaussian_evidence_guarded_scalar 147 frames
DONE REVIEW range_detection_preflight 0000 reliable marked_gaussian_evidence_guarded_scalar OSPA 2.035972 runtime 1.67s
START REVIEW range_detection_preflight 0000 reliable marked_gaussian_evidence_range 147 frames
DONE REVIEW range_detection_preflight 0000 reliable marked_gaussian_evidence_range OSPA 2.121167 runtime 1.78s
START REVIEW range_detection_preflight 0000 reliable marked_lineage_range 147 frames
DONE REVIEW range_detection_preflight 0000 reliable marked_lineage_range OSPA 2.272382 runtime 1.92s
START REVIEW range_detection_preflight 0000 reliable marked_gaussian_evidence_guarded_scalar_range 147 frames
DONE REVIEW range_detection_preflight 0000 reliable marked_gaussian_evidence_guarded_scalar_range OSPA 2.190152 runtime 1.66s
START REVIEW range_detection_preflight 0000 reliable marked_gaussian_evidence_constant 147 frames
DONE REVIEW range_detection_preflight 0000 reliable marked_gaussian_evidence_constant OSPA 1.943201 runtime 1.71s
START REVIEW range_detection_preflight 0000 reliable marked_lineage_constant 147 frames
DONE REVIEW range_detection_preflight 0000 reliable marked_lineage_constant OSPA 2.172855 runtime 1.97s
START REVIEW range_detection_preflight 0000 reliable marked_gaussian_evidence_guarded_scalar_constant 147 frames
DONE REVIEW range_detection_preflight 0000 reliable marked_gaussian_evidence_guarded_scalar_constant OSPA 2.041213 runtime 1.57s
START REVIEW range_detection_preflight 0000 intermittent marked_gaussian_evidence 147 frames
DONE REVIEW range_detection_preflight 0000 intermittent marked_gaussian_evidence OSPA 2.298442 runtime 1.37s
START REVIEW range_detection_preflight 0000 intermittent marked_lineage 147 frames
DONE REVIEW range_detection_preflight 0000 intermittent marked_lineage OSPA 2.539548 runtime 1.20s
START REVIEW range_detection_preflight 0000 intermittent marked_gaussian_evidence_guarded_scalar 147 frames
DONE REVIEW range_detection_preflight 0000 intermittent marked_gaussian_evidence_guarded_scalar OSPA 2.413252 runtime 1.27s
START REVIEW range_detection_preflight 0000 intermittent marked_gaussian_evidence_range 147 frames
DONE REVIEW range_detection_preflight 0000 intermittent marked_gaussian_evidence_range OSPA 2.418144 runtime 1.52s
START REVIEW range_detection_preflight 0000 intermittent marked_lineage_range 147 frames
DONE REVIEW range_detection_preflight 0000 intermittent marked_lineage_range OSPA 2.629529 runtime 1.69s
START REVIEW range_detection_preflight 0000 intermittent marked_gaussian_evidence_guarded_scalar_range 147 frames
DONE REVIEW range_detection_preflight 0000 intermittent marked_gaussian_evidence_guarded_scalar_range OSPA 2.483248 runtime 1.52s
START REVIEW range_detection_preflight 0000 intermittent marked_gaussian_evidence_constant 147 frames
DONE REVIEW range_detection_preflight 0000 intermittent marked_gaussian_evidence_constant OSPA 2.351395 runtime 1.27s
START REVIEW range_detection_preflight 0000 intermittent marked_lineage_constant 147 frames
DONE REVIEW range_detection_preflight 0000 intermittent marked_lineage_constant OSPA 2.516484 runtime 1.61s
START REVIEW range_detection_preflight 0000 intermittent marked_gaussian_evidence_guarded_scalar_constant 147 frames
DONE REVIEW range_detection_preflight 0000 intermittent marked_gaussian_evidence_guarded_scalar_constant OSPA 2.467736 runtime 1.27s
COMPLETED REVIEW range_detection_preflight 0000
