WARNING: package sun.awt.X11 not in java.desktop
WARNING: package sun.awt.X11 not in java.desktop
ECR CHECK PASSED: association weighting, miss/opportunity reset, continuous bound, unchanged negative correction and spatial density, one/equal-age identity, source exclusion, censor, packet, exact local-update and ER parity.
STABLE MARKED CHECK PASSED: exact prior-adapter state/W parity, original unity/empty diagnostic parity, unchanged scalar Bayes, exact original fusion-object and record parity for all five arms.
SELECTIVE CHECK PASSED: scalar identity, gated increments, conservative fallback, stale resets, numerical ties, exclusion, censor, spatial parity, association and mark endpoints, 224 B packet round trip.
ASYMMETRIC CHECK PASSED: both evidence signs, opposing scalar endpoints, zero-negative exact SI fallback, single-source/exclusion, stale reset, missed-likelihood contrast and native 232 B round trip.
SINGLE CHECK differences: r 2.6367796834847468e-15 mu 1.7763568394002505e-15 Sigma 0; new/old r 0 mu 0 Sigma 0
GAUSSIAN EVIDENCE CHECK PASSED: centralized Bernoulli Gaussian agreement/conflict, spatial and existence normalization, zero-gate/base and one-source behavior, curvature rejection, aggregate integrability fallback, and native 352 B round trip.
REVIEW CONTROL CHECK PASSED: GS p0/I0 and guarded exponents; fixed ratio equivalence; rejection, stale/single source, aggregate fallback.
START REVIEW pd070_development 0001 reliable marked_lineage 114 frames
DONE REVIEW pd070_development 0001 reliable marked_lineage OSPA 3.356787 runtime 18.64s
START REVIEW pd070_development 0001 reliable marked_asymmetric 114 frames
DONE REVIEW pd070_development 0001 reliable marked_asymmetric OSPA 3.686143 runtime 11.68s
START REVIEW pd070_development 0001 reliable marked_gaussian_evidence_guarded_scalar 114 frames
DONE REVIEW pd070_development 0001 reliable marked_gaussian_evidence_guarded_scalar OSPA 3.672560 runtime 11.44s
START REVIEW pd070_development 0001 reliable marked_gaussian_evidence 114 frames
DONE REVIEW pd070_development 0001 reliable marked_gaussian_evidence OSPA 3.771618 runtime 7.96s
START REVIEW pd070_development 0001 intermittent marked_lineage 114 frames
DONE REVIEW pd070_development 0001 intermittent marked_lineage OSPA 4.296749 runtime 5.92s
START REVIEW pd070_development 0001 intermittent marked_asymmetric 114 frames
DONE REVIEW pd070_development 0001 intermittent marked_asymmetric OSPA 4.298504 runtime 5.23s
START REVIEW pd070_development 0001 intermittent marked_gaussian_evidence_guarded_scalar 114 frames
DONE REVIEW pd070_development 0001 intermittent marked_gaussian_evidence_guarded_scalar OSPA 4.407196 runtime 6.15s
START REVIEW pd070_development 0001 intermittent marked_gaussian_evidence 114 frames
DONE REVIEW pd070_development 0001 intermittent marked_gaussian_evidence OSPA 4.393754 runtime 6.09s
COMPLETED REVIEW pd070_development 0001
