WARNING: package sun.awt.X11 not in java.desktop
WARNING: package sun.awt.X11 not in java.desktop
ECR CHECK PASSED: association weighting, miss/opportunity reset, continuous bound, unchanged negative correction and spatial density, one/equal-age identity, source exclusion, censor, packet, exact local-update and ER parity.
STABLE MARKED CHECK PASSED: exact prior-adapter state/W parity, original unity/empty diagnostic parity, unchanged scalar Bayes, exact original fusion-object and record parity for all five arms.
SELECTIVE CHECK PASSED: scalar identity, gated increments, conservative fallback, stale resets, numerical ties, exclusion, censor, spatial parity, association and mark endpoints, 224 B packet round trip.
ASYMMETRIC CHECK PASSED: both evidence signs, opposing scalar endpoints, zero-negative exact SI fallback, single-source/exclusion, stale reset, missed-likelihood contrast and native 232 B round trip.
SINGLE CHECK differences: r 2.6367796834847468e-15 mu 1.7763568394002505e-15 Sigma 0; new/old r 0 mu 0 Sigma 0
GAUSSIAN EVIDENCE CHECK PASSED: centralized Bernoulli Gaussian agreement/conflict, spatial and existence normalization, zero-gate/base and one-source behavior, curvature rejection, aggregate integrability fallback, and native 352 B round trip.
REVIEW CONTROL CHECK PASSED: GS p0/I0 and guarded exponents; fixed ratio equivalence; rejection, stale/single source, aggregate fallback.
START REVIEW pd070_development 0003 reliable marked_lineage 198 frames
DONE REVIEW pd070_development 0003 reliable marked_lineage OSPA 6.543553 runtime 111.55s
START REVIEW pd070_development 0003 reliable marked_asymmetric 198 frames
DONE REVIEW pd070_development 0003 reliable marked_asymmetric OSPA 6.305692 runtime 76.48s
START REVIEW pd070_development 0003 reliable marked_gaussian_evidence_guarded_scalar 198 frames
DONE REVIEW pd070_development 0003 reliable marked_gaussian_evidence_guarded_scalar OSPA 6.327639 runtime 93.23s
START REVIEW pd070_development 0003 reliable marked_gaussian_evidence 198 frames
DONE REVIEW pd070_development 0003 reliable marked_gaussian_evidence OSPA 6.306989 runtime 86.16s
START REVIEW pd070_development 0003 intermittent marked_lineage 198 frames
DONE REVIEW pd070_development 0003 intermittent marked_lineage OSPA 6.855229 runtime 65.16s
START REVIEW pd070_development 0003 intermittent marked_asymmetric 198 frames
DONE REVIEW pd070_development 0003 intermittent marked_asymmetric OSPA 6.658432 runtime 45.72s
START REVIEW pd070_development 0003 intermittent marked_gaussian_evidence_guarded_scalar 198 frames
DONE REVIEW pd070_development 0003 intermittent marked_gaussian_evidence_guarded_scalar OSPA 6.880087 runtime 26.96s
START REVIEW pd070_development 0003 intermittent marked_gaussian_evidence 198 frames
DONE REVIEW pd070_development 0003 intermittent marked_gaussian_evidence OSPA 6.723429 runtime 20.31s
COMPLETED REVIEW pd070_development 0003
