WARNING: package sun.awt.X11 not in java.desktop
WARNING: package sun.awt.X11 not in java.desktop
ECR CHECK PASSED: association weighting, miss/opportunity reset, continuous bound, unchanged negative correction and spatial density, one/equal-age identity, source exclusion, censor, packet, exact local-update and ER parity.
STABLE MARKED CHECK PASSED: exact prior-adapter state/W parity, original unity/empty diagnostic parity, unchanged scalar Bayes, exact original fusion-object and record parity for all five arms.
SELECTIVE CHECK PASSED: scalar identity, gated increments, conservative fallback, stale resets, numerical ties, exclusion, censor, spatial parity, association and mark endpoints, 224 B packet round trip.
ASYMMETRIC CHECK PASSED: both evidence signs, opposing scalar endpoints, zero-negative exact SI fallback, single-source/exclusion, stale reset, missed-likelihood contrast and native 232 B round trip.
SINGLE CHECK differences: r 2.6367796834847468e-15 mu 1.7763568394002505e-15 Sigma 0; new/old r 0 mu 0 Sigma 0
GAUSSIAN EVIDENCE CHECK PASSED: centralized Bernoulli Gaussian agreement/conflict, spatial and existence normalization, zero-gate/base and one-source behavior, curvature rejection, aggregate integrability fallback, and native 352 B round trip.
REVIEW CONTROL CHECK PASSED: GS p0/I0 and guarded exponents; fixed ratio equivalence; rejection, stale/single source, aggregate fallback.
START REVIEW pd070_development 0008 reliable marked_lineage 375 frames
DONE REVIEW pd070_development 0008 reliable marked_lineage OSPA 0.844481 runtime 160.26s
START REVIEW pd070_development 0008 reliable marked_asymmetric 375 frames
DONE REVIEW pd070_development 0008 reliable marked_asymmetric OSPA 0.814526 runtime 94.68s
START REVIEW pd070_development 0008 reliable marked_gaussian_evidence_guarded_scalar 375 frames
DONE REVIEW pd070_development 0008 reliable marked_gaussian_evidence_guarded_scalar OSPA 0.814522 runtime 104.46s
START REVIEW pd070_development 0008 reliable marked_gaussian_evidence 375 frames
DONE REVIEW pd070_development 0008 reliable marked_gaussian_evidence OSPA 0.853723 runtime 121.56s
START REVIEW pd070_development 0008 intermittent marked_lineage 375 frames
DONE REVIEW pd070_development 0008 intermittent marked_lineage OSPA 1.013637 runtime 149.33s
START REVIEW pd070_development 0008 intermittent marked_asymmetric 375 frames
DONE REVIEW pd070_development 0008 intermittent marked_asymmetric OSPA 0.954361 runtime 135.75s
START REVIEW pd070_development 0008 intermittent marked_gaussian_evidence_guarded_scalar 375 frames
DONE REVIEW pd070_development 0008 intermittent marked_gaussian_evidence_guarded_scalar OSPA 0.959769 runtime 136.23s
START REVIEW pd070_development 0008 intermittent marked_gaussian_evidence 375 frames
DONE REVIEW pd070_development 0008 intermittent marked_gaussian_evidence OSPA 1.004900 runtime 138.78s
COMPLETED REVIEW pd070_development 0008
