WARNING: package sun.awt.X11 not in java.desktop
WARNING: package sun.awt.X11 not in java.desktop
PASS confirmation fallback, certificate propagation, negative evidence, fixed-input spatial invariance, source permutation.
START confirmation split_latebirth seed 2801 arm qualified_exist
DONE OSPA 2.524102 count 0.395833 runtime 6.59s
START confirmation split_latebirth seed 2801 arm confirmed_lineage
DONE OSPA 2.731034 count 0.429167 runtime 3.47s
START confirmation split_latebirth seed 2801 arm confirmed_exist
DONE OSPA 2.572418 count 0.403125 runtime 2.95s
START confirmation split_latebirth seed 2802 arm qualified_exist
DONE OSPA 2.512805 count 0.394792 runtime 3.55s
START confirmation split_latebirth seed 2802 arm confirmed_lineage
DONE OSPA 2.795645 count 0.437500 runtime 3.22s
START confirmation split_latebirth seed 2802 arm confirmed_exist
DONE OSPA 2.554980 count 0.400000 runtime 2.90s
START confirmation split_latebirth seed 2803 arm qualified_exist
DONE OSPA 2.494804 count 0.389583 runtime 3.06s
START confirmation split_latebirth seed 2803 arm confirmed_lineage
DONE OSPA 2.807635 count 0.434375 runtime 2.96s
START confirmation split_latebirth seed 2803 arm confirmed_exist
DONE OSPA 2.603561 count 0.403125 runtime 2.86s
START confirmation churn_departure seed 2801 arm qualified_exist
DONE OSPA 0.708201 count 0.081250 runtime 2.90s
START confirmation churn_departure seed 2801 arm confirmed_lineage
DONE OSPA 2.522972 count 0.393750 runtime 3.01s
START confirmation churn_departure seed 2801 arm confirmed_exist
DONE OSPA 1.197970 count 0.170833 runtime 3.04s
START confirmation churn_departure seed 2802 arm qualified_exist
DONE OSPA 0.651832 count 0.073958 runtime 2.70s
START confirmation churn_departure seed 2802 arm confirmed_lineage
DONE OSPA 2.137293 count 0.332292 runtime 2.92s
START confirmation churn_departure seed 2802 arm confirmed_exist
DONE OSPA 1.393287 count 0.205208 runtime 2.95s
START confirmation churn_departure seed 2803 arm qualified_exist
DONE OSPA 0.624663 count 0.068750 runtime 2.89s
START confirmation churn_departure seed 2803 arm confirmed_lineage
DONE OSPA 1.756663 count 0.259375 runtime 2.98s
START confirmation churn_departure seed 2803 arm confirmed_exist
DONE OSPA 1.113221 count 0.151042 runtime 2.94s
START confirmation split_no_new seed 2801 arm qualified_exist
DONE OSPA 0.509235 count 0.031250 runtime 2.45s
START confirmation split_no_new seed 2801 arm confirmed_lineage
DONE OSPA 0.771750 count 0.063542 runtime 2.39s
START confirmation split_no_new seed 2801 arm confirmed_exist
DONE OSPA 0.538925 count 0.035417 runtime 2.36s
START confirmation split_no_new seed 2802 arm qualified_exist
DONE OSPA 0.788177 count 0.038542 runtime 2.77s
START confirmation split_no_new seed 2802 arm confirmed_lineage
DONE OSPA 1.082442 count 0.072917 runtime 2.51s
START confirmation split_no_new seed 2802 arm confirmed_exist
DONE OSPA 0.796224 count 0.038542 runtime 2.43s
START confirmation split_no_new seed 2803 arm qualified_exist
DONE OSPA 0.545029 count 0.025000 runtime 2.47s
START confirmation split_no_new seed 2803 arm confirmed_lineage
DONE OSPA 0.912093 count 0.069792 runtime 2.38s
START confirmation split_no_new seed 2803 arm confirmed_exist
DONE OSPA 0.654116 count 0.038542 runtime 2.33s
COMPLETED confirmation
