V43 post-hoc audit PASS: result=545e94d4f1f7b6a682a3188a3b135ae8bc0e0031b85c843ee7cfba1c2a40a6f2 audit=c7684bd78e5df23416f41873ea9186eead4f1c0fa30669c38cb2dba4beaf1170 M24=0.218182 X36=0.195489
V44 duty-cycle case 1/32: m24-formation-fov seed 41
  candidate 1/11: sync-all-b2-e05-nc
  candidate 2/11: sync-all-b2-e10-mc
  candidate 3/11: sync-all-b2-e20-sp
  candidate 4/11: formation-all-b2-e10-mc
  candidate 5/11: formation-all-b2-e20-sp
  candidate 6/11: sync-all-b3-e15-mc
  candidate 7/11: sync-all-b3-e20-sp
  candidate 8/11: formation-all-b3-e15-mc
  candidate 9/11: formation-all-b3-e20-sp
  candidate 10/11: sync-all-b4-e20-mc
  candidate 11/11: formation-all-b4-e20-mc
V44 duty-cycle case 2/32: m24-formation-fov seed 43
  candidate 1/11: sync-all-b2-e05-nc
  candidate 2/11: sync-all-b2-e10-mc
  candidate 3/11: sync-all-b2-e20-sp
  candidate 4/11: formation-all-b2-e10-mc
  candidate 5/11: formation-all-b2-e20-sp
  candidate 6/11: sync-all-b3-e15-mc
  candidate 7/11: sync-all-b3-e20-sp
  candidate 8/11: formation-all-b3-e15-mc
  candidate 9/11: formation-all-b3-e20-sp
  candidate 10/11: sync-all-b4-e20-mc
  candidate 11/11: formation-all-b4-e20-mc
V44 duty-cycle case 3/32: m24-formation-fov seed 47
  candidate 1/11: sync-all-b2-e05-nc
  candidate 2/11: sync-all-b2-e10-mc
  candidate 3/11: sync-all-b2-e20-sp
  candidate 4/11: formation-all-b2-e10-mc
  candidate 5/11: formation-all-b2-e20-sp
  candidate 6/11: sync-all-b3-e15-mc
  candidate 7/11: sync-all-b3-e20-sp
  candidate 8/11: formation-all-b3-e15-mc
  candidate 9/11: formation-all-b3-e20-sp
  candidate 10/11: sync-all-b4-e20-mc
  candidate 11/11: formation-all-b4-e20-mc
V44 duty-cycle case 4/32: m24-formation-fov seed 53
  candidate 1/11: sync-all-b2-e05-nc
  candidate 2/11: sync-all-b2-e10-mc
  candidate 3/11: sync-all-b2-e20-sp
  candidate 4/11: formation-all-b2-e10-mc
  candidate 5/11: formation-all-b2-e20-sp
  candidate 6/11: sync-all-b3-e15-mc
  candidate 7/11: sync-all-b3-e20-sp
  candidate 8/11: formation-all-b3-e15-mc
  candidate 9/11: formation-all-b3-e20-sp
  candidate 10/11: sync-all-b4-e20-mc
  candidate 11/11: formation-all-b4-e20-mc
V44 duty-cycle case 5/32: m24-formation-fov-convoy seed 41
  candidate 1/11: sync-all-b2-e05-nc
  candidate 2/11: sync-all-b2-e10-mc
  candidate 3/11: sync-all-b2-e20-sp
  candidate 4/11: formation-all-b2-e10-mc
  candidate 5/11: formation-all-b2-e20-sp
  candidate 6/11: sync-all-b3-e15-mc
  candidate 7/11: sync-all-b3-e20-sp
  candidate 8/11: formation-all-b3-e15-mc
  candidate 9/11: formation-all-b3-e20-sp
  candidate 10/11: sync-all-b4-e20-mc
  candidate 11/11: formation-all-b4-e20-mc
V44 duty-cycle case 6/32: m24-formation-fov-convoy seed 43
  candidate 1/11: sync-all-b2-e05-nc
  candidate 2/11: sync-all-b2-e10-mc
  candidate 3/11: sync-all-b2-e20-sp
  candidate 4/11: formation-all-b2-e10-mc
  candidate 5/11: formation-all-b2-e20-sp
  candidate 6/11: sync-all-b3-e15-mc
  candidate 7/11: sync-all-b3-e20-sp
  candidate 8/11: formation-all-b3-e15-mc
  candidate 9/11: formation-all-b3-e20-sp
  candidate 10/11: sync-all-b4-e20-mc
  candidate 11/11: formation-all-b4-e20-mc
V44 duty-cycle case 7/32: m24-formation-fov-convoy seed 47
  candidate 1/11: sync-all-b2-e05-nc
  candidate 2/11: sync-all-b2-e10-mc
  candidate 3/11: sync-all-b2-e20-sp
  candidate 4/11: formation-all-b2-e10-mc
  candidate 5/11: formation-all-b2-e20-sp
  candidate 6/11: sync-all-b3-e15-mc
  candidate 7/11: sync-all-b3-e20-sp
  candidate 8/11: formation-all-b3-e15-mc
  candidate 9/11: formation-all-b3-e20-sp
  candidate 10/11: sync-all-b4-e20-mc
  candidate 11/11: formation-all-b4-e20-mc
V44 duty-cycle case 8/32: m24-formation-fov-convoy seed 53
  candidate 1/11: sync-all-b2-e05-nc
  candidate 2/11: sync-all-b2-e10-mc
  candidate 3/11: sync-all-b2-e20-sp
  candidate 4/11: formation-all-b2-e10-mc
  candidate 5/11: formation-all-b2-e20-sp
  candidate 6/11: sync-all-b3-e15-mc
  candidate 7/11: sync-all-b3-e20-sp
  candidate 8/11: formation-all-b3-e15-mc
  candidate 9/11: formation-all-b3-e20-sp
  candidate 10/11: sync-all-b4-e20-mc
  candidate 11/11: formation-all-b4-e20-mc
V44 duty-cycle case 9/32: m24-formation-fov-relay seed 41
  candidate 1/11: sync-all-b2-e05-nc
  candidate 2/11: sync-all-b2-e10-mc
  candidate 3/11: sync-all-b2-e20-sp
  candidate 4/11: formation-all-b2-e10-mc
  candidate 5/11: formation-all-b2-e20-sp
  candidate 6/11: sync-all-b3-e15-mc
  candidate 7/11: sync-all-b3-e20-sp
  candidate 8/11: formation-all-b3-e15-mc
  candidate 9/11: formation-all-b3-e20-sp
  candidate 10/11: sync-all-b4-e20-mc
  candidate 11/11: formation-all-b4-e20-mc
V44 duty-cycle case 10/32: m24-formation-fov-relay seed 43
  candidate 1/11: sync-all-b2-e05-nc
  candidate 2/11: sync-all-b2-e10-mc
  candidate 3/11: sync-all-b2-e20-sp
  candidate 4/11: formation-all-b2-e10-mc
  candidate 5/11: formation-all-b2-e20-sp
  candidate 6/11: sync-all-b3-e15-mc
  candidate 7/11: sync-all-b3-e20-sp
  candidate 8/11: formation-all-b3-e15-mc
  candidate 9/11: formation-all-b3-e20-sp
  candidate 10/11: sync-all-b4-e20-mc
  candidate 11/11: formation-all-b4-e20-mc
V44 duty-cycle case 11/32: m24-formation-fov-relay seed 47
  candidate 1/11: sync-all-b2-e05-nc
  candidate 2/11: sync-all-b2-e10-mc
  candidate 3/11: sync-all-b2-e20-sp
  candidate 4/11: formation-all-b2-e10-mc
  candidate 5/11: formation-all-b2-e20-sp
  candidate 6/11: sync-all-b3-e15-mc
  candidate 7/11: sync-all-b3-e20-sp
  candidate 8/11: formation-all-b3-e15-mc
  candidate 9/11: formation-all-b3-e20-sp
  candidate 10/11: sync-all-b4-e20-mc
  candidate 11/11: formation-all-b4-e20-mc
V44 duty-cycle case 12/32: m24-formation-fov-relay seed 53
  candidate 1/11: sync-all-b2-e05-nc
  candidate 2/11: sync-all-b2-e10-mc
  candidate 3/11: sync-all-b2-e20-sp
  candidate 4/11: formation-all-b2-e10-mc
  candidate 5/11: formation-all-b2-e20-sp
  candidate 6/11: sync-all-b3-e15-mc
  candidate 7/11: sync-all-b3-e20-sp
  candidate 8/11: formation-all-b3-e15-mc
  candidate 9/11: formation-all-b3-e20-sp
  candidate 10/11: sync-all-b4-e20-mc
  candidate 11/11: formation-all-b4-e20-mc
V44 duty-cycle case 13/32: m24-formation-fov-crossing seed 41
  candidate 1/11: sync-all-b2-e05-nc
  candidate 2/11: sync-all-b2-e10-mc
  candidate 3/11: sync-all-b2-e20-sp
  candidate 4/11: formation-all-b2-e10-mc
  candidate 5/11: formation-all-b2-e20-sp
  candidate 6/11: sync-all-b3-e15-mc
  candidate 7/11: sync-all-b3-e20-sp
  candidate 8/11: formation-all-b3-e15-mc
  candidate 9/11: formation-all-b3-e20-sp
  candidate 10/11: sync-all-b4-e20-mc
  candidate 11/11: formation-all-b4-e20-mc
V44 duty-cycle case 14/32: m24-formation-fov-crossing seed 43
  candidate 1/11: sync-all-b2-e05-nc
  candidate 2/11: sync-all-b2-e10-mc
  candidate 3/11: sync-all-b2-e20-sp
  candidate 4/11: formation-all-b2-e10-mc
  candidate 5/11: formation-all-b2-e20-sp
  candidate 6/11: sync-all-b3-e15-mc
  candidate 7/11: sync-all-b3-e20-sp
  candidate 8/11: formation-all-b3-e15-mc
  candidate 9/11: formation-all-b3-e20-sp
  candidate 10/11: sync-all-b4-e20-mc
  candidate 11/11: formation-all-b4-e20-mc
V44 duty-cycle case 15/32: m24-formation-fov-crossing seed 47
  candidate 1/11: sync-all-b2-e05-nc
  candidate 2/11: sync-all-b2-e10-mc
  candidate 3/11: sync-all-b2-e20-sp
  candidate 4/11: formation-all-b2-e10-mc
  candidate 5/11: formation-all-b2-e20-sp
  candidate 6/11: sync-all-b3-e15-mc
  candidate 7/11: sync-all-b3-e20-sp
  candidate 8/11: formation-all-b3-e15-mc
  candidate 9/11: formation-all-b3-e20-sp
  candidate 10/11: sync-all-b4-e20-mc
  candidate 11/11: formation-all-b4-e20-mc
V44 duty-cycle case 16/32: m24-formation-fov-crossing seed 53
  candidate 1/11: sync-all-b2-e05-nc
  candidate 2/11: sync-all-b2-e10-mc
  candidate 3/11: sync-all-b2-e20-sp
  candidate 4/11: formation-all-b2-e10-mc
  candidate 5/11: formation-all-b2-e20-sp
  candidate 6/11: sync-all-b3-e15-mc
  candidate 7/11: sync-all-b3-e20-sp
  candidate 8/11: formation-all-b3-e15-mc
  candidate 9/11: formation-all-b3-e20-sp
  candidate 10/11: sync-all-b4-e20-mc
  candidate 11/11: formation-all-b4-e20-mc
V44 duty-cycle case 17/32: x36-formation-fov seed 41
  candidate 1/11: sync-all-b2-e05-nc
  candidate 2/11: sync-all-b2-e10-mc
  candidate 3/11: sync-all-b2-e20-sp
  candidate 4/11: formation-all-b2-e10-mc
  candidate 5/11: formation-all-b2-e20-sp
  candidate 6/11: sync-all-b3-e15-mc
  candidate 7/11: sync-all-b3-e20-sp
  candidate 8/11: formation-all-b3-e15-mc
  candidate 9/11: formation-all-b3-e20-sp
  candidate 10/11: sync-all-b4-e20-mc
  candidate 11/11: formation-all-b4-e20-mc
V44 duty-cycle case 18/32: x36-formation-fov seed 43
  candidate 1/11: sync-all-b2-e05-nc
  candidate 2/11: sync-all-b2-e10-mc
  candidate 3/11: sync-all-b2-e20-sp
  candidate 4/11: formation-all-b2-e10-mc
  candidate 5/11: formation-all-b2-e20-sp
  candidate 6/11: sync-all-b3-e15-mc
  candidate 7/11: sync-all-b3-e20-sp
  candidate 8/11: formation-all-b3-e15-mc
  candidate 9/11: formation-all-b3-e20-sp
  candidate 10/11: sync-all-b4-e20-mc
  candidate 11/11: formation-all-b4-e20-mc
V44 duty-cycle case 19/32: x36-formation-fov seed 47
  candidate 1/11: sync-all-b2-e05-nc
  candidate 2/11: sync-all-b2-e10-mc
  candidate 3/11: sync-all-b2-e20-sp
  candidate 4/11: formation-all-b2-e10-mc
  candidate 5/11: formation-all-b2-e20-sp
  candidate 6/11: sync-all-b3-e15-mc
  candidate 7/11: sync-all-b3-e20-sp
  candidate 8/11: formation-all-b3-e15-mc
  candidate 9/11: formation-all-b3-e20-sp
  candidate 10/11: sync-all-b4-e20-mc
  candidate 11/11: formation-all-b4-e20-mc
V44 duty-cycle case 20/32: x36-formation-fov seed 53
  candidate 1/11: sync-all-b2-e05-nc
  candidate 2/11: sync-all-b2-e10-mc
  candidate 3/11: sync-all-b2-e20-sp
  candidate 4/11: formation-all-b2-e10-mc
  candidate 5/11: formation-all-b2-e20-sp
  candidate 6/11: sync-all-b3-e15-mc
  candidate 7/11: sync-all-b3-e20-sp
  candidate 8/11: formation-all-b3-e15-mc
  candidate 9/11: formation-all-b3-e20-sp
  candidate 10/11: sync-all-b4-e20-mc
  candidate 11/11: formation-all-b4-e20-mc
V44 duty-cycle case 21/32: x36-formation-fov-convoy seed 41
  candidate 1/11: sync-all-b2-e05-nc
  candidate 2/11: sync-all-b2-e10-mc
  candidate 3/11: sync-all-b2-e20-sp
  candidate 4/11: formation-all-b2-e10-mc
  candidate 5/11: formation-all-b2-e20-sp
  candidate 6/11: sync-all-b3-e15-mc
  candidate 7/11: sync-all-b3-e20-sp
  candidate 8/11: formation-all-b3-e15-mc
  candidate 9/11: formation-all-b3-e20-sp
  candidate 10/11: sync-all-b4-e20-mc
  candidate 11/11: formation-all-b4-e20-mc
V44 duty-cycle case 22/32: x36-formation-fov-convoy seed 43
  candidate 1/11: sync-all-b2-e05-nc
  candidate 2/11: sync-all-b2-e10-mc
  candidate 3/11: sync-all-b2-e20-sp
  candidate 4/11: formation-all-b2-e10-mc
  candidate 5/11: formation-all-b2-e20-sp
  candidate 6/11: sync-all-b3-e15-mc
  candidate 7/11: sync-all-b3-e20-sp
  candidate 8/11: formation-all-b3-e15-mc
  candidate 9/11: formation-all-b3-e20-sp
  candidate 10/11: sync-all-b4-e20-mc
  candidate 11/11: formation-all-b4-e20-mc
V44 duty-cycle case 23/32: x36-formation-fov-convoy seed 47
  candidate 1/11: sync-all-b2-e05-nc
  candidate 2/11: sync-all-b2-e10-mc
  candidate 3/11: sync-all-b2-e20-sp
  candidate 4/11: formation-all-b2-e10-mc
  candidate 5/11: formation-all-b2-e20-sp
  candidate 6/11: sync-all-b3-e15-mc
  candidate 7/11: sync-all-b3-e20-sp
  candidate 8/11: formation-all-b3-e15-mc
  candidate 9/11: formation-all-b3-e20-sp
  candidate 10/11: sync-all-b4-e20-mc
  candidate 11/11: formation-all-b4-e20-mc
V44 duty-cycle case 24/32: x36-formation-fov-convoy seed 53
  candidate 1/11: sync-all-b2-e05-nc
  candidate 2/11: sync-all-b2-e10-mc
  candidate 3/11: sync-all-b2-e20-sp
  candidate 4/11: formation-all-b2-e10-mc
  candidate 5/11: formation-all-b2-e20-sp
  candidate 6/11: sync-all-b3-e15-mc
  candidate 7/11: sync-all-b3-e20-sp
  candidate 8/11: formation-all-b3-e15-mc
  candidate 9/11: formation-all-b3-e20-sp
  candidate 10/11: sync-all-b4-e20-mc
  candidate 11/11: formation-all-b4-e20-mc
V44 duty-cycle case 25/32: x36-formation-fov-relay seed 41
  candidate 1/11: sync-all-b2-e05-nc
  candidate 2/11: sync-all-b2-e10-mc
  candidate 3/11: sync-all-b2-e20-sp
  candidate 4/11: formation-all-b2-e10-mc
  candidate 5/11: formation-all-b2-e20-sp
  candidate 6/11: sync-all-b3-e15-mc
  candidate 7/11: sync-all-b3-e20-sp
  candidate 8/11: formation-all-b3-e15-mc
  candidate 9/11: formation-all-b3-e20-sp
  candidate 10/11: sync-all-b4-e20-mc
  candidate 11/11: formation-all-b4-e20-mc
V44 duty-cycle case 26/32: x36-formation-fov-relay seed 43
  candidate 1/11: sync-all-b2-e05-nc
  candidate 2/11: sync-all-b2-e10-mc
  candidate 3/11: sync-all-b2-e20-sp
  candidate 4/11: formation-all-b2-e10-mc
  candidate 5/11: formation-all-b2-e20-sp
  candidate 6/11: sync-all-b3-e15-mc
  candidate 7/11: sync-all-b3-e20-sp
  candidate 8/11: formation-all-b3-e15-mc
  candidate 9/11: formation-all-b3-e20-sp
  candidate 10/11: sync-all-b4-e20-mc
  candidate 11/11: formation-all-b4-e20-mc
V44 duty-cycle case 27/32: x36-formation-fov-relay seed 47
  candidate 1/11: sync-all-b2-e05-nc
  candidate 2/11: sync-all-b2-e10-mc
  candidate 3/11: sync-all-b2-e20-sp
  candidate 4/11: formation-all-b2-e10-mc
  candidate 5/11: formation-all-b2-e20-sp
  candidate 6/11: sync-all-b3-e15-mc
  candidate 7/11: sync-all-b3-e20-sp
  candidate 8/11: formation-all-b3-e15-mc
  candidate 9/11: formation-all-b3-e20-sp
  candidate 10/11: sync-all-b4-e20-mc
  candidate 11/11: formation-all-b4-e20-mc
V44 duty-cycle case 28/32: x36-formation-fov-relay seed 53
  candidate 1/11: sync-all-b2-e05-nc
  candidate 2/11: sync-all-b2-e10-mc
  candidate 3/11: sync-all-b2-e20-sp
  candidate 4/11: formation-all-b2-e10-mc
  candidate 5/11: formation-all-b2-e20-sp
  candidate 6/11: sync-all-b3-e15-mc
  candidate 7/11: sync-all-b3-e20-sp
  candidate 8/11: formation-all-b3-e15-mc
  candidate 9/11: formation-all-b3-e20-sp
  candidate 10/11: sync-all-b4-e20-mc
  candidate 11/11: formation-all-b4-e20-mc
V44 duty-cycle case 29/32: x36-formation-fov-crossing seed 41
  candidate 1/11: sync-all-b2-e05-nc
  candidate 2/11: sync-all-b2-e10-mc
  candidate 3/11: sync-all-b2-e20-sp
  candidate 4/11: formation-all-b2-e10-mc
  candidate 5/11: formation-all-b2-e20-sp
  candidate 6/11: sync-all-b3-e15-mc
  candidate 7/11: sync-all-b3-e20-sp
  candidate 8/11: formation-all-b3-e15-mc
  candidate 9/11: formation-all-b3-e20-sp
  candidate 10/11: sync-all-b4-e20-mc
  candidate 11/11: formation-all-b4-e20-mc
V44 duty-cycle case 30/32: x36-formation-fov-crossing seed 43
  candidate 1/11: sync-all-b2-e05-nc
  candidate 2/11: sync-all-b2-e10-mc
  candidate 3/11: sync-all-b2-e20-sp
  candidate 4/11: formation-all-b2-e10-mc
  candidate 5/11: formation-all-b2-e20-sp
  candidate 6/11: sync-all-b3-e15-mc
  candidate 7/11: sync-all-b3-e20-sp
  candidate 8/11: formation-all-b3-e15-mc
  candidate 9/11: formation-all-b3-e20-sp
  candidate 10/11: sync-all-b4-e20-mc
  candidate 11/11: formation-all-b4-e20-mc
V44 duty-cycle case 31/32: x36-formation-fov-crossing seed 47
  candidate 1/11: sync-all-b2-e05-nc
  candidate 2/11: sync-all-b2-e10-mc
  candidate 3/11: sync-all-b2-e20-sp
  candidate 4/11: formation-all-b2-e10-mc
  candidate 5/11: formation-all-b2-e20-sp
  candidate 6/11: sync-all-b3-e15-mc
  candidate 7/11: sync-all-b3-e20-sp
  candidate 8/11: formation-all-b3-e15-mc
  candidate 9/11: formation-all-b3-e20-sp
  candidate 10/11: sync-all-b4-e20-mc
  candidate 11/11: formation-all-b4-e20-mc
V44 duty-cycle case 32/32: x36-formation-fov-crossing seed 53
  candidate 1/11: sync-all-b2-e05-nc
  candidate 2/11: sync-all-b2-e10-mc
  candidate 3/11: sync-all-b2-e20-sp
  candidate 4/11: formation-all-b2-e10-mc
  candidate 5/11: formation-all-b2-e20-sp
  candidate 6/11: sync-all-b3-e15-mc
  candidate 7/11: sync-all-b3-e20-sp
  candidate 8/11: formation-all-b3-e15-mc
  candidate 9/11: formation-all-b3-e20-sp
  candidate 10/11: sync-all-b4-e20-mc
  candidate 11/11: formation-all-b4-e20-mc
V44 duty-cycle batch complete: /Users/dex/.config/superpowers/worktrees/MULTISENSOR-LMB-FILTERS/v44-residual-duty-cycle/RUN/GA/dynamic_topology/evidence/formation_value_v44/residual_duty_cycle_development_v1/FORMATION_RESIDUAL_DUTY_CYCLE_V44_DEVELOPMENT_V1.md
