WARNING: package sun.awt.X11 not in java.desktop
WARNING: package sun.awt.X11 not in java.desktop
ECR CHECK PASSED: association weighting, miss/opportunity reset, continuous bound, unchanged negative correction and spatial density, one/equal-age identity, source exclusion, censor, packet, exact local-update and ER parity.
STABLE MARKED CHECK PASSED: exact prior-adapter state/W parity, original unity/empty diagnostic parity, unchanged scalar Bayes, exact original fusion-object and record parity for all five arms.
SELECTIVE CHECK PASSED: scalar identity, gated increments, conservative fallback, stale resets, numerical ties, exclusion, censor, spatial parity, association and mark endpoints, 224 B packet round trip.
ASYMMETRIC CHECK PASSED: both evidence signs, opposing scalar endpoints, zero-negative exact SI fallback, single-source/exclusion, stale reset, missed-likelihood contrast and native 232 B round trip.
SINGLE CHECK differences: r 2.6367796834847468e-15 mu 1.7763568394002505e-15 Sigma 0; new/old r 0 mu 0 Sigma 0
GAUSSIAN EVIDENCE CHECK PASSED: centralized Bernoulli Gaussian agreement/conflict, spatial and existence normalization, zero-gate/base and one-source behavior, curvature rejection, aggregate integrability fallback, and native 352 B round trip.
REVIEW CONTROL CHECK PASSED: GS p0/I0 and guarded exponents; fixed ratio equivalence; rejection, stale/single source, aggregate fallback.
DIRECT OBSERVATION CHECK PASSED
OBSERVATION ASSOCIATION CHECK PASSED
PERSISTENT ASSOCIATION CHECK PASSED
COLUMN ASSOCIATION CHECK PASSED
SCREENED ASSOCIATION CHECK PASSED
RANGE DETECTION CHECK PASSED
START REVIEW range_detection_screen 0001 reliable marked_gaussian_evidence_range 114 frames
DONE REVIEW range_detection_screen 0001 reliable marked_gaussian_evidence_range OSPA 3.725010 runtime 2.62s
START REVIEW range_detection_screen 0001 reliable marked_lineage_range 114 frames
DONE REVIEW range_detection_screen 0001 reliable marked_lineage_range OSPA 4.063579 runtime 1.66s
START REVIEW range_detection_screen 0001 reliable marked_gaussian_evidence_guarded_scalar_range 114 frames
DONE REVIEW range_detection_screen 0001 reliable marked_gaussian_evidence_guarded_scalar_range OSPA 3.736285 runtime 1.51s
START REVIEW range_detection_screen 0001 reliable marked_gaussian_evidence_constant 114 frames
DONE REVIEW range_detection_screen 0001 reliable marked_gaussian_evidence_constant OSPA 3.970798 runtime 1.35s
START REVIEW range_detection_screen 0001 reliable marked_lineage_constant 114 frames
DONE REVIEW range_detection_screen 0001 reliable marked_lineage_constant OSPA 3.853148 runtime 1.35s
START REVIEW range_detection_screen 0001 reliable marked_gaussian_evidence_guarded_scalar_constant 114 frames
DONE REVIEW range_detection_screen 0001 reliable marked_gaussian_evidence_guarded_scalar_constant OSPA 3.986458 runtime 1.24s
START REVIEW range_detection_screen 0001 intermittent marked_gaussian_evidence_range 114 frames
DONE REVIEW range_detection_screen 0001 intermittent marked_gaussian_evidence_range OSPA 4.244495 runtime 1.17s
START REVIEW range_detection_screen 0001 intermittent marked_lineage_range 114 frames
DONE REVIEW range_detection_screen 0001 intermittent marked_lineage_range OSPA 4.249463 runtime 1.11s
START REVIEW range_detection_screen 0001 intermittent marked_gaussian_evidence_guarded_scalar_range 114 frames
DONE REVIEW range_detection_screen 0001 intermittent marked_gaussian_evidence_guarded_scalar_range OSPA 4.249366 runtime 1.17s
START REVIEW range_detection_screen 0001 intermittent marked_gaussian_evidence_constant 114 frames
DONE REVIEW range_detection_screen 0001 intermittent marked_gaussian_evidence_constant OSPA 4.439020 runtime 1.05s
START REVIEW range_detection_screen 0001 intermittent marked_lineage_constant 114 frames
DONE REVIEW range_detection_screen 0001 intermittent marked_lineage_constant OSPA 4.518533 runtime 1.07s
START REVIEW range_detection_screen 0001 intermittent marked_gaussian_evidence_guarded_scalar_constant 114 frames
DONE REVIEW range_detection_screen 0001 intermittent marked_gaussian_evidence_guarded_scalar_constant OSPA 4.341280 runtime 1.07s
COMPLETED REVIEW range_detection_screen 0001
