WARNING: package sun.awt.X11 not in java.desktop
WARNING: package sun.awt.X11 not in java.desktop
ECR CHECK PASSED: association weighting, miss/opportunity reset, continuous bound, unchanged negative correction and spatial density, one/equal-age identity, source exclusion, censor, packet, exact local-update and ER parity.
STABLE MARKED CHECK PASSED: exact prior-adapter state/W parity, original unity/empty diagnostic parity, unchanged scalar Bayes, exact original fusion-object and record parity for all five arms.
SELECTIVE CHECK PASSED: scalar identity, gated increments, conservative fallback, stale resets, numerical ties, exclusion, censor, spatial parity, association and mark endpoints, 224 B packet round trip.
ASYMMETRIC CHECK PASSED: both evidence signs, opposing scalar endpoints, zero-negative exact SI fallback, single-source/exclusion, stale reset, missed-likelihood contrast and native 232 B round trip.
SINGLE CHECK differences: r 2.6367796834847468e-15 mu 1.7763568394002505e-15 Sigma 0; new/old r 0 mu 0 Sigma 0
GAUSSIAN EVIDENCE CHECK PASSED: centralized Bernoulli Gaussian agreement/conflict, spatial and existence normalization, zero-gate/base and one-source behavior, curvature rejection, aggregate integrability fallback, and native 352 B round trip.
REVIEW CONTROL CHECK PASSED: GS p0/I0 and guarded exponents; fixed ratio equivalence; rejection, stale/single source, aggregate fallback.
DIRECT OBSERVATION CHECK PASSED
OBSERVATION ASSOCIATION CHECK PASSED
PERSISTENT ASSOCIATION CHECK PASSED
COLUMN ASSOCIATION CHECK PASSED
SCREENED ASSOCIATION CHECK PASSED
RANGE DETECTION CHECK PASSED
START REVIEW range_detection_screen 0004 reliable marked_gaussian_evidence_range 180 frames
DONE REVIEW range_detection_screen 0004 reliable marked_gaussian_evidence_range OSPA 4.918102 runtime 52.38s
START REVIEW range_detection_screen 0004 reliable marked_lineage_range 180 frames
DONE REVIEW range_detection_screen 0004 reliable marked_lineage_range OSPA 4.956034 runtime 50.77s
START REVIEW range_detection_screen 0004 reliable marked_gaussian_evidence_guarded_scalar_range 180 frames
DONE REVIEW range_detection_screen 0004 reliable marked_gaussian_evidence_guarded_scalar_range OSPA 4.929588 runtime 51.93s
START REVIEW range_detection_screen 0004 reliable marked_gaussian_evidence_constant 180 frames
DONE REVIEW range_detection_screen 0004 reliable marked_gaussian_evidence_constant OSPA 4.940461 runtime 73.35s
START REVIEW range_detection_screen 0004 reliable marked_lineage_constant 180 frames
DONE REVIEW range_detection_screen 0004 reliable marked_lineage_constant OSPA 4.952060 runtime 57.95s
START REVIEW range_detection_screen 0004 reliable marked_gaussian_evidence_guarded_scalar_constant 180 frames
DONE REVIEW range_detection_screen 0004 reliable marked_gaussian_evidence_guarded_scalar_constant OSPA 4.937126 runtime 83.53s
START REVIEW range_detection_screen 0004 intermittent marked_gaussian_evidence_range 180 frames
DONE REVIEW range_detection_screen 0004 intermittent marked_gaussian_evidence_range OSPA 4.992999 runtime 43.20s
START REVIEW range_detection_screen 0004 intermittent marked_lineage_range 180 frames
DONE REVIEW range_detection_screen 0004 intermittent marked_lineage_range OSPA 4.997411 runtime 44.85s
START REVIEW range_detection_screen 0004 intermittent marked_gaussian_evidence_guarded_scalar_range 180 frames
DONE REVIEW range_detection_screen 0004 intermittent marked_gaussian_evidence_guarded_scalar_range OSPA 4.984446 runtime 40.57s
START REVIEW range_detection_screen 0004 intermittent marked_gaussian_evidence_constant 180 frames
DONE REVIEW range_detection_screen 0004 intermittent marked_gaussian_evidence_constant OSPA 4.984726 runtime 55.09s
START REVIEW range_detection_screen 0004 intermittent marked_lineage_constant 180 frames
DONE REVIEW range_detection_screen 0004 intermittent marked_lineage_constant OSPA 5.024061 runtime 49.16s
START REVIEW range_detection_screen 0004 intermittent marked_gaussian_evidence_guarded_scalar_constant 180 frames
DONE REVIEW range_detection_screen 0004 intermittent marked_gaussian_evidence_guarded_scalar_constant OSPA 5.004510 runtime 52.75s
COMPLETED REVIEW range_detection_screen 0004
