WARNING: package sun.awt.X11 not in java.desktop
WARNING: package sun.awt.X11 not in java.desktop
ECR CHECK PASSED: association weighting, miss/opportunity reset, continuous bound, unchanged negative correction and spatial density, one/equal-age identity, source exclusion, censor, packet, exact local-update and ER parity.
STABLE MARKED CHECK PASSED: exact prior-adapter state/W parity, original unity/empty diagnostic parity, unchanged scalar Bayes, exact original fusion-object and record parity for all five arms.
SELECTIVE CHECK PASSED: scalar identity, gated increments, conservative fallback, stale resets, numerical ties, exclusion, censor, spatial parity, association and mark endpoints, 224 B packet round trip.
ASYMMETRIC CHECK PASSED: both evidence signs, opposing scalar endpoints, zero-negative exact SI fallback, single-source/exclusion, stale reset, missed-likelihood contrast and native 232 B round trip.
SINGLE CHECK differences: r 2.6367796834847468e-15 mu 1.7763568394002505e-15 Sigma 0; new/old r 0 mu 0 Sigma 0
GAUSSIAN EVIDENCE CHECK PASSED: centralized Bernoulli Gaussian agreement/conflict, spatial and existence normalization, zero-gate/base and one-source behavior, curvature rejection, aggregate integrability fallback, and native 352 B round trip.
REVIEW CONTROL CHECK PASSED: GS p0/I0 and guarded exponents; fixed ratio equivalence; rejection, stale/single source, aggregate fallback.
DIRECT OBSERVATION CHECK PASSED
OBSERVATION ASSOCIATION CHECK PASSED
PERSISTENT ASSOCIATION CHECK PASSED
COLUMN ASSOCIATION CHECK PASSED
SCREENED ASSOCIATION CHECK PASSED
RANGE DETECTION CHECK PASSED
START REVIEW range_detection_screen 0007 reliable marked_gaussian_evidence_range 221 frames
DONE REVIEW range_detection_screen 0007 reliable marked_gaussian_evidence_range OSPA 2.909702 runtime 23.97s
START REVIEW range_detection_screen 0007 reliable marked_lineage_range 221 frames
DONE REVIEW range_detection_screen 0007 reliable marked_lineage_range OSPA 3.145308 runtime 34.56s
START REVIEW range_detection_screen 0007 reliable marked_gaussian_evidence_guarded_scalar_range 221 frames
DONE REVIEW range_detection_screen 0007 reliable marked_gaussian_evidence_guarded_scalar_range OSPA 3.075485 runtime 26.84s
START REVIEW range_detection_screen 0007 reliable marked_gaussian_evidence_constant 221 frames
DONE REVIEW range_detection_screen 0007 reliable marked_gaussian_evidence_constant OSPA 3.166960 runtime 22.20s
START REVIEW range_detection_screen 0007 reliable marked_lineage_constant 221 frames
DONE REVIEW range_detection_screen 0007 reliable marked_lineage_constant OSPA 3.201820 runtime 45.40s
START REVIEW range_detection_screen 0007 reliable marked_gaussian_evidence_guarded_scalar_constant 221 frames
DONE REVIEW range_detection_screen 0007 reliable marked_gaussian_evidence_guarded_scalar_constant OSPA 3.115759 runtime 33.04s
START REVIEW range_detection_screen 0007 intermittent marked_gaussian_evidence_range 221 frames
DONE REVIEW range_detection_screen 0007 intermittent marked_gaussian_evidence_range OSPA 3.582143 runtime 19.69s
START REVIEW range_detection_screen 0007 intermittent marked_lineage_range 221 frames
DONE REVIEW range_detection_screen 0007 intermittent marked_lineage_range OSPA 3.880936 runtime 30.81s
START REVIEW range_detection_screen 0007 intermittent marked_gaussian_evidence_guarded_scalar_range 221 frames
DONE REVIEW range_detection_screen 0007 intermittent marked_gaussian_evidence_guarded_scalar_range OSPA 3.671094 runtime 24.09s
START REVIEW range_detection_screen 0007 intermittent marked_gaussian_evidence_constant 221 frames
DONE REVIEW range_detection_screen 0007 intermittent marked_gaussian_evidence_constant OSPA 3.749652 runtime 21.29s
START REVIEW range_detection_screen 0007 intermittent marked_lineage_constant 221 frames
DONE REVIEW range_detection_screen 0007 intermittent marked_lineage_constant OSPA 4.273255 runtime 35.15s
START REVIEW range_detection_screen 0007 intermittent marked_gaussian_evidence_guarded_scalar_constant 221 frames
DONE REVIEW range_detection_screen 0007 intermittent marked_gaussian_evidence_guarded_scalar_constant OSPA 3.723524 runtime 30.76s
COMPLETED REVIEW range_detection_screen 0007
