WARNING: package sun.awt.X11 not in java.desktop
WARNING: package sun.awt.X11 not in java.desktop
ECR CHECK PASSED: association weighting, miss/opportunity reset, continuous bound, unchanged negative correction and spatial density, one/equal-age identity, source exclusion, censor, packet, exact local-update and ER parity.
STABLE MARKED CHECK PASSED: exact prior-adapter state/W parity, original unity/empty diagnostic parity, unchanged scalar Bayes, exact original fusion-object and record parity for all five arms.
SELECTIVE CHECK PASSED: scalar identity, gated increments, conservative fallback, stale resets, numerical ties, exclusion, censor, spatial parity, association and mark endpoints, 224 B packet round trip.
ASYMMETRIC CHECK PASSED: both evidence signs, opposing scalar endpoints, zero-negative exact SI fallback, single-source/exclusion, stale reset, missed-likelihood contrast and native 232 B round trip.
SINGLE CHECK differences: r 2.6367796834847468e-15 mu 1.7763568394002505e-15 Sigma 0; new/old r 0 mu 0 Sigma 0
GAUSSIAN EVIDENCE CHECK PASSED: centralized Bernoulli Gaussian agreement/conflict, spatial and existence normalization, zero-gate/base and one-source behavior, curvature rejection, aggregate integrability fallback, and native 352 B round trip.
REVIEW CONTROL CHECK PASSED: GS p0/I0 and guarded exponents; fixed ratio equivalence; rejection, stale/single source, aggregate fallback.
DIRECT OBSERVATION CHECK PASSED
OBSERVATION ASSOCIATION CHECK PASSED
PERSISTENT ASSOCIATION CHECK PASSED
COLUMN ASSOCIATION CHECK PASSED
SCREENED ASSOCIATION CHECK PASSED
RANGE DETECTION CHECK PASSED
START REVIEW range_detection_screen 0008 reliable marked_gaussian_evidence_range 375 frames
DONE REVIEW range_detection_screen 0008 reliable marked_gaussian_evidence_range OSPA 0.824900 runtime 38.40s
START REVIEW range_detection_screen 0008 reliable marked_lineage_range 375 frames
DONE REVIEW range_detection_screen 0008 reliable marked_lineage_range OSPA 0.862659 runtime 24.64s
START REVIEW range_detection_screen 0008 reliable marked_gaussian_evidence_guarded_scalar_range 375 frames
DONE REVIEW range_detection_screen 0008 reliable marked_gaussian_evidence_guarded_scalar_range OSPA 0.825023 runtime 27.77s
START REVIEW range_detection_screen 0008 reliable marked_gaussian_evidence_constant 375 frames
DONE REVIEW range_detection_screen 0008 reliable marked_gaussian_evidence_constant OSPA 0.862897 runtime 49.18s
START REVIEW range_detection_screen 0008 reliable marked_lineage_constant 375 frames
DONE REVIEW range_detection_screen 0008 reliable marked_lineage_constant OSPA 0.837457 runtime 35.76s
START REVIEW range_detection_screen 0008 reliable marked_gaussian_evidence_guarded_scalar_constant 375 frames
DONE REVIEW range_detection_screen 0008 reliable marked_gaussian_evidence_guarded_scalar_constant OSPA 0.814695 runtime 33.29s
START REVIEW range_detection_screen 0008 intermittent marked_gaussian_evidence_range 375 frames
DONE REVIEW range_detection_screen 0008 intermittent marked_gaussian_evidence_range OSPA 0.958316 runtime 28.61s
START REVIEW range_detection_screen 0008 intermittent marked_lineage_range 375 frames
DONE REVIEW range_detection_screen 0008 intermittent marked_lineage_range OSPA 0.989181 runtime 23.41s
START REVIEW range_detection_screen 0008 intermittent marked_gaussian_evidence_guarded_scalar_range 375 frames
DONE REVIEW range_detection_screen 0008 intermittent marked_gaussian_evidence_guarded_scalar_range OSPA 0.925857 runtime 27.23s
START REVIEW range_detection_screen 0008 intermittent marked_gaussian_evidence_constant 375 frames
DONE REVIEW range_detection_screen 0008 intermittent marked_gaussian_evidence_constant OSPA 0.979695 runtime 59.59s
START REVIEW range_detection_screen 0008 intermittent marked_lineage_constant 375 frames
DONE REVIEW range_detection_screen 0008 intermittent marked_lineage_constant OSPA 0.986447 runtime 42.89s
START REVIEW range_detection_screen 0008 intermittent marked_gaussian_evidence_guarded_scalar_constant 375 frames
DONE REVIEW range_detection_screen 0008 intermittent marked_gaussian_evidence_guarded_scalar_constant OSPA 0.959890 runtime 41.27s
COMPLETED REVIEW range_detection_screen 0008
