WARNING: package sun.awt.X11 not in java.desktop
WARNING: package sun.awt.X11 not in java.desktop
ECR CHECK PASSED: association weighting, miss/opportunity reset, continuous bound, unchanged negative correction and spatial density, one/equal-age identity, source exclusion, censor, packet, exact local-update and ER parity.
STABLE MARKED CHECK PASSED: exact prior-adapter state/W parity, original unity/empty diagnostic parity, unchanged scalar Bayes, exact original fusion-object and record parity for all five arms.
SELECTIVE CHECK PASSED: scalar identity, gated increments, conservative fallback, stale resets, numerical ties, exclusion, censor, spatial parity, association and mark endpoints, 224 B packet round trip.
ASYMMETRIC CHECK PASSED: both evidence signs, opposing scalar endpoints, zero-negative exact SI fallback, single-source/exclusion, stale reset, missed-likelihood contrast and native 232 B round trip.
SINGLE CHECK differences: r 2.6367796834847468e-15 mu 1.7763568394002505e-15 Sigma 0; new/old r 0 mu 0 Sigma 0
GAUSSIAN EVIDENCE CHECK PASSED: centralized Bernoulli Gaussian agreement/conflict, spatial and existence normalization, zero-gate/base and one-source behavior, curvature rejection, aggregate integrability fallback, and native 352 B round trip.
REVIEW CONTROL CHECK PASSED: GS p0/I0 and guarded exponents; fixed ratio equivalence; rejection, stale/single source, aggregate fallback.
DIRECT OBSERVATION CHECK PASSED
OBSERVATION ASSOCIATION CHECK PASSED
PERSISTENT ASSOCIATION CHECK PASSED
COLUMN ASSOCIATION CHECK PASSED
SCREENED ASSOCIATION CHECK PASSED
RANGE DETECTION CHECK PASSED
START REVIEW range_detection_screen v2x_0001 reliable marked_gaussian_evidence_range 131 frames
DONE REVIEW range_detection_screen v2x_0001 reliable marked_gaussian_evidence_range OSPA 9.669331 runtime 7.51s
START REVIEW range_detection_screen v2x_0001 reliable marked_lineage_range 131 frames
DONE REVIEW range_detection_screen v2x_0001 reliable marked_lineage_range OSPA 9.468711 runtime 7.13s
START REVIEW range_detection_screen v2x_0001 reliable marked_gaussian_evidence_guarded_scalar_range 131 frames
DONE REVIEW range_detection_screen v2x_0001 reliable marked_gaussian_evidence_guarded_scalar_range OSPA 9.662408 runtime 5.91s
START REVIEW range_detection_screen v2x_0001 reliable marked_gaussian_evidence_constant 131 frames
DONE REVIEW range_detection_screen v2x_0001 reliable marked_gaussian_evidence_constant OSPA 9.544366 runtime 4.78s
START REVIEW range_detection_screen v2x_0001 reliable marked_lineage_constant 131 frames
DONE REVIEW range_detection_screen v2x_0001 reliable marked_lineage_constant OSPA 9.303040 runtime 5.75s
START REVIEW range_detection_screen v2x_0001 reliable marked_gaussian_evidence_guarded_scalar_constant 131 frames
DONE REVIEW range_detection_screen v2x_0001 reliable marked_gaussian_evidence_guarded_scalar_constant OSPA 9.567361 runtime 3.84s
START REVIEW range_detection_screen v2x_0001 intermittent marked_gaussian_evidence_range 131 frames
DONE REVIEW range_detection_screen v2x_0001 intermittent marked_gaussian_evidence_range OSPA 9.615585 runtime 3.91s
START REVIEW range_detection_screen v2x_0001 intermittent marked_lineage_range 131 frames
DONE REVIEW range_detection_screen v2x_0001 intermittent marked_lineage_range OSPA 9.652132 runtime 7.30s
START REVIEW range_detection_screen v2x_0001 intermittent marked_gaussian_evidence_guarded_scalar_range 131 frames
DONE REVIEW range_detection_screen v2x_0001 intermittent marked_gaussian_evidence_guarded_scalar_range OSPA 9.583034 runtime 3.99s
START REVIEW range_detection_screen v2x_0001 intermittent marked_gaussian_evidence_constant 131 frames
DONE REVIEW range_detection_screen v2x_0001 intermittent marked_gaussian_evidence_constant OSPA 9.609702 runtime 3.81s
START REVIEW range_detection_screen v2x_0001 intermittent marked_lineage_constant 131 frames
DONE REVIEW range_detection_screen v2x_0001 intermittent marked_lineage_constant OSPA 9.481609 runtime 4.17s
START REVIEW range_detection_screen v2x_0001 intermittent marked_gaussian_evidence_guarded_scalar_constant 131 frames
DONE REVIEW range_detection_screen v2x_0001 intermittent marked_gaussian_evidence_guarded_scalar_constant OSPA 9.618908 runtime 3.69s
COMPLETED REVIEW range_detection_screen v2x_0001
