WARNING: package sun.awt.X11 not in java.desktop
WARNING: package sun.awt.X11 not in java.desktop
ECR CHECK PASSED: association weighting, miss/opportunity reset, continuous bound, unchanged negative correction and spatial density, one/equal-age identity, source exclusion, censor, packet, exact local-update and ER parity.
STABLE MARKED CHECK PASSED: exact prior-adapter state/W parity, original unity/empty diagnostic parity, unchanged scalar Bayes, exact original fusion-object and record parity for all five arms.
SELECTIVE CHECK PASSED: scalar identity, gated increments, conservative fallback, stale resets, numerical ties, exclusion, censor, spatial parity, association and mark endpoints, 224 B packet round trip.
ASYMMETRIC CHECK PASSED: both evidence signs, opposing scalar endpoints, zero-negative exact SI fallback, single-source/exclusion, stale reset, missed-likelihood contrast and native 232 B round trip.
SINGLE CHECK differences: r 2.6367796834847468e-15 mu 1.7763568394002505e-15 Sigma 0; new/old r 0 mu 0 Sigma 0
GAUSSIAN EVIDENCE CHECK PASSED: centralized Bernoulli Gaussian agreement/conflict, spatial and existence normalization, zero-gate/base and one-source behavior, curvature rejection, aggregate integrability fallback, and native 352 B round trip.
REVIEW CONTROL CHECK PASSED: GS p0/I0 and guarded exponents; fixed ratio equivalence; rejection, stale/single source, aggregate fallback.
DIRECT OBSERVATION CHECK PASSED
OBSERVATION ASSOCIATION CHECK PASSED
PERSISTENT ASSOCIATION CHECK PASSED
COLUMN ASSOCIATION CHECK PASSED
SCREENED ASSOCIATION CHECK PASSED
RANGE DETECTION CHECK PASSED
START REVIEW range_detection_screen v2x_0003 reliable marked_gaussian_evidence_range 128 frames
DONE REVIEW range_detection_screen v2x_0003 reliable marked_gaussian_evidence_range OSPA 8.032114 runtime 8.70s
START REVIEW range_detection_screen v2x_0003 reliable marked_lineage_range 128 frames
DONE REVIEW range_detection_screen v2x_0003 reliable marked_lineage_range OSPA 8.563423 runtime 8.76s
START REVIEW range_detection_screen v2x_0003 reliable marked_gaussian_evidence_guarded_scalar_range 128 frames
DONE REVIEW range_detection_screen v2x_0003 reliable marked_gaussian_evidence_guarded_scalar_range OSPA 7.857107 runtime 6.45s
START REVIEW range_detection_screen v2x_0003 reliable marked_gaussian_evidence_constant 128 frames
DONE REVIEW range_detection_screen v2x_0003 reliable marked_gaussian_evidence_constant OSPA 7.282305 runtime 5.79s
START REVIEW range_detection_screen v2x_0003 reliable marked_lineage_constant 128 frames
DONE REVIEW range_detection_screen v2x_0003 reliable marked_lineage_constant OSPA 7.941399 runtime 6.82s
START REVIEW range_detection_screen v2x_0003 reliable marked_gaussian_evidence_guarded_scalar_constant 128 frames
DONE REVIEW range_detection_screen v2x_0003 reliable marked_gaussian_evidence_guarded_scalar_constant OSPA 7.570958 runtime 6.07s
START REVIEW range_detection_screen v2x_0003 intermittent marked_gaussian_evidence_range 128 frames
DONE REVIEW range_detection_screen v2x_0003 intermittent marked_gaussian_evidence_range OSPA 7.609455 runtime 5.40s
START REVIEW range_detection_screen v2x_0003 intermittent marked_lineage_range 128 frames
DONE REVIEW range_detection_screen v2x_0003 intermittent marked_lineage_range OSPA 7.980426 runtime 6.58s
START REVIEW range_detection_screen v2x_0003 intermittent marked_gaussian_evidence_guarded_scalar_range 128 frames
DONE REVIEW range_detection_screen v2x_0003 intermittent marked_gaussian_evidence_guarded_scalar_range OSPA 7.810983 runtime 5.45s
START REVIEW range_detection_screen v2x_0003 intermittent marked_gaussian_evidence_constant 128 frames
DONE REVIEW range_detection_screen v2x_0003 intermittent marked_gaussian_evidence_constant OSPA 7.357330 runtime 5.25s
START REVIEW range_detection_screen v2x_0003 intermittent marked_lineage_constant 128 frames
DONE REVIEW range_detection_screen v2x_0003 intermittent marked_lineage_constant OSPA 7.472684 runtime 5.26s
START REVIEW range_detection_screen v2x_0003 intermittent marked_gaussian_evidence_guarded_scalar_constant 128 frames
DONE REVIEW range_detection_screen v2x_0003 intermittent marked_gaussian_evidence_guarded_scalar_constant OSPA 7.495641 runtime 5.03s
COMPLETED REVIEW range_detection_screen v2x_0003
