WARNING: package sun.awt.X11 not in java.desktop
WARNING: package sun.awt.X11 not in java.desktop
ECR CHECK PASSED: association weighting, miss/opportunity reset, continuous bound, unchanged negative correction and spatial density, one/equal-age identity, source exclusion, censor, packet, exact local-update and ER parity.
STABLE MARKED CHECK PASSED: exact prior-adapter state/W parity, original unity/empty diagnostic parity, unchanged scalar Bayes, exact original fusion-object and record parity for all five arms.
SELECTIVE CHECK PASSED: scalar identity, gated increments, conservative fallback, stale resets, numerical ties, exclusion, censor, spatial parity, association and mark endpoints, 224 B packet round trip.
ASYMMETRIC CHECK PASSED: both evidence signs, opposing scalar endpoints, zero-negative exact SI fallback, single-source/exclusion, stale reset, missed-likelihood contrast and native 232 B round trip.
SINGLE CHECK differences: r 2.6367796834847468e-15 mu 1.7763568394002505e-15 Sigma 0; new/old r 0 mu 0 Sigma 0
GAUSSIAN EVIDENCE CHECK PASSED: centralized Bernoulli Gaussian agreement/conflict, spatial and existence normalization, zero-gate/base and one-source behavior, curvature rejection, aggregate integrability fallback, and native 352 B round trip.
REVIEW CONTROL CHECK PASSED: GS p0/I0 and guarded exponents; fixed ratio equivalence; rejection, stale/single source, aggregate fallback.
DIRECT OBSERVATION CHECK PASSED
OBSERVATION ASSOCIATION CHECK PASSED
PERSISTENT ASSOCIATION CHECK PASSED
COLUMN ASSOCIATION CHECK PASSED
SCREENED ASSOCIATION CHECK PASSED
RANGE DETECTION CHECK PASSED
START REVIEW range_detection_screen v2x_0002 reliable marked_gaussian_evidence_range 140 frames
DONE REVIEW range_detection_screen v2x_0002 reliable marked_gaussian_evidence_range OSPA 8.893339 runtime 12.60s
START REVIEW range_detection_screen v2x_0002 reliable marked_lineage_range 140 frames
DONE REVIEW range_detection_screen v2x_0002 reliable marked_lineage_range OSPA 8.576889 runtime 13.57s
START REVIEW range_detection_screen v2x_0002 reliable marked_gaussian_evidence_guarded_scalar_range 140 frames
DONE REVIEW range_detection_screen v2x_0002 reliable marked_gaussian_evidence_guarded_scalar_range OSPA 8.977981 runtime 10.82s
START REVIEW range_detection_screen v2x_0002 reliable marked_gaussian_evidence_constant 140 frames
DONE REVIEW range_detection_screen v2x_0002 reliable marked_gaussian_evidence_constant OSPA 9.140220 runtime 5.26s
START REVIEW range_detection_screen v2x_0002 reliable marked_lineage_constant 140 frames
DONE REVIEW range_detection_screen v2x_0002 reliable marked_lineage_constant OSPA 9.048410 runtime 15.70s
START REVIEW range_detection_screen v2x_0002 reliable marked_gaussian_evidence_guarded_scalar_constant 140 frames
DONE REVIEW range_detection_screen v2x_0002 reliable marked_gaussian_evidence_guarded_scalar_constant OSPA 9.279920 runtime 4.78s
START REVIEW range_detection_screen v2x_0002 intermittent marked_gaussian_evidence_range 140 frames
DONE REVIEW range_detection_screen v2x_0002 intermittent marked_gaussian_evidence_range OSPA 8.964052 runtime 7.21s
START REVIEW range_detection_screen v2x_0002 intermittent marked_lineage_range 140 frames
DONE REVIEW range_detection_screen v2x_0002 intermittent marked_lineage_range OSPA 8.746469 runtime 9.02s
START REVIEW range_detection_screen v2x_0002 intermittent marked_gaussian_evidence_guarded_scalar_range 140 frames
DONE REVIEW range_detection_screen v2x_0002 intermittent marked_gaussian_evidence_guarded_scalar_range OSPA 8.906602 runtime 7.02s
START REVIEW range_detection_screen v2x_0002 intermittent marked_gaussian_evidence_constant 140 frames
DONE REVIEW range_detection_screen v2x_0002 intermittent marked_gaussian_evidence_constant OSPA 9.033483 runtime 3.73s
START REVIEW range_detection_screen v2x_0002 intermittent marked_lineage_constant 140 frames
DONE REVIEW range_detection_screen v2x_0002 intermittent marked_lineage_constant OSPA 8.951425 runtime 11.13s
START REVIEW range_detection_screen v2x_0002 intermittent marked_gaussian_evidence_guarded_scalar_constant 140 frames
DONE REVIEW range_detection_screen v2x_0002 intermittent marked_gaussian_evidence_guarded_scalar_constant OSPA 9.085342 runtime 3.94s
COMPLETED REVIEW range_detection_screen v2x_0002
