WARNING: package sun.awt.X11 not in java.desktop
WARNING: package sun.awt.X11 not in java.desktop
ECR CHECK PASSED: association weighting, miss/opportunity reset, continuous bound, unchanged negative correction and spatial density, one/equal-age identity, source exclusion, censor, packet, exact local-update and ER parity.
STABLE MARKED CHECK PASSED: exact prior-adapter state/W parity, original unity/empty diagnostic parity, unchanged scalar Bayes, exact original fusion-object and record parity for all five arms.
SELECTIVE CHECK PASSED: scalar identity, gated increments, conservative fallback, stale resets, numerical ties, exclusion, censor, spatial parity, association and mark endpoints, 224 B packet round trip.
ASYMMETRIC CHECK PASSED: both evidence signs, opposing scalar endpoints, zero-negative exact SI fallback, single-source/exclusion, stale reset, missed-likelihood contrast and native 232 B round trip.
SINGLE CHECK differences: r 2.6367796834847468e-15 mu 1.7763568394002505e-15 Sigma 0; new/old r 0 mu 0 Sigma 0
GAUSSIAN EVIDENCE CHECK PASSED: centralized Bernoulli Gaussian agreement/conflict, spatial and existence normalization, zero-gate/base and one-source behavior, curvature rejection, aggregate integrability fallback, and native 352 B round trip.
REVIEW CONTROL CHECK PASSED: GS p0/I0 and guarded exponents; fixed ratio equivalence; rejection, stale/single source, aggregate fallback.
DIRECT OBSERVATION CHECK PASSED
OBSERVATION ASSOCIATION CHECK PASSED
PERSISTENT ASSOCIATION CHECK PASSED
COLUMN ASSOCIATION CHECK PASSED
SCREENED ASSOCIATION CHECK PASSED
RANGE DETECTION CHECK PASSED
START REVIEW range_detection_screen v2x_0000 reliable marked_gaussian_evidence_range 104 frames
DONE REVIEW range_detection_screen v2x_0000 reliable marked_gaussian_evidence_range OSPA 9.627528 runtime 4.40s
START REVIEW range_detection_screen v2x_0000 reliable marked_lineage_range 104 frames
DONE REVIEW range_detection_screen v2x_0000 reliable marked_lineage_range OSPA 9.699353 runtime 2.46s
START REVIEW range_detection_screen v2x_0000 reliable marked_gaussian_evidence_guarded_scalar_range 104 frames
DONE REVIEW range_detection_screen v2x_0000 reliable marked_gaussian_evidence_guarded_scalar_range OSPA 9.620492 runtime 2.28s
START REVIEW range_detection_screen v2x_0000 reliable marked_gaussian_evidence_constant 104 frames
DONE REVIEW range_detection_screen v2x_0000 reliable marked_gaussian_evidence_constant OSPA 9.682010 runtime 1.89s
START REVIEW range_detection_screen v2x_0000 reliable marked_lineage_constant 104 frames
DONE REVIEW range_detection_screen v2x_0000 reliable marked_lineage_constant OSPA 9.720507 runtime 1.80s
START REVIEW range_detection_screen v2x_0000 reliable marked_gaussian_evidence_guarded_scalar_constant 104 frames
DONE REVIEW range_detection_screen v2x_0000 reliable marked_gaussian_evidence_guarded_scalar_constant OSPA 9.700471 runtime 1.91s
START REVIEW range_detection_screen v2x_0000 intermittent marked_gaussian_evidence_range 104 frames
DONE REVIEW range_detection_screen v2x_0000 intermittent marked_gaussian_evidence_range OSPA 9.737266 runtime 1.70s
START REVIEW range_detection_screen v2x_0000 intermittent marked_lineage_range 104 frames
DONE REVIEW range_detection_screen v2x_0000 intermittent marked_lineage_range OSPA 9.755976 runtime 1.53s
START REVIEW range_detection_screen v2x_0000 intermittent marked_gaussian_evidence_guarded_scalar_range 104 frames
DONE REVIEW range_detection_screen v2x_0000 intermittent marked_gaussian_evidence_guarded_scalar_range OSPA 9.733136 runtime 1.54s
START REVIEW range_detection_screen v2x_0000 intermittent marked_gaussian_evidence_constant 104 frames
DONE REVIEW range_detection_screen v2x_0000 intermittent marked_gaussian_evidence_constant OSPA 9.697894 runtime 1.43s
START REVIEW range_detection_screen v2x_0000 intermittent marked_lineage_constant 104 frames
DONE REVIEW range_detection_screen v2x_0000 intermittent marked_lineage_constant OSPA 9.771572 runtime 1.59s
START REVIEW range_detection_screen v2x_0000 intermittent marked_gaussian_evidence_guarded_scalar_constant 104 frames
DONE REVIEW range_detection_screen v2x_0000 intermittent marked_gaussian_evidence_guarded_scalar_constant OSPA 9.703060 runtime 1.34s
COMPLETED REVIEW range_detection_screen v2x_0000
